Archive member included to satisfy reference by file (symbol)

c:/progra~1/raspbe~1/picosd~1.1/gcc-ar~1/bin/../lib/gcc/arm-none-eabi/10.3.1/thumb/v6-m/nofp\libgcc.a(_dvmd_tls.o)
                              Tablero/CMakeFiles/Lavadora.dir/C_/Program_Files/Raspberry_Pi/Pico_SDK_v1.5.1/pico-sdk/src/rp2_common/pico_divider/divider.S.obj (__aeabi_idiv0)
c:/progra~1/raspbe~1/picosd~1.1/gcc-ar~1/bin/../lib/gcc/arm-none-eabi/10.3.1/../../../../arm-none-eabi/lib/thumb/v6-m/nofp\libg.a(lib_a-calloc.o)
                              Tablero/CMakeFiles/Lavadora.dir/C_/Program_Files/Raspberry_Pi/Pico_SDK_v1.5.1/pico-sdk/src/rp2_common/pico_malloc/pico_malloc.c.obj (calloc)
c:/progra~1/raspbe~1/picosd~1.1/gcc-ar~1/bin/../lib/gcc/arm-none-eabi/10.3.1/../../../../arm-none-eabi/lib/thumb/v6-m/nofp\libg.a(lib_a-callocr.o)
                              c:/progra~1/raspbe~1/picosd~1.1/gcc-ar~1/bin/../lib/gcc/arm-none-eabi/10.3.1/../../../../arm-none-eabi/lib/thumb/v6-m/nofp\libg.a(lib_a-calloc.o) (_calloc_r)
c:/progra~1/raspbe~1/picosd~1.1/gcc-ar~1/bin/../lib/gcc/arm-none-eabi/10.3.1/../../../../arm-none-eabi/lib/thumb/v6-m/nofp\libg.a(lib_a-errno.o)
                              c:/progra~1/raspbe~1/picosd~1.1/gcc-ar~1/bin/../lib/gcc/arm-none-eabi/10.3.1/../../../../arm-none-eabi/lib/thumb/v6-m/nofp\libg.a(lib_a-callocr.o) (__errno)
c:/progra~1/raspbe~1/picosd~1.1/gcc-ar~1/bin/../lib/gcc/arm-none-eabi/10.3.1/../../../../arm-none-eabi/lib/thumb/v6-m/nofp\libg.a(lib_a-impure.o)
                              c:/progra~1/raspbe~1/picosd~1.1/gcc-ar~1/bin/../lib/gcc/arm-none-eabi/10.3.1/../../../../arm-none-eabi/lib/thumb/v6-m/nofp\libg.a(lib_a-calloc.o) (_impure_ptr)
c:/progra~1/raspbe~1/picosd~1.1/gcc-ar~1/bin/../lib/gcc/arm-none-eabi/10.3.1/../../../../arm-none-eabi/lib/thumb/v6-m/nofp\libg.a(lib_a-init.o)
                              c:/progra~1/raspbe~1/picosd~1.1/gcc-ar~1/bin/../lib/gcc/arm-none-eabi/10.3.1/../../../../arm-none-eabi/lib/thumb/v6-m/nofp/crt0.o (__libc_init_array)
c:/progra~1/raspbe~1/picosd~1.1/gcc-ar~1/bin/../lib/gcc/arm-none-eabi/10.3.1/../../../../arm-none-eabi/lib/thumb/v6-m/nofp\libg.a(lib_a-malloc.o)
                              Tablero/CMakeFiles/Lavadora.dir/C_/Program_Files/Raspberry_Pi/Pico_SDK_v1.5.1/pico-sdk/src/rp2_common/pico_malloc/pico_malloc.c.obj (malloc)
c:/progra~1/raspbe~1/picosd~1.1/gcc-ar~1/bin/../lib/gcc/arm-none-eabi/10.3.1/../../../../arm-none-eabi/lib/thumb/v6-m/nofp\libg.a(lib_a-mallocr.o)
                              c:/progra~1/raspbe~1/picosd~1.1/gcc-ar~1/bin/../lib/gcc/arm-none-eabi/10.3.1/../../../../arm-none-eabi/lib/thumb/v6-m/nofp\libg.a(lib_a-callocr.o) (_malloc_r)
c:/progra~1/raspbe~1/picosd~1.1/gcc-ar~1/bin/../lib/gcc/arm-none-eabi/10.3.1/../../../../arm-none-eabi/lib/thumb/v6-m/nofp\libg.a(lib_a-mlock.o)
                              c:/progra~1/raspbe~1/picosd~1.1/gcc-ar~1/bin/../lib/gcc/arm-none-eabi/10.3.1/../../../../arm-none-eabi/lib/thumb/v6-m/nofp\libg.a(lib_a-mallocr.o) (__malloc_lock)
c:/progra~1/raspbe~1/picosd~1.1/gcc-ar~1/bin/../lib/gcc/arm-none-eabi/10.3.1/../../../../arm-none-eabi/lib/thumb/v6-m/nofp\libg.a(lib_a-realloc.o)
                              Tablero/CMakeFiles/Lavadora.dir/C_/Program_Files/Raspberry_Pi/Pico_SDK_v1.5.1/pico-sdk/src/rp2_common/pico_malloc/pico_malloc.c.obj (realloc)
c:/progra~1/raspbe~1/picosd~1.1/gcc-ar~1/bin/../lib/gcc/arm-none-eabi/10.3.1/../../../../arm-none-eabi/lib/thumb/v6-m/nofp\libg.a(lib_a-reallocr.o)
                              c:/progra~1/raspbe~1/picosd~1.1/gcc-ar~1/bin/../lib/gcc/arm-none-eabi/10.3.1/../../../../arm-none-eabi/lib/thumb/v6-m/nofp\libg.a(lib_a-realloc.o) (_realloc_r)
c:/progra~1/raspbe~1/picosd~1.1/gcc-ar~1/bin/../lib/gcc/arm-none-eabi/10.3.1/../../../../arm-none-eabi/lib/thumb/v6-m/nofp\libg.a(lib_a-sbrkr.o)
                              c:/progra~1/raspbe~1/picosd~1.1/gcc-ar~1/bin/../lib/gcc/arm-none-eabi/10.3.1/../../../../arm-none-eabi/lib/thumb/v6-m/nofp\libg.a(lib_a-mallocr.o) (_sbrk_r)
c:/progra~1/raspbe~1/picosd~1.1/gcc-ar~1/bin/../lib/gcc/arm-none-eabi/10.3.1/../../../../arm-none-eabi/lib/thumb/v6-m/nofp\libg.a(lib_a-strlen-stub.o)
                              Tablero/CMakeFiles/Lavadora.dir/C_/Program_Files/Raspberry_Pi/Pico_SDK_v1.5.1/pico-sdk/src/rp2_common/pico_stdio/stdio.c.obj (strlen)
c:/progra~1/raspbe~1/picosd~1.1/gcc-ar~1/bin/../lib/gcc/arm-none-eabi/10.3.1/../../../../arm-none-eabi/lib/thumb/v6-m/nofp\libg.a(lib_a-freer.o)
                              c:/progra~1/raspbe~1/picosd~1.1/gcc-ar~1/bin/../lib/gcc/arm-none-eabi/10.3.1/../../../../arm-none-eabi/lib/thumb/v6-m/nofp\libg.a(lib_a-malloc.o) (_free_r)
c:/progra~1/raspbe~1/picosd~1.1/gcc-ar~1/bin/../lib/gcc/arm-none-eabi/10.3.1/../../../../arm-none-eabi/lib/thumb/v6-m/nofp\libg.a(lib_a-lock.o)
                              c:/progra~1/raspbe~1/picosd~1.1/gcc-ar~1/bin/../lib/gcc/arm-none-eabi/10.3.1/../../../../arm-none-eabi/lib/thumb/v6-m/nofp\libg.a(lib_a-mlock.o) (__retarget_lock_acquire_recursive)
[...]
Memory Configuration

Name             Origin             Length             Attributes
FLASH            0x10000000         0x00200000         xr
RAM              0x20000000         0x00040000         xrw
SCRATCH_X        0x20040000         0x00001000         xrw
SCRATCH_Y        0x20041000         0x00001000         xrw
*default*        0x00000000         0xffffffff

Linker script and memory map

LOAD c:/progra~1/raspbe~1/picosd~1.1/gcc-ar~1/bin/../lib/gcc/arm-none-eabi/10.3.1/thumb/v6-m/nofp/crti.o
LOAD c:/progra~1/raspbe~1/picosd~1.1/gcc-ar~1/bin/../lib/gcc/arm-none-eabi/10.3.1/thumb/v6-m/nofp/crtbegin.o
LOAD c:/progra~1/raspbe~1/picosd~1.1/gcc-ar~1/bin/../lib/gcc/arm-none-eabi/10.3.1/../../../../arm-none-eabi/lib/thumb/v6-m/nofp/crt0.o

.flash_begin    0x10000000        0x0
                0x10000000                __flash_binary_start = .

.boot2          0x10000000      0x100
                0x10000000                __boot2_start__ = .
 *(.boot2)
 .boot2         0x10000000      0x100 C:\Users\DELL\AppData\Local\Temp\cc1sSAT5.o
                0x10000100                __boot2_end__ = .
                0x00000001                ASSERT (((__boot2_end__ - __boot2_start__) == 0x100), ERROR: Pico second stage bootloader must be 256 bytes in size)

.text           0x10000100     0x6eb0
                0x10000100                __logical_binary_start = .
 *(.vectors)
 .vectors       0x10000100       0xd4 Tablero/CMakeFiles/Lavadora.dir/C_/Program_Files/Raspberry_Pi/Pico_SDK_v1.5.1/pico-sdk/src/rp2_common/pico_standard_link/crt0.S.obj
                0x10000100                __VECTOR_TABLE
                0x10000100                __vectors
                0x100001c0                isr_invalid
                0x100001c0                __default_isrs_start
                0x100001c2                isr_nmi
                0x100001c4                isr_hardfault
                0x100001c6                isr_svcall
                0x100001c8                isr_pendsv
                0x100001ca                isr_systick
                0x100001cc                isr_irq23
                0x100001cc                isr_irq18
                0x100001cc                isr_irq11
                0x100001cc                isr_irq28
                0x100001cc                isr_irq19
                0x100001cc                isr_irq0
                0x100001cc                isr_irq6
                0x100001cc                isr_irq5
                0x100001cc                isr_irq12
                0x100001cc                isr_irq22
                0x100001cc                isr_irq31
                0x100001cc                isr_irq17
                0x100001cc                isr_irq27
                0x100001cc                isr_irq30
                0x100001cc                isr_irq2
                0x100001cc                isr_irq10
                0x100001cc                isr_irq8
                0x100001cc                isr_irq24
                0x100001cc                isr_irq1
                0x100001cc                isr_irq7
                0x100001cc                isr_irq21
                0x100001cc                isr_irq20
                0x100001cc                isr_irq15
                0x100001cc                isr_irq25
                0x100001cc                isr_irq13
                0x100001cc                __unhandled_user_irq
                0x100001cc                isr_irq4
                0x100001cc                isr_irq16
                0x100001cc                isr_irq29
                0x100001cc                isr_irq26
                0x100001cc                __default_isrs_end
                0x100001cc                isr_irq3
                0x100001cc                isr_irq14
                0x100001cc                isr_irq9
                0x100001d2                unhandled_user_irq_num_in_r0
 *(.binary_info_header)
 .binary_info_header
                0x100001d4       0x14 Tablero/CMakeFiles/Lavadora.dir/C_/Program_Files/Raspberry_Pi/Pico_SDK_v1.5.1/pico-sdk/src/rp2_common/pico_standard_link/crt0.S.obj
                0x100001e8                __binary_info_header_end = .
 *(.reset)
 .reset         0x100001e8       0xa0 Tablero/CMakeFiles/Lavadora.dir/C_/Program_Files/Raspberry_Pi/Pico_SDK_v1.5.1/pico-sdk/src/rp2_common/pico_standard_link/crt0.S.obj
                0x100001e8                _entry_point
 .reset         0x10000288       0x30 Tablero/CMakeFiles/Lavadora.dir/C_/Program_Files/Raspberry_Pi/Pico_SDK_v1.5.1/pico-sdk/src/rp2_common/pico_standard_link/binary_info.c.obj
 *(.init)
 .init          0x100002b8        0x4 c:/progra~1/raspbe~1/picosd~1.1/gcc-ar~1/bin/../lib/gcc/arm-none-eabi/10.3.1/thumb/v6-m/nofp/crti.o
                0x100002b8                _init
 *(EXCLUDE_FILE(*libm.a: *libc.a:*lib_a-mem*.o *libgcc.a:) .text*)
 .text          0x100002bc       0x48 c:/progra~1/raspbe~1/picosd~1.1/gcc-ar~1/bin/../lib/gcc/arm-none-eabi/10.3.1/thumb/v6-m/nofp/crtbegin.o
 .text.main     0x10000304      0x204 Tablero/CMakeFiles/Lavadora.dir/main.c.obj
                0x10000304                main
 .text.time_construct
                0x10000508       0x80 Tablero/CMakeFiles/Lavadora.dir/temporizador.c.obj
                0x10000508                time_construct
 .text.time_init
                0x10000588       0x28 Tablero/CMakeFiles/Lavadora.dir/temporizador.c.obj
                0x10000588                time_init
 .text.decrementar
                0x100005b0       0x50 Tablero/CMakeFiles/Lavadora.dir/temporizador.c.obj
                0x100005b0                decrementar
 .text.actualizar
                0x10000600       0xb0 Tablero/CMakeFiles/Lavadora.dir/temporizador.c.obj
                0x10000600                actualizar
 .text.apagarTemporizador
                0x100006b0       0x24 Tablero/CMakeFiles/Lavadora.dir/temporizador.c.obj
                0x100006b0                apagarTemporizador
 .text.keypad_construct
                0x100006d4       0x70 Tablero/CMakeFiles/Lavadora.dir/Teclado.c.obj
                0x100006d4                keypad_construct
 .text.keypad_init
                0x10000744       0x54 Tablero/CMakeFiles/Lavadora.dir/Teclado.c.obj
                0x10000744                keypad_init
 .text.read_keypad
                0x10000798       0x60 Tablero/CMakeFiles/Lavadora.dir/Teclado.c.obj
                0x10000798                read_keypad
 .text.construct_leds
                0x100007f8       0x1c Tablero/CMakeFiles/Lavadora.dir/Leds.c.obj
                0x100007f8                construct_leds
 .text.leds_init
                0x10000814       0x28 Tablero/CMakeFiles/Lavadora.dir/Leds.c.obj
                0x10000814                leds_init
 .text.apagar   0x1000083c       0x14 Tablero/CMakeFiles/Lavadora.dir/Leds.c.obj
                0x1000083c                apagar
 .text.encender
                0x10000850       0x14 Tablero/CMakeFiles/Lavadora.dir/Leds.c.obj
                0x10000850                encender
 .text.play     0x10000864       0x14 Tablero/CMakeFiles/Lavadora.dir/Leds.c.obj
                0x10000864                play
 .text.pausa    0x10000878       0x14 Tablero/CMakeFiles/Lavadora.dir/Leds.c.obj
                0x10000878                pausa
 .text.lavar    0x1000088c       0x14 Tablero/CMakeFiles/Lavadora.dir/Leds.c.obj
                0x1000088c                lavar
 .text.enjuagar
                0x100008a0       0x14 Tablero/CMakeFiles/Lavadora.dir/Leds.c.obj
                0x100008a0                enjuagar
 .text.centrifugado
                0x100008b4       0x14 Tablero/CMakeFiles/Lavadora.dir/Leds.c.obj
                0x100008b4                centrifugado
 .text.apagar_todos_los_leds
                0x100008c8       0x20 Tablero/CMakeFiles/Lavadora.dir/Leds.c.obj
                0x100008c8                apagar_todos_los_leds
 .text.apagar_procesos
                0x100008e8       0x28 Tablero/CMakeFiles/Lavadora.dir/Leds.c.obj
                0x100008e8                apagar_procesos
 .text.gpio_set_function
                0x10000910       0x30 Tablero/CMakeFiles/Lavadora.dir/C_/Program_Files/Raspberry_Pi/Pico_SDK_v1.5.1/pico-sdk/src/rp2_common/hardware_gpio/gpio.c.obj
                0x10000910                gpio_set_function
 .text.gpio_set_pulls
                0x10000940       0x34 Tablero/CMakeFiles/Lavadora.dir/C_/Program_Files/Raspberry_Pi/Pico_SDK_v1.5.1/pico-sdk/src/rp2_common/hardware_gpio/gpio.c.obj
                0x10000940                gpio_set_pulls
 .text.gpio_init
                0x10000974       0x16 Tablero/CMakeFiles/Lavadora.dir/C_/Program_Files/Raspberry_Pi/Pico_SDK_v1.5.1/pico-sdk/src/rp2_common/hardware_gpio/gpio.c.obj
                0x10000974                gpio_init
 *fill*         0x1000098a        0x2 
 .text.running_on_fpga
                0x1000098c       0x14 Tablero/CMakeFiles/Lavadora.dir/C_/Program_Files/Raspberry_Pi/Pico_SDK_v1.5.1/pico-sdk/src/rp2_common/pico_platform/platform.c.obj
                0x1000098c                running_on_fpga
 .text.hw_claim_lock
                0x100009a0       0x18 Tablero/CMakeFiles/Lavadora.dir/C_/Program_Files/Raspberry_Pi/Pico_SDK_v1.5.1/pico-sdk/src/rp2_common/hardware_claim/claim.c.obj
                0x100009a0                hw_claim_lock
 .text.hw_claim_unlock
                0x100009b8       0x14 Tablero/CMakeFiles/Lavadora.dir/C_/Program_Files/Raspberry_Pi/Pico_SDK_v1.5.1/pico-sdk/src/rp2_common/hardware_claim/claim.c.obj
                0x100009b8                hw_claim_unlock
 .text.hw_claim_or_assert
                0x100009cc       0x32 Tablero/CMakeFiles/Lavadora.dir/C_/Program_Files/Raspberry_Pi/Pico_SDK_v1.5.1/pico-sdk/src/rp2_common/hardware_claim/claim.c.obj
                0x100009cc                hw_claim_or_assert
 .text.hw_claim_unused_from_range
                0x100009fe       0x50 Tablero/CMakeFiles/Lavadora.dir/C_/Program_Files/Raspberry_Pi/Pico_SDK_v1.5.1/pico-sdk/src/rp2_common/hardware_claim/claim.c.obj
                0x100009fe                hw_claim_unused_from_range
 *fill*         0x10000a4e        0x2 
 .text.spin_locks_reset
                0x10000a50       0x20 Tablero/CMakeFiles/Lavadora.dir/C_/Program_Files/Raspberry_Pi/Pico_SDK_v1.5.1/pico-sdk/src/rp2_common/hardware_sync/sync.c.obj
                0x10000a50                spin_locks_reset
 .text.next_striped_spin_lock_num
                0x10000a70       0x1c Tablero/CMakeFiles/Lavadora.dir/C_/Program_Files/Raspberry_Pi/Pico_SDK_v1.5.1/pico-sdk/src/rp2_common/hardware_sync/sync.c.obj
                0x10000a70                next_striped_spin_lock_num
 .text.spin_lock_claim_unused
                0x10000a8c       0x20 Tablero/CMakeFiles/Lavadora.dir/C_/Program_Files/Raspberry_Pi/Pico_SDK_v1.5.1/pico-sdk/src/rp2_common/hardware_sync/sync.c.obj
                0x10000a8c                spin_lock_claim_unused
 .text.set_raw_irq_handler_and_unlock
                0x10000aac       0x28 Tablero/CMakeFiles/Lavadora.dir/C_/Program_Files/Raspberry_Pi/Pico_SDK_v1.5.1/pico-sdk/src/rp2_common/hardware_irq/irq.c.obj
 .text.make_branch
                0x10000ad4       0x48 Tablero/CMakeFiles/Lavadora.dir/C_/Program_Files/Raspberry_Pi/Pico_SDK_v1.5.1/pico-sdk/src/rp2_common/hardware_irq/irq.c.obj
 .text.insert_branch_and_link
                0x10000b1c       0x40 Tablero/CMakeFiles/Lavadora.dir/C_/Program_Files/Raspberry_Pi/Pico_SDK_v1.5.1/pico-sdk/src/rp2_common/hardware_irq/irq.c.obj
 .text.irq_is_enabled
                0x10000b5c       0x18 Tablero/CMakeFiles/Lavadora.dir/C_/Program_Files/Raspberry_Pi/Pico_SDK_v1.5.1/pico-sdk/src/rp2_common/hardware_irq/irq.c.obj
                0x10000b5c                irq_is_enabled
 .text.irq_set_mask_enabled
                0x10000b74       0x20 Tablero/CMakeFiles/Lavadora.dir/C_/Program_Files/Raspberry_Pi/Pico_SDK_v1.5.1/pico-sdk/src/rp2_common/hardware_irq/irq.c.obj
                0x10000b74                irq_set_mask_enabled
 .text.irq_set_enabled
                0x10000b94        0xe Tablero/CMakeFiles/Lavadora.dir/C_/Program_Files/Raspberry_Pi/Pico_SDK_v1.5.1/pico-sdk/src/rp2_common/hardware_irq/irq.c.obj
                0x10000b94                irq_set_enabled
 *fill*         0x10000ba2        0x2 
 .text.irq_set_pending
                0x10000ba4       0x10 Tablero/CMakeFiles/Lavadora.dir/C_/Program_Files/Raspberry_Pi/Pico_SDK_v1.5.1/pico-sdk/src/rp2_common/hardware_irq/irq.c.obj
                0x10000ba4                irq_set_pending
 .text.irq_get_vtable_handler
                0x10000bb4       0x10 Tablero/CMakeFiles/Lavadora.dir/C_/Program_Files/Raspberry_Pi/Pico_SDK_v1.5.1/pico-sdk/src/rp2_common/hardware_irq/irq.c.obj
                0x10000bb4                irq_get_vtable_handler
 .text.irq_has_shared_handler
                0x10000bc4       0x24 Tablero/CMakeFiles/Lavadora.dir/C_/Program_Files/Raspberry_Pi/Pico_SDK_v1.5.1/pico-sdk/src/rp2_common/hardware_irq/irq.c.obj
                0x10000bc4                irq_has_shared_handler
 .text.irq_set_exclusive_handler
                0x10000be8       0x54 Tablero/CMakeFiles/Lavadora.dir/C_/Program_Files/Raspberry_Pi/Pico_SDK_v1.5.1/pico-sdk/src/rp2_common/hardware_irq/irq.c.obj
                0x10000be8                irq_set_exclusive_handler
 .text.irq_add_shared_handler
                0x10000c3c      0x234 Tablero/CMakeFiles/Lavadora.dir/C_/Program_Files/Raspberry_Pi/Pico_SDK_v1.5.1/pico-sdk/src/rp2_common/hardware_irq/irq.c.obj
                0x10000c3c                irq_add_shared_handler
 .text.irq_remove_handler
                0x10000e70      0x1ac Tablero/CMakeFiles/Lavadora.dir/C_/Program_Files/Raspberry_Pi/Pico_SDK_v1.5.1/pico-sdk/src/rp2_common/hardware_irq/irq.c.obj
                0x10000e70                irq_remove_handler
 .text.irq_add_tail_to_free_list
                0x1000101c       0xf0 Tablero/CMakeFiles/Lavadora.dir/C_/Program_Files/Raspberry_Pi/Pico_SDK_v1.5.1/pico-sdk/src/rp2_common/hardware_irq/irq.c.obj
                0x1000101c                irq_add_tail_to_free_list
 .text.irq_init_priorities
                0x1000110c       0x1c Tablero/CMakeFiles/Lavadora.dir/C_/Program_Files/Raspberry_Pi/Pico_SDK_v1.5.1/pico-sdk/src/rp2_common/hardware_irq/irq.c.obj
                0x1000110c                irq_init_priorities
 .text.user_irq_claim_unused
                0x10001128       0x28 Tablero/CMakeFiles/Lavadora.dir/C_/Program_Files/Raspberry_Pi/Pico_SDK_v1.5.1/pico-sdk/src/rp2_common/hardware_irq/irq.c.obj
                0x10001128                user_irq_claim_unused
 .text.lock_init
                0x10001150       0x10 Tablero/CMakeFiles/Lavadora.dir/C_/Program_Files/Raspberry_Pi/Pico_SDK_v1.5.1/pico-sdk/src/common/pico_sync/lock_core.c.obj
                0x10001150                lock_init
 .text.mutex_init
                0x10001160       0x1a Tablero/CMakeFiles/Lavadora.dir/C_/Program_Files/Raspberry_Pi/Pico_SDK_v1.5.1/pico-sdk/src/common/pico_sync/mutex.c.obj
                0x10001160                mutex_init
 .text.recursive_mutex_init
                0x1000117a       0x1e Tablero/CMakeFiles/Lavadora.dir/C_/Program_Files/Raspberry_Pi/Pico_SDK_v1.5.1/pico-sdk/src/common/pico_sync/mutex.c.obj
                0x1000117a                recursive_mutex_init
 .text.critical_section_init_with_lock_num
                0x10001198       0x14 Tablero/CMakeFiles/Lavadora.dir/C_/Program_Files/Raspberry_Pi/Pico_SDK_v1.5.1/pico-sdk/src/common/pico_sync/critical_section.c.obj
                0x10001198                critical_section_init_with_lock_num
 .text.critical_section_init
                0x100011ac       0x14 Tablero/CMakeFiles/Lavadora.dir/C_/Program_Files/Raspberry_Pi/Pico_SDK_v1.5.1/pico-sdk/src/common/pico_sync/critical_section.c.obj
                0x100011ac                critical_section_init
 .text.alarm_pool_post_alloc_init
                0x100011c0       0x40 Tablero/CMakeFiles/Lavadora.dir/C_/Program_Files/Raspberry_Pi/Pico_SDK_v1.5.1/pico-sdk/src/common/pico_time/time.c.obj
 .text.sleep_until_callback
                0x10001200       0x30 Tablero/CMakeFiles/Lavadora.dir/C_/Program_Files/Raspberry_Pi/Pico_SDK_v1.5.1/pico-sdk/src/common/pico_time/time.c.obj
 .text.timer_pool_entry_comparator
                0x10001230       0x7c Tablero/CMakeFiles/Lavadora.dir/C_/Program_Files/Raspberry_Pi/Pico_SDK_v1.5.1/pico-sdk/src/common/pico_time/time.c.obj
                0x10001230                timer_pool_entry_comparator
 .text.ph_add_child_node
                0x100012ac       0xa4 Tablero/CMakeFiles/Lavadora.dir/C_/Program_Files/Raspberry_Pi/Pico_SDK_v1.5.1/pico-sdk/src/common/pico_time/time.c.obj
 .text.ph_merge_nodes
                0x10001350       0x3e Tablero/CMakeFiles/Lavadora.dir/C_/Program_Files/Raspberry_Pi/Pico_SDK_v1.5.1/pico-sdk/src/common/pico_time/time.c.obj
 *fill*         0x1000138e        0x2 
 .text.add_alarm_under_lock
                0x10001390      0x174 Tablero/CMakeFiles/Lavadora.dir/C_/Program_Files/Raspberry_Pi/Pico_SDK_v1.5.1/pico-sdk/src/common/pico_time/time.c.obj
 .text.alarm_pool_alarm_callback
                0x10001504      0x33c Tablero/CMakeFiles/Lavadora.dir/C_/Program_Files/Raspberry_Pi/Pico_SDK_v1.5.1/pico-sdk/src/common/pico_time/time.c.obj
 .text.alarm_pool_init_default
                0x10001840       0x40 Tablero/CMakeFiles/Lavadora.dir/C_/Program_Files/Raspberry_Pi/Pico_SDK_v1.5.1/pico-sdk/src/common/pico_time/time.c.obj
                0x10001840                alarm_pool_init_default
 .text.alarm_pool_get_default
                0x10001880       0x2c Tablero/CMakeFiles/Lavadora.dir/C_/Program_Files/Raspberry_Pi/Pico_SDK_v1.5.1/pico-sdk/src/common/pico_time/time.c.obj
                0x10001880                alarm_pool_get_default
 .text.alarm_pool_add_alarm_at
                0x100018ac      0x168 Tablero/CMakeFiles/Lavadora.dir/C_/Program_Files/Raspberry_Pi/Pico_SDK_v1.5.1/pico-sdk/src/common/pico_time/time.c.obj
                0x100018ac                alarm_pool_add_alarm_at
 .text.alarm_pool_cancel_alarm
                0x10001a14       0xf8 Tablero/CMakeFiles/Lavadora.dir/C_/Program_Files/Raspberry_Pi/Pico_SDK_v1.5.1/pico-sdk/src/common/pico_time/time.c.obj
                0x10001a14                alarm_pool_cancel_alarm
 .text.alarm_pool_core_num
                0x10001b0c        0x4 Tablero/CMakeFiles/Lavadora.dir/C_/Program_Files/Raspberry_Pi/Pico_SDK_v1.5.1/pico-sdk/src/common/pico_time/time.c.obj
                0x10001b0c                alarm_pool_core_num
 .text.sleep_until
                0x10001b10       0xfc Tablero/CMakeFiles/Lavadora.dir/C_/Program_Files/Raspberry_Pi/Pico_SDK_v1.5.1/pico-sdk/src/common/pico_time/time.c.obj
                0x10001b10                sleep_until
 .text.sleep_us
                0x10001c0c       0x58 Tablero/CMakeFiles/Lavadora.dir/C_/Program_Files/Raspberry_Pi/Pico_SDK_v1.5.1/pico-sdk/src/common/pico_time/time.c.obj
                0x10001c0c                sleep_us
 .text.sleep_ms
                0x10001c64       0x14 Tablero/CMakeFiles/Lavadora.dir/C_/Program_Files/Raspberry_Pi/Pico_SDK_v1.5.1/pico-sdk/src/common/pico_time/time.c.obj
                0x10001c64                sleep_ms
 .text.best_effort_wfe_or_timeout
                0x10001c78       0xac Tablero/CMakeFiles/Lavadora.dir/C_/Program_Files/Raspberry_Pi/Pico_SDK_v1.5.1/pico-sdk/src/common/pico_time/time.c.obj
                0x10001c78                best_effort_wfe_or_timeout
 .text.hardware_alarm_irq_handler
                0x10001d24       0x90 Tablero/CMakeFiles/Lavadora.dir/C_/Program_Files/Raspberry_Pi/Pico_SDK_v1.5.1/pico-sdk/src/rp2_common/hardware_timer/timer.c.obj
 .text.hardware_alarm_claim
                0x10001db4       0x18 Tablero/CMakeFiles/Lavadora.dir/C_/Program_Files/Raspberry_Pi/Pico_SDK_v1.5.1/pico-sdk/src/rp2_common/hardware_timer/timer.c.obj
                0x10001db4                hardware_alarm_claim
 .text.time_us_64
                0x10001dcc       0x18 Tablero/CMakeFiles/Lavadora.dir/C_/Program_Files/Raspberry_Pi/Pico_SDK_v1.5.1/pico-sdk/src/rp2_common/hardware_timer/timer.c.obj
                0x10001dcc                time_us_64
 .text.busy_wait_until
                0x10001de4       0x28 Tablero/CMakeFiles/Lavadora.dir/C_/Program_Files/Raspberry_Pi/Pico_SDK_v1.5.1/pico-sdk/src/rp2_common/hardware_timer/timer.c.obj
                0x10001de4                busy_wait_until
 .text.busy_wait_us
                0x10001e0c       0x48 Tablero/CMakeFiles/Lavadora.dir/C_/Program_Files/Raspberry_Pi/Pico_SDK_v1.5.1/pico-sdk/src/rp2_common/hardware_timer/timer.c.obj
                0x10001e0c                busy_wait_us
 .text.hardware_alarm_set_callback
                0x10001e54       0x90 Tablero/CMakeFiles/Lavadora.dir/C_/Program_Files/Raspberry_Pi/Pico_SDK_v1.5.1/pico-sdk/src/rp2_common/hardware_timer/timer.c.obj
                0x10001e54                hardware_alarm_set_callback
 .text.hardware_alarm_set_target
                0x10001ee4       0xe8 Tablero/CMakeFiles/Lavadora.dir/C_/Program_Files/Raspberry_Pi/Pico_SDK_v1.5.1/pico-sdk/src/rp2_common/hardware_timer/timer.c.obj
                0x10001ee4                hardware_alarm_set_target
 .text.hardware_alarm_cancel
                0x10001fcc       0x40 Tablero/CMakeFiles/Lavadora.dir/C_/Program_Files/Raspberry_Pi/Pico_SDK_v1.5.1/pico-sdk/src/rp2_common/hardware_timer/timer.c.obj
                0x10001fcc                hardware_alarm_cancel
 .text.ph_add_child_node
                0x1000200c       0xa4 Tablero/CMakeFiles/Lavadora.dir/C_/Program_Files/Raspberry_Pi/Pico_SDK_v1.5.1/pico-sdk/src/common/pico_util/pheap.c.obj
 .text.ph_merge_nodes
                0x100020b0       0x3e Tablero/CMakeFiles/Lavadora.dir/C_/Program_Files/Raspberry_Pi/Pico_SDK_v1.5.1/pico-sdk/src/common/pico_util/pheap.c.obj
 *fill*         0x100020ee        0x2 
 .text.ph_clear
                0x100020f0       0x70 Tablero/CMakeFiles/Lavadora.dir/C_/Program_Files/Raspberry_Pi/Pico_SDK_v1.5.1/pico-sdk/src/common/pico_util/pheap.c.obj
                0x100020f0                ph_clear
 .text.ph_post_alloc_init
                0x10002160        0xe Tablero/CMakeFiles/Lavadora.dir/C_/Program_Files/Raspberry_Pi/Pico_SDK_v1.5.1/pico-sdk/src/common/pico_util/pheap.c.obj
                0x10002160                ph_post_alloc_init
 *fill*         0x1000216e        0x2 
 .text.ph_merge_two_pass
                0x10002170       0xa8 Tablero/CMakeFiles/Lavadora.dir/C_/Program_Files/Raspberry_Pi/Pico_SDK_v1.5.1/pico-sdk/src/common/pico_util/pheap.c.obj
                0x10002170                ph_merge_two_pass
 .text.ph_remove_any_head
                0x10002218      0x128 Tablero/CMakeFiles/Lavadora.dir/C_/Program_Files/Raspberry_Pi/Pico_SDK_v1.5.1/pico-sdk/src/common/pico_util/pheap.c.obj
 .text.ph_remove_head
                0x10002340       0x14 Tablero/CMakeFiles/Lavadora.dir/C_/Program_Files/Raspberry_Pi/Pico_SDK_v1.5.1/pico-sdk/src/common/pico_util/pheap.c.obj
                0x10002340                ph_remove_head
 .text.ph_remove_and_free_node
                0x10002354       0xf8 Tablero/CMakeFiles/Lavadora.dir/C_/Program_Files/Raspberry_Pi/Pico_SDK_v1.5.1/pico-sdk/src/common/pico_util/pheap.c.obj
                0x10002354                ph_remove_and_free_node
 .text.uart_disable_before_lcr_write
                0x1000244c       0x48 Tablero/CMakeFiles/Lavadora.dir/C_/Program_Files/Raspberry_Pi/Pico_SDK_v1.5.1/pico-sdk/src/rp2_common/hardware_uart/uart.c.obj
 .text.uart_write_lcr_bits_masked
                0x10002494       0x22 Tablero/CMakeFiles/Lavadora.dir/C_/Program_Files/Raspberry_Pi/Pico_SDK_v1.5.1/pico-sdk/src/rp2_common/hardware_uart/uart.c.obj
 *fill*         0x100024b6        0x2 
 .text.uart_set_baudrate
                0x100024b8       0x5c Tablero/CMakeFiles/Lavadora.dir/C_/Program_Files/Raspberry_Pi/Pico_SDK_v1.5.1/pico-sdk/src/rp2_common/hardware_uart/uart.c.obj
                0x100024b8                uart_set_baudrate
 .text.uart_set_format
                0x10002514       0x2c Tablero/CMakeFiles/Lavadora.dir/C_/Program_Files/Raspberry_Pi/Pico_SDK_v1.5.1/pico-sdk/src/rp2_common/hardware_uart/uart.c.obj
                0x10002514                uart_set_format
 .text.uart_set_translate_crlf
                0x10002540       0x28 Tablero/CMakeFiles/Lavadora.dir/C_/Program_Files/Raspberry_Pi/Pico_SDK_v1.5.1/pico-sdk/src/rp2_common/hardware_uart/uart.c.obj
                0x10002540                uart_set_translate_crlf
 .text.uart_init
                0x10002568       0x80 Tablero/CMakeFiles/Lavadora.dir/C_/Program_Files/Raspberry_Pi/Pico_SDK_v1.5.1/pico-sdk/src/rp2_common/hardware_uart/uart.c.obj
                0x10002568                uart_init
 .text.clock_configure
                0x100025e8      0x108 Tablero/CMakeFiles/Lavadora.dir/C_/Program_Files/Raspberry_Pi/Pico_SDK_v1.5.1/pico-sdk/src/rp2_common/hardware_clocks/clocks.c.obj
                0x100025e8                clock_configure
 .text.clocks_init
                0x100026f0      0x100 Tablero/CMakeFiles/Lavadora.dir/C_/Program_Files/Raspberry_Pi/Pico_SDK_v1.5.1/pico-sdk/src/rp2_common/hardware_clocks/clocks.c.obj
                0x100026f0                clocks_init
 .text.clock_get_hz
                0x100027f0        0xc Tablero/CMakeFiles/Lavadora.dir/C_/Program_Files/Raspberry_Pi/Pico_SDK_v1.5.1/pico-sdk/src/rp2_common/hardware_clocks/clocks.c.obj
                0x100027f0                clock_get_hz
 .text.pll_init
                0x100027fc      0x120 Tablero/CMakeFiles/Lavadora.dir/C_/Program_Files/Raspberry_Pi/Pico_SDK_v1.5.1/pico-sdk/src/rp2_common/hardware_pll/pll.c.obj
                0x100027fc                pll_init
 .text.watchdog_start_tick
                0x1000291c       0x10 Tablero/CMakeFiles/Lavadora.dir/C_/Program_Files/Raspberry_Pi/Pico_SDK_v1.5.1/pico-sdk/src/rp2_common/hardware_watchdog/watchdog.c.obj
                0x1000291c                watchdog_start_tick
 .text.watchdog_update
                0x1000292c       0x14 Tablero/CMakeFiles/Lavadora.dir/C_/Program_Files/Raspberry_Pi/Pico_SDK_v1.5.1/pico-sdk/src/rp2_common/hardware_watchdog/watchdog.c.obj
                0x1000292c                watchdog_update
 .text._watchdog_enable
                0x10002940       0x78 Tablero/CMakeFiles/Lavadora.dir/C_/Program_Files/Raspberry_Pi/Pico_SDK_v1.5.1/pico-sdk/src/rp2_common/hardware_watchdog/watchdog.c.obj
                0x10002940                _watchdog_enable
 .text.watchdog_reboot
                0x100029b8       0x48 Tablero/CMakeFiles/Lavadora.dir/C_/Program_Files/Raspberry_Pi/Pico_SDK_v1.5.1/pico-sdk/src/rp2_common/hardware_watchdog/watchdog.c.obj
                0x100029b8                watchdog_reboot
 .text.xosc_init
                0x10002a00       0x28 Tablero/CMakeFiles/Lavadora.dir/C_/Program_Files/Raspberry_Pi/Pico_SDK_v1.5.1/pico-sdk/src/rp2_common/hardware_xosc/xosc.c.obj
                0x10002a00                xosc_init
 .text._exit    0x10002a28        0x4 Tablero/CMakeFiles/Lavadora.dir/C_/Program_Files/Raspberry_Pi/Pico_SDK_v1.5.1/pico-sdk/src/rp2_common/pico_runtime/runtime.c.obj
                0x10002a28                _exit
 .text.exit     0x10002a2c        0x6 Tablero/CMakeFiles/Lavadora.dir/C_/Program_Files/Raspberry_Pi/Pico_SDK_v1.5.1/pico-sdk/src/rp2_common/pico_runtime/runtime.c.obj
                0x10002a2c                exit
 *fill*         0x10002a32        0x2 
 .text.__assert_func
                0x10002a34       0x3c Tablero/CMakeFiles/Lavadora.dir/C_/Program_Files/Raspberry_Pi/Pico_SDK_v1.5.1/pico-sdk/src/rp2_common/pico_runtime/runtime.c.obj
                0x10002a34                __assert_func
 .text.runtime_init
                0x10002a70       0xf8 Tablero/CMakeFiles/Lavadora.dir/C_/Program_Files/Raspberry_Pi/Pico_SDK_v1.5.1/pico-sdk/src/rp2_common/pico_runtime/runtime.c.obj
                0x10002a70                runtime_init
 .text.panic    0x10002b68       0x30 Tablero/CMakeFiles/Lavadora.dir/C_/Program_Files/Raspberry_Pi/Pico_SDK_v1.5.1/pico-sdk/src/rp2_common/pico_runtime/runtime.c.obj
                0x10002b68                panic
 .text._out_null
                0x10002b98        0x2 Tablero/CMakeFiles/Lavadora.dir/C_/Program_Files/Raspberry_Pi/Pico_SDK_v1.5.1/pico-sdk/src/rp2_common/pico_printf/printf.c.obj
 .text._out_fct
                0x10002b9a        0xe Tablero/CMakeFiles/Lavadora.dir/C_/Program_Files/Raspberry_Pi/Pico_SDK_v1.5.1/pico-sdk/src/rp2_common/pico_printf/printf.c.obj
 .text._atoi    0x10002ba8       0x24 Tablero/CMakeFiles/Lavadora.dir/C_/Program_Files/Raspberry_Pi/Pico_SDK_v1.5.1/pico-sdk/src/rp2_common/pico_printf/printf.c.obj
 .text._out_rev
                0x10002bcc       0xae Tablero/CMakeFiles/Lavadora.dir/C_/Program_Files/Raspberry_Pi/Pico_SDK_v1.5.1/pico-sdk/src/rp2_common/pico_printf/printf.c.obj
 .text._ntoa_format
                0x10002c7a      0x112 Tablero/CMakeFiles/Lavadora.dir/C_/Program_Files/Raspberry_Pi/Pico_SDK_v1.5.1/pico-sdk/src/rp2_common/pico_printf/printf.c.obj
 .text._ntoa_long
                0x10002d8c       0xbc Tablero/CMakeFiles/Lavadora.dir/C_/Program_Files/Raspberry_Pi/Pico_SDK_v1.5.1/pico-sdk/src/rp2_common/pico_printf/printf.c.obj
 .text._ntoa_long_long
                0x10002e48       0xe2 Tablero/CMakeFiles/Lavadora.dir/C_/Program_Files/Raspberry_Pi/Pico_SDK_v1.5.1/pico-sdk/src/rp2_common/pico_printf/printf.c.obj
 *fill*         0x10002f2a        0x2 
 .text._etoa    0x10002f2c      0x414 Tablero/CMakeFiles/Lavadora.dir/C_/Program_Files/Raspberry_Pi/Pico_SDK_v1.5.1/pico-sdk/src/rp2_common/pico_printf/printf.c.obj
 .text._ftoa    0x10003340      0x354 Tablero/CMakeFiles/Lavadora.dir/C_/Program_Files/Raspberry_Pi/Pico_SDK_v1.5.1/pico-sdk/src/rp2_common/pico_printf/printf.c.obj
 .text._vsnprintf
                0x10003694      0x624 Tablero/CMakeFiles/Lavadora.dir/C_/Program_Files/Raspberry_Pi/Pico_SDK_v1.5.1/pico-sdk/src/rp2_common/pico_printf/printf.c.obj
 .text.vfctprintf
                0x10003cb8       0x20 Tablero/CMakeFiles/Lavadora.dir/C_/Program_Files/Raspberry_Pi/Pico_SDK_v1.5.1/pico-sdk/src/rp2_common/pico_printf/printf.c.obj
                0x10003cb8                vfctprintf
 .text          0x10003cd8       0x10 Tablero/CMakeFiles/Lavadora.dir/C_/Program_Files/Raspberry_Pi/Pico_SDK_v1.5.1/pico-sdk/src/rp2_common/pico_bit_ops/bit_ops_aeabi.S.obj
 .text.rom_func_lookup
                0x10003ce8       0x10 Tablero/CMakeFiles/Lavadora.dir/C_/Program_Files/Raspberry_Pi/Pico_SDK_v1.5.1/pico-sdk/src/rp2_common/pico_bootrom/bootrom.c.obj
                0x10003ce8                rom_func_lookup
 .text.rom_data_lookup
                0x10003cf8       0x10 Tablero/CMakeFiles/Lavadora.dir/C_/Program_Files/Raspberry_Pi/Pico_SDK_v1.5.1/pico-sdk/src/rp2_common/pico_bootrom/bootrom.c.obj
                0x10003cf8                rom_data_lookup
 .text.rom_funcs_lookup
                0x10003d08       0x36 Tablero/CMakeFiles/Lavadora.dir/C_/Program_Files/Raspberry_Pi/Pico_SDK_v1.5.1/pico-sdk/src/rp2_common/pico_bootrom/bootrom.c.obj
                0x10003d08                rom_funcs_lookup
 *fill*         0x10003d3e        0x2 
 .text.__wrap___aeabi_idiv
                0x10003d40       0x50 Tablero/CMakeFiles/Lavadora.dir/C_/Program_Files/Raspberry_Pi/Pico_SDK_v1.5.1/pico-sdk/src/rp2_common/pico_divider/divider.S.obj
                0x10003d40                __wrap___aeabi_idivmod
                0x10003d40                divmod_s32s32
                0x10003d40                div_s32s32
                0x10003d40                __wrap___aeabi_idiv
                0x10003d48                divmod_s32s32_unsafe
                0x10003d74                divmod_s32s32_savestate
 .text.__wrap___aeabi_uidiv
                0x10003d90       0x4c Tablero/CMakeFiles/Lavadora.dir/C_/Program_Files/Raspberry_Pi/Pico_SDK_v1.5.1/pico-sdk/src/rp2_common/pico_divider/divider.S.obj
                0x10003d90                __wrap___aeabi_uidiv
                0x10003d90                __wrap___aeabi_uidivmod
                0x10003d90                div_u32u32
                0x10003d90                divmod_u32u32
                0x10003d98                divmod_u32u32_unsafe
                0x10003dc0                divmod_u32u32_savestate
 .text.__wrap___aeabi_ldiv
                0x10003ddc      0x424 Tablero/CMakeFiles/Lavadora.dir/C_/Program_Files/Raspberry_Pi/Pico_SDK_v1.5.1/pico-sdk/src/rp2_common/pico_divider/divider.S.obj
                0x10003ddc                div_s64s64
                0x10003ddc                divmod_s64s64
                0x10003ddc                __wrap___aeabi_ldivmod
                0x10003e0c                divmod_u64u64
                0x10003e0c                div_u64u64
                0x10003e0c                __wrap___aeabi_uldivmod
                0x10003e1c                divmod_u64u64_savestate
                0x10003e3c                divmod_s64s64_unsafe
                0x10003ec4                divmod_u64u64_unsafe
 .text.__wrap___aeabi_darithmetic
                0x10004200       0x60 Tablero/CMakeFiles/Lavadora.dir/C_/Program_Files/Raspberry_Pi/Pico_SDK_v1.5.1/pico-sdk/src/rp2_common/pico_double/double_aeabi.S.obj
                0x10004200                __wrap___aeabi_drsub
                0x10004206                __wrap___aeabi_dsub
                0x10004210                __wrap___aeabi_dadd
                0x1000421a                __wrap___aeabi_ddiv
                0x1000424e                __wrap___aeabi_dmul
 .text.__wrap___aeabi_cdcmple
                0x10004260       0x6c Tablero/CMakeFiles/Lavadora.dir/C_/Program_Files/Raspberry_Pi/Pico_SDK_v1.5.1/pico-sdk/src/rp2_common/pico_double/double_aeabi.S.obj
                0x10004260                __wrap___aeabi_cdrcmple
                0x10004270                __wrap___aeabi_cdcmpeq
                0x10004270                __wrap___aeabi_cdcmple
 .text.__wrap___aeabi_dcmplt
                0x100042cc        0xc Tablero/CMakeFiles/Lavadora.dir/C_/Program_Files/Raspberry_Pi/Pico_SDK_v1.5.1/pico-sdk/src/rp2_common/pico_double/double_aeabi.S.obj
                0x100042cc                __wrap___aeabi_dcmplt
 .text.__wrap___aeabi_dcmple
                0x100042d8       0x10 Tablero/CMakeFiles/Lavadora.dir/C_/Program_Files/Raspberry_Pi/Pico_SDK_v1.5.1/pico-sdk/src/rp2_common/pico_double/double_aeabi.S.obj
                0x100042d8                __wrap___aeabi_dcmple
 .text.__wrap___aeabi_dcmpge
                0x100042e8       0x10 Tablero/CMakeFiles/Lavadora.dir/C_/Program_Files/Raspberry_Pi/Pico_SDK_v1.5.1/pico-sdk/src/rp2_common/pico_double/double_aeabi.S.obj
                0x100042e8                __wrap___aeabi_dcmpge
 .text.__wrap___aeabi_dcmpgt
                0x100042f8        0xa Tablero/CMakeFiles/Lavadora.dir/C_/Program_Files/Raspberry_Pi/Pico_SDK_v1.5.1/pico-sdk/src/rp2_common/pico_double/double_aeabi.S.obj
                0x100042f8                __wrap___aeabi_dcmpgt
 .text.__wrap___aeabi_dcmpun
                0x10004302       0x1c Tablero/CMakeFiles/Lavadora.dir/C_/Program_Files/Raspberry_Pi/Pico_SDK_v1.5.1/pico-sdk/src/rp2_common/pico_double/double_aeabi.S.obj
                0x10004302                __wrap___aeabi_dcmpun
 *fill*         0x1000431e        0x2 
 .text.__wrap___aeabi_i2d
                0x10004320       0x38 Tablero/CMakeFiles/Lavadora.dir/C_/Program_Files/Raspberry_Pi/Pico_SDK_v1.5.1/pico-sdk/src/rp2_common/pico_double/double_aeabi.S.obj
                0x10004320                __wrap___aeabi_ui2d
                0x10004328                __wrap___aeabi_i2d
 .text.__wrap___aeabi_d2iz
                0x10004358       0x48 Tablero/CMakeFiles/Lavadora.dir/C_/Program_Files/Raspberry_Pi/Pico_SDK_v1.5.1/pico-sdk/src/rp2_common/pico_double/double_aeabi.S.obj
                0x10004358                double2int_z
                0x10004358                __wrap___aeabi_d2iz
 .text.__wrap___aeabi_d2uiz
                0x100043a0       0x10 Tablero/CMakeFiles/Lavadora.dir/C_/Program_Files/Raspberry_Pi/Pico_SDK_v1.5.1/pico-sdk/src/rp2_common/pico_double/double_aeabi.S.obj
                0x100043a0                __wrap___aeabi_d2uiz
                0x100043a0                double2uint
 .text.missing_double_func_shim
                0x100043b0        0xc Tablero/CMakeFiles/Lavadora.dir/C_/Program_Files/Raspberry_Pi/Pico_SDK_v1.5.1/pico-sdk/src/rp2_common/pico_double/double_init_rom.c.obj
 .text.__aeabi_double_init
                0x100043bc       0xcc Tablero/CMakeFiles/Lavadora.dir/C_/Program_Files/Raspberry_Pi/Pico_SDK_v1.5.1/pico-sdk/src/rp2_common/pico_double/double_init_rom.c.obj
                0x100043bc                __aeabi_double_init
 .text.double_table_shim_on_use_helper
                0x10004488       0x34 Tablero/CMakeFiles/Lavadora.dir/C_/Program_Files/Raspberry_Pi/Pico_SDK_v1.5.1/pico-sdk/src/rp2_common/pico_double/double_v1_rom_shim.S.obj
                0x10004488                double_table_shim_on_use_helper
 .text.__aeabi_lmul
                0x100044bc       0x32 Tablero/CMakeFiles/Lavadora.dir/C_/Program_Files/Raspberry_Pi/Pico_SDK_v1.5.1/pico-sdk/src/rp2_common/pico_int64_ops/pico_int64_ops_aeabi.S.obj
                0x100044bc                __wrap___aeabi_lmul
 *fill*         0x100044ee        0x2 
 .text.missing_float_func_shim
                0x100044f0        0xc Tablero/CMakeFiles/Lavadora.dir/C_/Program_Files/Raspberry_Pi/Pico_SDK_v1.5.1/pico-sdk/src/rp2_common/pico_float/float_init_rom.c.obj
 .text.__aeabi_float_init
                0x100044fc       0x88 Tablero/CMakeFiles/Lavadora.dir/C_/Program_Files/Raspberry_Pi/Pico_SDK_v1.5.1/pico-sdk/src/rp2_common/pico_float/float_init_rom.c.obj
                0x100044fc                __aeabi_float_init
 .text          0x10004584       0x10 Tablero/CMakeFiles/Lavadora.dir/C_/Program_Files/Raspberry_Pi/Pico_SDK_v1.5.1/pico-sdk/src/rp2_common/pico_mem_ops/mem_ops_aeabi.S.obj
                0x10004584                __aeabi_mem_init
 .text.memset   0x10004594        0xc Tablero/CMakeFiles/Lavadora.dir/C_/Program_Files/Raspberry_Pi/Pico_SDK_v1.5.1/pico-sdk/src/rp2_common/pico_mem_ops/mem_ops_aeabi.S.obj
                0x10004594                __wrap_memset
 .text.memcpy   0x100045a0        0xc Tablero/CMakeFiles/Lavadora.dir/C_/Program_Files/Raspberry_Pi/Pico_SDK_v1.5.1/pico-sdk/src/rp2_common/pico_mem_ops/mem_ops_aeabi.S.obj
                0x100045a0                __wrap_memcpy
                0x100045a0                __wrap___aeabi_memcpy
 .text.stdio_out_chars_no_crlf
                0x100045ac        0xe Tablero/CMakeFiles/Lavadora.dir/C_/Program_Files/Raspberry_Pi/Pico_SDK_v1.5.1/pico-sdk/src/rp2_common/pico_stdio/stdio.c.obj
 *fill*         0x100045ba        0x2 
 .text.stdio_out_chars_crlf
                0x100045bc       0x80 Tablero/CMakeFiles/Lavadora.dir/C_/Program_Files/Raspberry_Pi/Pico_SDK_v1.5.1/pico-sdk/src/rp2_common/pico_stdio/stdio.c.obj
 .text.stdio_stack_buffer_flush
                0x1000463c       0x44 Tablero/CMakeFiles/Lavadora.dir/C_/Program_Files/Raspberry_Pi/Pico_SDK_v1.5.1/pico-sdk/src/rp2_common/pico_stdio/stdio.c.obj
 .text.stdio_buffered_printer
                0x10004680       0x20 Tablero/CMakeFiles/Lavadora.dir/C_/Program_Files/Raspberry_Pi/Pico_SDK_v1.5.1/pico-sdk/src/rp2_common/pico_stdio/stdio.c.obj
 .text.stdout_serialize_begin
                0x100046a0       0x5c Tablero/CMakeFiles/Lavadora.dir/C_/Program_Files/Raspberry_Pi/Pico_SDK_v1.5.1/pico-sdk/src/rp2_common/pico_stdio/stdio.c.obj
                0x100046a0                stdout_serialize_begin
 .text.stdout_serialize_end
                0x100046fc       0x10 Tablero/CMakeFiles/Lavadora.dir/C_/Program_Files/Raspberry_Pi/Pico_SDK_v1.5.1/pico-sdk/src/rp2_common/pico_stdio/stdio.c.obj
                0x100046fc                stdout_serialize_end
 .text.stdio_put_string
                0x1000470c       0x98 Tablero/CMakeFiles/Lavadora.dir/C_/Program_Files/Raspberry_Pi/Pico_SDK_v1.5.1/pico-sdk/src/rp2_common/pico_stdio/stdio.c.obj
 .text.stdio_set_driver_enabled
                0x100047a4       0x2c Tablero/CMakeFiles/Lavadora.dir/C_/Program_Files/Raspberry_Pi/Pico_SDK_v1.5.1/pico-sdk/src/rp2_common/pico_stdio/stdio.c.obj
                0x100047a4                stdio_set_driver_enabled
 .text.stdio_flush
                0x100047d0       0x20 Tablero/CMakeFiles/Lavadora.dir/C_/Program_Files/Raspberry_Pi/Pico_SDK_v1.5.1/pico-sdk/src/rp2_common/pico_stdio/stdio.c.obj
                0x100047d0                stdio_flush
 .text.__wrap_puts
                0x100047f0       0x1e Tablero/CMakeFiles/Lavadora.dir/C_/Program_Files/Raspberry_Pi/Pico_SDK_v1.5.1/pico-sdk/src/rp2_common/pico_stdio/stdio.c.obj
                0x100047f0                __wrap_puts
 *fill*         0x1000480e        0x2 
 .text.__wrap_vprintf
                0x10004810       0x40 Tablero/CMakeFiles/Lavadora.dir/C_/Program_Files/Raspberry_Pi/Pico_SDK_v1.5.1/pico-sdk/src/rp2_common/pico_stdio/stdio.c.obj
                0x10004810                __wrap_vprintf
 .text.__wrap_printf
                0x10004850       0x18 Tablero/CMakeFiles/Lavadora.dir/C_/Program_Files/Raspberry_Pi/Pico_SDK_v1.5.1/pico-sdk/src/rp2_common/pico_stdio/stdio.c.obj
                0x10004850                __wrap_printf
 .text.stdio_init_all
                0x10004868        0x8 Tablero/CMakeFiles/Lavadora.dir/C_/Program_Files/Raspberry_Pi/Pico_SDK_v1.5.1/pico-sdk/src/rp2_common/pico_stdio/stdio.c.obj
                0x10004868                stdio_init_all
 .text.resetd_init
                0x10004870        0x2 Tablero/CMakeFiles/Lavadora.dir/C_/Program_Files/Raspberry_Pi/Pico_SDK_v1.5.1/pico-sdk/src/rp2_common/pico_stdio_usb/reset_interface.c.obj
 *fill*         0x10004872        0x2 
 .text.resetd_reset
                0x10004874        0xc Tablero/CMakeFiles/Lavadora.dir/C_/Program_Files/Raspberry_Pi/Pico_SDK_v1.5.1/pico-sdk/src/rp2_common/pico_stdio_usb/reset_interface.c.obj
 .text.resetd_open
                0x10004880       0x34 Tablero/CMakeFiles/Lavadora.dir/C_/Program_Files/Raspberry_Pi/Pico_SDK_v1.5.1/pico-sdk/src/rp2_common/pico_stdio_usb/reset_interface.c.obj
 .text.resetd_xfer_cb
                0x100048b4        0x4 Tablero/CMakeFiles/Lavadora.dir/C_/Program_Files/Raspberry_Pi/Pico_SDK_v1.5.1/pico-sdk/src/rp2_common/pico_stdio_usb/reset_interface.c.obj
 .text.reset_usb_boot
                0x100048b8       0x18 Tablero/CMakeFiles/Lavadora.dir/C_/Program_Files/Raspberry_Pi/Pico_SDK_v1.5.1/pico-sdk/src/rp2_common/pico_stdio_usb/reset_interface.c.obj
 .text.resetd_control_xfer_cb
                0x100048d0       0x5c Tablero/CMakeFiles/Lavadora.dir/C_/Program_Files/Raspberry_Pi/Pico_SDK_v1.5.1/pico-sdk/src/rp2_common/pico_stdio_usb/reset_interface.c.obj
 .text.usbd_app_driver_get_cb
                0x1000492c        0xc Tablero/CMakeFiles/Lavadora.dir/C_/Program_Files/Raspberry_Pi/Pico_SDK_v1.5.1/pico-sdk/src/rp2_common/pico_stdio_usb/reset_interface.c.obj
                0x1000492c                usbd_app_driver_get_cb
 .text.tud_cdc_line_coding_cb
                0x10004938       0x28 Tablero/CMakeFiles/Lavadora.dir/C_/Program_Files/Raspberry_Pi/Pico_SDK_v1.5.1/pico-sdk/src/rp2_common/pico_stdio_usb/reset_interface.c.obj
                0x10004938                tud_cdc_line_coding_cb
 .text.stdio_usb_set_chars_available_callback
                0x10004960       0x14 Tablero/CMakeFiles/Lavadora.dir/C_/Program_Files/Raspberry_Pi/Pico_SDK_v1.5.1/pico-sdk/src/rp2_common/pico_stdio_usb/stdio_usb.c.obj
                0x10004960                stdio_usb_set_chars_available_callback
 .text.usb_irq  0x10004974       0x10 Tablero/CMakeFiles/Lavadora.dir/C_/Program_Files/Raspberry_Pi/Pico_SDK_v1.5.1/pico-sdk/src/rp2_common/pico_stdio_usb/stdio_usb.c.obj
 .text.timer_task
                0x10004984       0x5c Tablero/CMakeFiles/Lavadora.dir/C_/Program_Files/Raspberry_Pi/Pico_SDK_v1.5.1/pico-sdk/src/rp2_common/pico_stdio_usb/stdio_usb.c.obj
 .text.low_priority_worker_irq
                0x100049e0       0xdc Tablero/CMakeFiles/Lavadora.dir/C_/Program_Files/Raspberry_Pi/Pico_SDK_v1.5.1/pico-sdk/src/rp2_common/pico_stdio_usb/stdio_usb.c.obj
 .text.tud_cdc_rx_cb
                0x10004abc       0x20 Tablero/CMakeFiles/Lavadora.dir/C_/Program_Files/Raspberry_Pi/Pico_SDK_v1.5.1/pico-sdk/src/rp2_common/pico_stdio_usb/stdio_usb.c.obj
                0x10004abc                tud_cdc_rx_cb
 .text.stdio_usb_init
                0x10004adc      0x11c Tablero/CMakeFiles/Lavadora.dir/C_/Program_Files/Raspberry_Pi/Pico_SDK_v1.5.1/pico-sdk/src/rp2_common/pico_stdio_usb/stdio_usb.c.obj
                0x10004adc                stdio_usb_init
 .text.stdio_usb_connected
                0x10004bf8        0xa Tablero/CMakeFiles/Lavadora.dir/C_/Program_Files/Raspberry_Pi/Pico_SDK_v1.5.1/pico-sdk/src/rp2_common/pico_stdio_usb/stdio_usb.c.obj
                0x10004bf8                stdio_usb_connected
 *fill*         0x10004c02        0x2 
 .text.stdio_usb_in_chars
                0x10004c04       0xc4 Tablero/CMakeFiles/Lavadora.dir/C_/Program_Files/Raspberry_Pi/Pico_SDK_v1.5.1/pico-sdk/src/rp2_common/pico_stdio_usb/stdio_usb.c.obj
                0x10004c04                stdio_usb_in_chars
 .text.stdio_usb_out_chars
                0x10004cc8      0x114 Tablero/CMakeFiles/Lavadora.dir/C_/Program_Files/Raspberry_Pi/Pico_SDK_v1.5.1/pico-sdk/src/rp2_common/pico_stdio_usb/stdio_usb.c.obj
 .text.tud_descriptor_device_cb
                0x10004ddc        0x8 Tablero/CMakeFiles/Lavadora.dir/C_/Program_Files/Raspberry_Pi/Pico_SDK_v1.5.1/pico-sdk/src/rp2_common/pico_stdio_usb/stdio_usb_descriptors.c.obj
                0x10004ddc                tud_descriptor_device_cb
 .text.tud_descriptor_configuration_cb
                0x10004de4        0x8 Tablero/CMakeFiles/Lavadora.dir/C_/Program_Files/Raspberry_Pi/Pico_SDK_v1.5.1/pico-sdk/src/rp2_common/pico_stdio_usb/stdio_usb_descriptors.c.obj
                0x10004de4                tud_descriptor_configuration_cb
 .text.tud_descriptor_string_cb
                0x10004dec       0x6c Tablero/CMakeFiles/Lavadora.dir/C_/Program_Files/Raspberry_Pi/Pico_SDK_v1.5.1/pico-sdk/src/rp2_common/pico_stdio_usb/stdio_usb_descriptors.c.obj
                0x10004dec                tud_descriptor_string_cb
 .text._retrieve_unique_id_on_boot
                0x10004e58       0x10 Tablero/CMakeFiles/Lavadora.dir/C_/Program_Files/Raspberry_Pi/Pico_SDK_v1.5.1/pico-sdk/src/rp2_common/pico_unique_id/unique_id.c.obj
 .text.pico_get_unique_board_id_string
                0x10004e68       0x60 Tablero/CMakeFiles/Lavadora.dir/C_/Program_Files/Raspberry_Pi/Pico_SDK_v1.5.1/pico-sdk/src/rp2_common/pico_unique_id/unique_id.c.obj
                0x10004e68                pico_get_unique_board_id_string
 .text.flash_get_unique_id
                0x10004ec8       0x46 Tablero/CMakeFiles/Lavadora.dir/C_/Program_Files/Raspberry_Pi/Pico_SDK_v1.5.1/pico-sdk/src/rp2_common/hardware_flash/flash.c.obj
                0x10004ec8                flash_get_unique_id
 *fill*         0x10004f0e        0x2 
 .text.hw_endpoint_get_by_addr
                0x10004f10       0x18 Tablero/CMakeFiles/Lavadora.dir/C_/Program_Files/Raspberry_Pi/Pico_SDK_v1.5.1/pico-sdk/lib/tinyusb/src/portable/raspberrypi/rp2040/dcd_rp2040.c.obj
 .text._hw_endpoint_alloc
                0x10004f28       0x70 Tablero/CMakeFiles/Lavadora.dir/C_/Program_Files/Raspberry_Pi/Pico_SDK_v1.5.1/pico-sdk/lib/tinyusb/src/portable/raspberrypi/rp2040/dcd_rp2040.c.obj
 .text.hw_endpoint_init
                0x10004f98       0x88 Tablero/CMakeFiles/Lavadora.dir/C_/Program_Files/Raspberry_Pi/Pico_SDK_v1.5.1/pico-sdk/lib/tinyusb/src/portable/raspberrypi/rp2040/dcd_rp2040.c.obj
 .text.hw_endpoint_xfer
                0x10005020       0x14 Tablero/CMakeFiles/Lavadora.dir/C_/Program_Files/Raspberry_Pi/Pico_SDK_v1.5.1/pico-sdk/lib/tinyusb/src/portable/raspberrypi/rp2040/dcd_rp2040.c.obj
 .text.dcd_int_enable
                0x10005034       0x2c Tablero/CMakeFiles/Lavadora.dir/C_/Program_Files/Raspberry_Pi/Pico_SDK_v1.5.1/pico-sdk/lib/tinyusb/src/portable/raspberrypi/rp2040/dcd_rp2040.c.obj
                0x10005034                dcd_int_enable
 .text.dcd_set_address
                0x10005060       0x2c Tablero/CMakeFiles/Lavadora.dir/C_/Program_Files/Raspberry_Pi/Pico_SDK_v1.5.1/pico-sdk/lib/tinyusb/src/portable/raspberrypi/rp2040/dcd_rp2040.c.obj
                0x10005060                dcd_set_address
 .text.dcd_connect
                0x1000508c       0x10 Tablero/CMakeFiles/Lavadora.dir/C_/Program_Files/Raspberry_Pi/Pico_SDK_v1.5.1/pico-sdk/lib/tinyusb/src/portable/raspberrypi/rp2040/dcd_rp2040.c.obj
                0x1000508c                dcd_connect
 .text.dcd_init
                0x1000509c       0x80 Tablero/CMakeFiles/Lavadora.dir/C_/Program_Files/Raspberry_Pi/Pico_SDK_v1.5.1/pico-sdk/lib/tinyusb/src/portable/raspberrypi/rp2040/dcd_rp2040.c.obj
                0x1000509c                dcd_init
 .text.dcd_edpt0_status_complete
                0x1000511c       0x1c Tablero/CMakeFiles/Lavadora.dir/C_/Program_Files/Raspberry_Pi/Pico_SDK_v1.5.1/pico-sdk/lib/tinyusb/src/portable/raspberrypi/rp2040/dcd_rp2040.c.obj
                0x1000511c                dcd_edpt0_status_complete
 .text.dcd_edpt_open
                0x10005138       0x40 Tablero/CMakeFiles/Lavadora.dir/C_/Program_Files/Raspberry_Pi/Pico_SDK_v1.5.1/pico-sdk/lib/tinyusb/src/portable/raspberrypi/rp2040/dcd_rp2040.c.obj
                0x10005138                dcd_edpt_open
 .text.dcd_edpt_close_all
                0x10005178        0x8 Tablero/CMakeFiles/Lavadora.dir/C_/Program_Files/Raspberry_Pi/Pico_SDK_v1.5.1/pico-sdk/lib/tinyusb/src/portable/raspberrypi/rp2040/dcd_rp2040.c.obj
                0x10005178                dcd_edpt_close_all
 .text.dcd_edpt_xfer
                0x10005180       0x34 Tablero/CMakeFiles/Lavadora.dir/C_/Program_Files/Raspberry_Pi/Pico_SDK_v1.5.1/pico-sdk/lib/tinyusb/src/portable/raspberrypi/rp2040/dcd_rp2040.c.obj
                0x10005180                dcd_edpt_xfer
 .text.dcd_edpt_stall
                0x100051b4       0x2c Tablero/CMakeFiles/Lavadora.dir/C_/Program_Files/Raspberry_Pi/Pico_SDK_v1.5.1/pico-sdk/lib/tinyusb/src/portable/raspberrypi/rp2040/dcd_rp2040.c.obj
                0x100051b4                dcd_edpt_stall
 .text.dcd_edpt_clear_stall
                0x100051e0       0x20 Tablero/CMakeFiles/Lavadora.dir/C_/Program_Files/Raspberry_Pi/Pico_SDK_v1.5.1/pico-sdk/lib/tinyusb/src/portable/raspberrypi/rp2040/dcd_rp2040.c.obj
                0x100051e0                dcd_edpt_clear_stall
 .text.rp2040_usb_init
                0x10005200       0x4c Tablero/CMakeFiles/Lavadora.dir/C_/Program_Files/Raspberry_Pi/Pico_SDK_v1.5.1/pico-sdk/lib/tinyusb/src/portable/raspberrypi/rp2040/rp2040_usb.c.obj
                0x10005200                rp2040_usb_init
 .text.hw_endpoint_xfer_start
                0x1000524c       0x50 Tablero/CMakeFiles/Lavadora.dir/C_/Program_Files/Raspberry_Pi/Pico_SDK_v1.5.1/pico-sdk/lib/tinyusb/src/portable/raspberrypi/rp2040/rp2040_usb.c.obj
                0x1000524c                hw_endpoint_xfer_start
 .text.configuration_reset
                0x1000529c       0x84 Tablero/CMakeFiles/Lavadora.dir/C_/Program_Files/Raspberry_Pi/Pico_SDK_v1.5.1/pico-sdk/lib/tinyusb/src/device/usbd.c.obj
 .text.usbd_reset
                0x10005320        0xc Tablero/CMakeFiles/Lavadora.dir/C_/Program_Files/Raspberry_Pi/Pico_SDK_v1.5.1/pico-sdk/lib/tinyusb/src/device/usbd.c.obj
 .text.invoke_class_control
                0x1000532c       0x1a Tablero/CMakeFiles/Lavadora.dir/C_/Program_Files/Raspberry_Pi/Pico_SDK_v1.5.1/pico-sdk/lib/tinyusb/src/device/usbd.c.obj
 *fill*         0x10005346        0x2 
 .text.process_set_config
                0x10005348      0x178 Tablero/CMakeFiles/Lavadora.dir/C_/Program_Files/Raspberry_Pi/Pico_SDK_v1.5.1/pico-sdk/lib/tinyusb/src/device/usbd.c.obj
 .text.process_get_descriptor
                0x100054c0       0xdc Tablero/CMakeFiles/Lavadora.dir/C_/Program_Files/Raspberry_Pi/Pico_SDK_v1.5.1/pico-sdk/lib/tinyusb/src/device/usbd.c.obj
 .text.tud_mounted
                0x1000559c       0x10 Tablero/CMakeFiles/Lavadora.dir/C_/Program_Files/Raspberry_Pi/Pico_SDK_v1.5.1/pico-sdk/lib/tinyusb/src/device/usbd.c.obj
                0x1000559c                tud_mounted
 .text.tud_suspended
                0x100055ac       0x10 Tablero/CMakeFiles/Lavadora.dir/C_/Program_Files/Raspberry_Pi/Pico_SDK_v1.5.1/pico-sdk/lib/tinyusb/src/device/usbd.c.obj
                0x100055ac                tud_suspended
 .text.tud_inited
                0x100055bc       0x14 Tablero/CMakeFiles/Lavadora.dir/C_/Program_Files/Raspberry_Pi/Pico_SDK_v1.5.1/pico-sdk/lib/tinyusb/src/device/usbd.c.obj
                0x100055bc                tud_inited
 .text.tud_init
                0x100055d0       0xcc Tablero/CMakeFiles/Lavadora.dir/C_/Program_Files/Raspberry_Pi/Pico_SDK_v1.5.1/pico-sdk/lib/tinyusb/src/device/usbd.c.obj
                0x100055d0                tud_init
 .text.usbd_defer_func
                0x1000569c       0x2a Tablero/CMakeFiles/Lavadora.dir/C_/Program_Files/Raspberry_Pi/Pico_SDK_v1.5.1/pico-sdk/lib/tinyusb/src/device/usbd.c.obj
                0x1000569c                usbd_defer_func
 *fill*         0x100056c6        0x2 
 .text.usbd_edpt_open
                0x100056c8       0x34 Tablero/CMakeFiles/Lavadora.dir/C_/Program_Files/Raspberry_Pi/Pico_SDK_v1.5.1/pico-sdk/lib/tinyusb/src/device/usbd.c.obj
                0x100056c8                usbd_edpt_open
 .text.usbd_open_edpt_pair
                0x100056fc       0x62 Tablero/CMakeFiles/Lavadora.dir/C_/Program_Files/Raspberry_Pi/Pico_SDK_v1.5.1/pico-sdk/lib/tinyusb/src/device/usbd.c.obj
                0x100056fc                usbd_open_edpt_pair
 *fill*         0x1000575e        0x2 
 .text.usbd_edpt_claim
                0x10005760       0x28 Tablero/CMakeFiles/Lavadora.dir/C_/Program_Files/Raspberry_Pi/Pico_SDK_v1.5.1/pico-sdk/lib/tinyusb/src/device/usbd.c.obj
                0x10005760                usbd_edpt_claim
 .text.usbd_edpt_release
                0x10005788       0x28 Tablero/CMakeFiles/Lavadora.dir/C_/Program_Files/Raspberry_Pi/Pico_SDK_v1.5.1/pico-sdk/lib/tinyusb/src/device/usbd.c.obj
                0x10005788                usbd_edpt_release
 .text.usbd_edpt_xfer
                0x100057b0       0x78 Tablero/CMakeFiles/Lavadora.dir/C_/Program_Files/Raspberry_Pi/Pico_SDK_v1.5.1/pico-sdk/lib/tinyusb/src/device/usbd.c.obj
                0x100057b0                usbd_edpt_xfer
 .text.usbd_edpt_stall
                0x10005828       0x48 Tablero/CMakeFiles/Lavadora.dir/C_/Program_Files/Raspberry_Pi/Pico_SDK_v1.5.1/pico-sdk/lib/tinyusb/src/device/usbd.c.obj
                0x10005828                usbd_edpt_stall
 .text.usbd_edpt_clear_stall
                0x10005870       0x48 Tablero/CMakeFiles/Lavadora.dir/C_/Program_Files/Raspberry_Pi/Pico_SDK_v1.5.1/pico-sdk/lib/tinyusb/src/device/usbd.c.obj
                0x10005870                usbd_edpt_clear_stall
 .text.usbd_edpt_stalled
                0x100058b8       0x1c Tablero/CMakeFiles/Lavadora.dir/C_/Program_Files/Raspberry_Pi/Pico_SDK_v1.5.1/pico-sdk/lib/tinyusb/src/device/usbd.c.obj
                0x100058b8                usbd_edpt_stalled
 .text.process_control_request
                0x100058d4      0x37c Tablero/CMakeFiles/Lavadora.dir/C_/Program_Files/Raspberry_Pi/Pico_SDK_v1.5.1/pico-sdk/lib/tinyusb/src/device/usbd.c.obj
 .text.tud_task_ext
                0x10005c50      0x1b8 Tablero/CMakeFiles/Lavadora.dir/C_/Program_Files/Raspberry_Pi/Pico_SDK_v1.5.1/pico-sdk/lib/tinyusb/src/device/usbd.c.obj
                0x10005c50                tud_task_ext
 .text._data_stage_xact
                0x10005e08       0x58 Tablero/CMakeFiles/Lavadora.dir/C_/Program_Files/Raspberry_Pi/Pico_SDK_v1.5.1/pico-sdk/lib/tinyusb/src/device/usbd_control.c.obj
 .text.tud_control_status
                0x10005e60       0x38 Tablero/CMakeFiles/Lavadora.dir/C_/Program_Files/Raspberry_Pi/Pico_SDK_v1.5.1/pico-sdk/lib/tinyusb/src/device/usbd_control.c.obj
                0x10005e60                tud_control_status
 .text.tud_control_xfer
                0x10005e98       0x74 Tablero/CMakeFiles/Lavadora.dir/C_/Program_Files/Raspberry_Pi/Pico_SDK_v1.5.1/pico-sdk/lib/tinyusb/src/device/usbd_control.c.obj
                0x10005e98                tud_control_xfer
 .text.usbd_control_reset
                0x10005f0c       0x14 Tablero/CMakeFiles/Lavadora.dir/C_/Program_Files/Raspberry_Pi/Pico_SDK_v1.5.1/pico-sdk/lib/tinyusb/src/device/usbd_control.c.obj
                0x10005f0c                usbd_control_reset
 .text.usbd_control_set_complete_callback
                0x10005f20        0xc Tablero/CMakeFiles/Lavadora.dir/C_/Program_Files/Raspberry_Pi/Pico_SDK_v1.5.1/pico-sdk/lib/tinyusb/src/device/usbd_control.c.obj
                0x10005f20                usbd_control_set_complete_callback
 .text.usbd_control_set_request
                0x10005f2c       0x1c Tablero/CMakeFiles/Lavadora.dir/C_/Program_Files/Raspberry_Pi/Pico_SDK_v1.5.1/pico-sdk/lib/tinyusb/src/device/usbd_control.c.obj
                0x10005f2c                usbd_control_set_request
 .text.usbd_control_xfer_cb
                0x10005f48       0xcc Tablero/CMakeFiles/Lavadora.dir/C_/Program_Files/Raspberry_Pi/Pico_SDK_v1.5.1/pico-sdk/lib/tinyusb/src/device/usbd_control.c.obj
                0x10005f48                usbd_control_xfer_cb
 .text._prep_out_transaction
                0x10006014       0x4a Tablero/CMakeFiles/Lavadora.dir/C_/Program_Files/Raspberry_Pi/Pico_SDK_v1.5.1/pico-sdk/lib/tinyusb/src/class/cdc/cdc_device.c.obj
 *fill*         0x1000605e        0x2 
 .text.tud_cdc_n_connected
                0x10006060       0x44 Tablero/CMakeFiles/Lavadora.dir/C_/Program_Files/Raspberry_Pi/Pico_SDK_v1.5.1/pico-sdk/lib/tinyusb/src/class/cdc/cdc_device.c.obj
                0x10006060                tud_cdc_n_connected
 .text.tud_cdc_n_available
                0x100060a4       0x18 Tablero/CMakeFiles/Lavadora.dir/C_/Program_Files/Raspberry_Pi/Pico_SDK_v1.5.1/pico-sdk/lib/tinyusb/src/class/cdc/cdc_device.c.obj
                0x100060a4                tud_cdc_n_available
 .text.tud_cdc_n_read
                0x100060bc       0x28 Tablero/CMakeFiles/Lavadora.dir/C_/Program_Files/Raspberry_Pi/Pico_SDK_v1.5.1/pico-sdk/lib/tinyusb/src/class/cdc/cdc_device.c.obj
                0x100060bc                tud_cdc_n_read
 .text.tud_cdc_n_write_flush
                0x100060e4       0xb8 Tablero/CMakeFiles/Lavadora.dir/C_/Program_Files/Raspberry_Pi/Pico_SDK_v1.5.1/pico-sdk/lib/tinyusb/src/class/cdc/cdc_device.c.obj
                0x100060e4                tud_cdc_n_write_flush
 .text.tud_cdc_n_write
                0x1000619c       0x38 Tablero/CMakeFiles/Lavadora.dir/C_/Program_Files/Raspberry_Pi/Pico_SDK_v1.5.1/pico-sdk/lib/tinyusb/src/class/cdc/cdc_device.c.obj
                0x1000619c                tud_cdc_n_write
 .text.tud_cdc_n_write_available
                0x100061d4       0x1c Tablero/CMakeFiles/Lavadora.dir/C_/Program_Files/Raspberry_Pi/Pico_SDK_v1.5.1/pico-sdk/lib/tinyusb/src/class/cdc/cdc_device.c.obj
                0x100061d4                tud_cdc_n_write_available
 .text.cdcd_init
                0x100061f0       0xbc Tablero/CMakeFiles/Lavadora.dir/C_/Program_Files/Raspberry_Pi/Pico_SDK_v1.5.1/pico-sdk/lib/tinyusb/src/class/cdc/cdc_device.c.obj
                0x100061f0                cdcd_init
 .text.cdcd_reset
                0x100062ac       0x44 Tablero/CMakeFiles/Lavadora.dir/C_/Program_Files/Raspberry_Pi/Pico_SDK_v1.5.1/pico-sdk/lib/tinyusb/src/class/cdc/cdc_device.c.obj
                0x100062ac                cdcd_reset
 .text.cdcd_open
                0x100062f0       0xcc Tablero/CMakeFiles/Lavadora.dir/C_/Program_Files/Raspberry_Pi/Pico_SDK_v1.5.1/pico-sdk/lib/tinyusb/src/class/cdc/cdc_device.c.obj
                0x100062f0                cdcd_open
 .text.cdcd_control_xfer_cb
                0x100063bc      0x134 Tablero/CMakeFiles/Lavadora.dir/C_/Program_Files/Raspberry_Pi/Pico_SDK_v1.5.1/pico-sdk/lib/tinyusb/src/class/cdc/cdc_device.c.obj
                0x100063bc                cdcd_control_xfer_cb
 .text.cdcd_xfer_cb
                0x100064f0      0x130 Tablero/CMakeFiles/Lavadora.dir/C_/Program_Files/Raspberry_Pi/Pico_SDK_v1.5.1/pico-sdk/lib/tinyusb/src/class/cdc/cdc_device.c.obj
                0x100064f0                cdcd_xfer_cb
 .text.tusb_init
                0x10006620        0xa Tablero/CMakeFiles/Lavadora.dir/C_/Program_Files/Raspberry_Pi/Pico_SDK_v1.5.1/pico-sdk/lib/tinyusb/src/tusb.c.obj
                0x10006620                tusb_init
 .text.tusb_inited
                0x1000662a        0xe Tablero/CMakeFiles/Lavadora.dir/C_/Program_Files/Raspberry_Pi/Pico_SDK_v1.5.1/pico-sdk/lib/tinyusb/src/tusb.c.obj
                0x1000662a                tusb_inited
 .text.tu_edpt_claim
                0x10006638       0x50 Tablero/CMakeFiles/Lavadora.dir/C_/Program_Files/Raspberry_Pi/Pico_SDK_v1.5.1/pico-sdk/lib/tinyusb/src/tusb.c.obj
                0x10006638                tu_edpt_claim
 .text.tu_edpt_release
                0x10006688       0x3c Tablero/CMakeFiles/Lavadora.dir/C_/Program_Files/Raspberry_Pi/Pico_SDK_v1.5.1/pico-sdk/lib/tinyusb/src/tusb.c.obj
                0x10006688                tu_edpt_release
 .text.tu_edpt_validate
                0x100066c4       0x78 Tablero/CMakeFiles/Lavadora.dir/C_/Program_Files/Raspberry_Pi/Pico_SDK_v1.5.1/pico-sdk/lib/tinyusb/src/tusb.c.obj
                0x100066c4                tu_edpt_validate
 .text.tu_edpt_bind_driver
                0x1000673c       0x26 Tablero/CMakeFiles/Lavadora.dir/C_/Program_Files/Raspberry_Pi/Pico_SDK_v1.5.1/pico-sdk/lib/tinyusb/src/tusb.c.obj
                0x1000673c                tu_edpt_bind_driver
 .text.advance_index
                0x10006762       0x1a Tablero/CMakeFiles/Lavadora.dir/C_/Program_Files/Raspberry_Pi/Pico_SDK_v1.5.1/pico-sdk/lib/tinyusb/src/common/tusb_fifo.c.obj
 .text._tu_fifo_peek
                0x1000677c       0x56 Tablero/CMakeFiles/Lavadora.dir/C_/Program_Files/Raspberry_Pi/Pico_SDK_v1.5.1/pico-sdk/lib/tinyusb/src/common/tusb_fifo.c.obj
 .text._ff_pull_const_addr
                0x100067d2       0x4c Tablero/CMakeFiles/Lavadora.dir/C_/Program_Files/Raspberry_Pi/Pico_SDK_v1.5.1/pico-sdk/lib/tinyusb/src/common/tusb_fifo.c.obj
 .text._ff_pull_n
                0x1000681e      0x110 Tablero/CMakeFiles/Lavadora.dir/C_/Program_Files/Raspberry_Pi/Pico_SDK_v1.5.1/pico-sdk/lib/tinyusb/src/common/tusb_fifo.c.obj
 .text._tu_fifo_peek_n
                0x1000692e       0x6a Tablero/CMakeFiles/Lavadora.dir/C_/Program_Files/Raspberry_Pi/Pico_SDK_v1.5.1/pico-sdk/lib/tinyusb/src/common/tusb_fifo.c.obj
 .text._tu_fifo_read_n
                0x10006998       0x4e Tablero/CMakeFiles/Lavadora.dir/C_/Program_Files/Raspberry_Pi/Pico_SDK_v1.5.1/pico-sdk/lib/tinyusb/src/common/tusb_fifo.c.obj
 .text._ff_push_const_addr
                0x100069e6       0x40 Tablero/CMakeFiles/Lavadora.dir/C_/Program_Files/Raspberry_Pi/Pico_SDK_v1.5.1/pico-sdk/lib/tinyusb/src/common/tusb_fifo.c.obj
 .text._ff_push_n
                0x10006a26      0x10c Tablero/CMakeFiles/Lavadora.dir/C_/Program_Files/Raspberry_Pi/Pico_SDK_v1.5.1/pico-sdk/lib/tinyusb/src/common/tusb_fifo.c.obj
 .text._tu_fifo_write_n
                0x10006b32       0xf0 Tablero/CMakeFiles/Lavadora.dir/C_/Program_Files/Raspberry_Pi/Pico_SDK_v1.5.1/pico-sdk/lib/tinyusb/src/common/tusb_fifo.c.obj
 .text.tu_fifo_config
                0x10006c22       0x7c Tablero/CMakeFiles/Lavadora.dir/C_/Program_Files/Raspberry_Pi/Pico_SDK_v1.5.1/pico-sdk/lib/tinyusb/src/common/tusb_fifo.c.obj
                0x10006c22                tu_fifo_config
 .text.tu_fifo_count
                0x10006c9e       0x2a Tablero/CMakeFiles/Lavadora.dir/C_/Program_Files/Raspberry_Pi/Pico_SDK_v1.5.1/pico-sdk/lib/tinyusb/src/common/tusb_fifo.c.obj
                0x10006c9e                tu_fifo_count
 .text.tu_fifo_empty
                0x10006cc8       0x10 Tablero/CMakeFiles/Lavadora.dir/C_/Program_Files/Raspberry_Pi/Pico_SDK_v1.5.1/pico-sdk/lib/tinyusb/src/common/tusb_fifo.c.obj
                0x10006cc8                tu_fifo_empty
 .text.tu_fifo_full
                0x10006cd8       0x28 Tablero/CMakeFiles/Lavadora.dir/C_/Program_Files/Raspberry_Pi/Pico_SDK_v1.5.1/pico-sdk/lib/tinyusb/src/common/tusb_fifo.c.obj
                0x10006cd8                tu_fifo_full
 .text.tu_fifo_remaining
                0x10006d00       0x2c Tablero/CMakeFiles/Lavadora.dir/C_/Program_Files/Raspberry_Pi/Pico_SDK_v1.5.1/pico-sdk/lib/tinyusb/src/common/tusb_fifo.c.obj
                0x10006d00                tu_fifo_remaining
 .text.tu_fifo_read
                0x10006d2c       0x42 Tablero/CMakeFiles/Lavadora.dir/C_/Program_Files/Raspberry_Pi/Pico_SDK_v1.5.1/pico-sdk/lib/tinyusb/src/common/tusb_fifo.c.obj
                0x10006d2c                tu_fifo_read
 .text.tu_fifo_read_n
                0x10006d6e        0xa Tablero/CMakeFiles/Lavadora.dir/C_/Program_Files/Raspberry_Pi/Pico_SDK_v1.5.1/pico-sdk/lib/tinyusb/src/common/tusb_fifo.c.obj
                0x10006d6e                tu_fifo_read_n
 .text.tu_fifo_write
                0x10006d78       0x64 Tablero/CMakeFiles/Lavadora.dir/C_/Program_Files/Raspberry_Pi/Pico_SDK_v1.5.1/pico-sdk/lib/tinyusb/src/common/tusb_fifo.c.obj
                0x10006d78                tu_fifo_write
 .text.tu_fifo_write_n
                0x10006ddc        0xa Tablero/CMakeFiles/Lavadora.dir/C_/Program_Files/Raspberry_Pi/Pico_SDK_v1.5.1/pico-sdk/lib/tinyusb/src/common/tusb_fifo.c.obj
                0x10006ddc                tu_fifo_write_n
 .text.tu_fifo_clear
                0x10006de6       0x3e Tablero/CMakeFiles/Lavadora.dir/C_/Program_Files/Raspberry_Pi/Pico_SDK_v1.5.1/pico-sdk/lib/tinyusb/src/common/tusb_fifo.c.obj
                0x10006de6                tu_fifo_clear
 .text.tu_fifo_set_overwritable
                0x10006e24       0x46 Tablero/CMakeFiles/Lavadora.dir/C_/Program_Files/Raspberry_Pi/Pico_SDK_v1.5.1/pico-sdk/lib/tinyusb/src/common/tusb_fifo.c.obj
                0x10006e24                tu_fifo_set_overwritable
 *fill*         0x10006e6a        0x2 
 .text.strlen   0x10006e6c       0x5c c:/progra~1/raspbe~1/picosd~1.1/gcc-ar~1/bin/../lib/gcc/arm-none-eabi/10.3.1/../../../../arm-none-eabi/lib/thumb/v6-m/nofp\libg.a(lib_a-strlen-stub.o)
                0x10006e6c                strlen
 *(.fini)
 .fini          0x10006ec8        0x4 c:/progra~1/raspbe~1/picosd~1.1/gcc-ar~1/bin/../lib/gcc/arm-none-eabi/10.3.1/thumb/v6-m/nofp/crti.o
                0x10006ec8                _fini
 *fill*         0x10006ecc        0x4 
 .fini.__stub   0x10006ed0       0xe0 linker stubs
 *crtbegin.o(.ctors)
 *crtbegin?.o(.ctors)
 *(EXCLUDE_FILE(*crtend.o *crtend?.o) .ctors)
 *(SORT_BY_NAME(.ctors.*))
 *(.ctors)
 *crtbegin.o(.dtors)
 *crtbegin?.o(.dtors)
 *(EXCLUDE_FILE(*crtend.o *crtend?.o) .dtors)
 *(SORT_BY_NAME(.dtors.*))
 *(.dtors)
 *(.eh_frame*)
 .eh_frame      0x10006fb0        0x0 c:/progra~1/raspbe~1/picosd~1.1/gcc-ar~1/bin/../lib/gcc/arm-none-eabi/10.3.1/thumb/v6-m/nofp/crtbegin.o
                0x10006fb0                . = ALIGN (0x4)

.glue_7         0x10006fb0        0x0
 .glue_7        0x10006fb0        0x0 linker stubs

.glue_7t        0x10006fb0        0x0
 .glue_7t       0x10006fb0        0x0 linker stubs

.vfp11_veneer   0x10006fb0        0x0
 .vfp11_veneer  0x10006fb0        0x0 linker stubs

.v4_bx          0x10006fb0        0x0
 .v4_bx         0x10006fb0        0x0 linker stubs

.iplt           0x10006fb0        0x0
 .iplt          0x10006fb0        0x0 c:/progra~1/raspbe~1/picosd~1.1/gcc-ar~1/bin/../lib/gcc/arm-none-eabi/10.3.1/thumb/v6-m/nofp/crtbegin.o

.rodata         0x10006fb0     0x17f8
 *(EXCLUDE_FILE(*libm.a: *libc.a:*lib_a-mem*.o *libgcc.a:) .rodata*)
 .rodata.main.str1.4
                0x10006fb0        0x4 Tablero/CMakeFiles/Lavadora.dir/main.c.obj
 .rodata        0x10006fb4       0x58 Tablero/CMakeFiles/Lavadora.dir/main.c.obj
 .rodata        0x1000700c       0x28 Tablero/CMakeFiles/Lavadora.dir/temporizador.c.obj
 .rodata        0x10007034       0x10 Tablero/CMakeFiles/Lavadora.dir/Teclado.c.obj
 .rodata.spin_lock_claim_unused.str1.4
                0x10007044       0x1b Tablero/CMakeFiles/Lavadora.dir/C_/Program_Files/Raspberry_Pi/Pico_SDK_v1.5.1/pico-sdk/src/rp2_common/hardware_sync/sync.c.obj
 *fill*         0x1000705f        0x1 
 .rodata.make_branch.str1.4
                0x10007060       0x89 Tablero/CMakeFiles/Lavadora.dir/C_/Program_Files/Raspberry_Pi/Pico_SDK_v1.5.1/pico-sdk/src/rp2_common/hardware_irq/irq.c.obj
 *fill*         0x100070e9        0x3 
 .rodata.insert_branch_and_link.str1.4
                0x100070ec       0x10 Tablero/CMakeFiles/Lavadora.dir/C_/Program_Files/Raspberry_Pi/Pico_SDK_v1.5.1/pico-sdk/src/rp2_common/hardware_irq/irq.c.obj
 .rodata.irq_set_exclusive_handler.str1.4
                0x100070fc       0x36 Tablero/CMakeFiles/Lavadora.dir/C_/Program_Files/Raspberry_Pi/Pico_SDK_v1.5.1/pico-sdk/src/rp2_common/hardware_irq/irq.c.obj
 *fill*         0x10007132        0x2 
 .rodata.irq_add_shared_handler.str1.4
                0x10007134       0xd9 Tablero/CMakeFiles/Lavadora.dir/C_/Program_Files/Raspberry_Pi/Pico_SDK_v1.5.1/pico-sdk/src/rp2_common/hardware_irq/irq.c.obj
 *fill*         0x1000720d        0x3 
 .rodata.irq_remove_handler.str1.4
                0x10007210       0x3a Tablero/CMakeFiles/Lavadora.dir/C_/Program_Files/Raspberry_Pi/Pico_SDK_v1.5.1/pico-sdk/src/rp2_common/hardware_irq/irq.c.obj
 *fill*         0x1000724a        0x2 
 .rodata.irq_add_tail_to_free_list.str1.4
                0x1000724c       0x3a Tablero/CMakeFiles/Lavadora.dir/C_/Program_Files/Raspberry_Pi/Pico_SDK_v1.5.1/pico-sdk/src/rp2_common/hardware_irq/irq.c.obj
 *fill*         0x10007286        0x2 
 .rodata.user_irq_claim_unused.str1.4
                0x10007288       0x1b Tablero/CMakeFiles/Lavadora.dir/C_/Program_Files/Raspberry_Pi/Pico_SDK_v1.5.1/pico-sdk/src/rp2_common/hardware_irq/irq.c.obj
 *fill*         0x100072a3        0x1 
 .rodata.__func__.0
                0x100072a4       0x1a Tablero/CMakeFiles/Lavadora.dir/C_/Program_Files/Raspberry_Pi/Pico_SDK_v1.5.1/pico-sdk/src/rp2_common/hardware_irq/irq.c.obj
 *fill*         0x100072be        0x2 
 .rodata.__func__.1
                0x100072c0       0x17 Tablero/CMakeFiles/Lavadora.dir/C_/Program_Files/Raspberry_Pi/Pico_SDK_v1.5.1/pico-sdk/src/rp2_common/hardware_irq/irq.c.obj
 *fill*         0x100072d7        0x1 
 .rodata.__func__.2
                0x100072d8       0x13 Tablero/CMakeFiles/Lavadora.dir/C_/Program_Files/Raspberry_Pi/Pico_SDK_v1.5.1/pico-sdk/src/rp2_common/hardware_irq/irq.c.obj
 *fill*         0x100072eb        0x1 
 .rodata.__func__.3
                0x100072ec        0xc Tablero/CMakeFiles/Lavadora.dir/C_/Program_Files/Raspberry_Pi/Pico_SDK_v1.5.1/pico-sdk/src/rp2_common/hardware_irq/irq.c.obj
 .rodata.__func__.4
                0x100072f8        0xf Tablero/CMakeFiles/Lavadora.dir/C_/Program_Files/Raspberry_Pi/Pico_SDK_v1.5.1/pico-sdk/src/rp2_common/hardware_irq/irq.c.obj
 *fill*         0x10007307        0x1 
 .rodata.__func__.5
                0x10007308       0x17 Tablero/CMakeFiles/Lavadora.dir/C_/Program_Files/Raspberry_Pi/Pico_SDK_v1.5.1/pico-sdk/src/rp2_common/hardware_irq/irq.c.obj
 *fill*         0x1000731f        0x1 
 .rodata.__func__.6
                0x10007320       0x1a Tablero/CMakeFiles/Lavadora.dir/C_/Program_Files/Raspberry_Pi/Pico_SDK_v1.5.1/pico-sdk/src/rp2_common/hardware_irq/irq.c.obj
 *fill*         0x1000733a        0x2 
 .rodata.str1.4
                0x1000733c      0x125 Tablero/CMakeFiles/Lavadora.dir/C_/Program_Files/Raspberry_Pi/Pico_SDK_v1.5.1/pico-sdk/src/common/pico_sync/mutex.c.obj
 *fill*         0x10007461        0x3 
 .rodata.__func__.1
                0x10007464        0xb Tablero/CMakeFiles/Lavadora.dir/C_/Program_Files/Raspberry_Pi/Pico_SDK_v1.5.1/pico-sdk/src/common/pico_sync/mutex.c.obj
 *fill*         0x1000746f        0x1 
 .rodata.__func__.3
                0x10007470       0x18 Tablero/CMakeFiles/Lavadora.dir/C_/Program_Files/Raspberry_Pi/Pico_SDK_v1.5.1/pico-sdk/src/common/pico_sync/mutex.c.obj
 .rodata.__func__.4
                0x10007488       0x15 Tablero/CMakeFiles/Lavadora.dir/C_/Program_Files/Raspberry_Pi/Pico_SDK_v1.5.1/pico-sdk/src/common/pico_sync/mutex.c.obj
 *fill*         0x1000749d        0x3 
 .rodata.repeating_timer_callback.str1.4
                0x100074a0       0x67 Tablero/CMakeFiles/Lavadora.dir/C_/Program_Files/Raspberry_Pi/Pico_SDK_v1.5.1/pico-sdk/src/common/pico_time/time.c.obj
 *fill*         0x10007507        0x1 
 .rodata.timer_pool_entry_comparator.str1.4
                0x10007508       0x22 Tablero/CMakeFiles/Lavadora.dir/C_/Program_Files/Raspberry_Pi/Pico_SDK_v1.5.1/pico-sdk/src/common/pico_time/time.c.obj
 *fill*         0x1000752a        0x2 
 .rodata.ph_add_child_node.str1.4
                0x1000752c       0xb2 Tablero/CMakeFiles/Lavadora.dir/C_/Program_Files/Raspberry_Pi/Pico_SDK_v1.5.1/pico-sdk/src/common/pico_time/time.c.obj
 *fill*         0x100075de        0x2 
 .rodata.add_alarm_under_lock.str1.4
                0x100075e0       0x28 Tablero/CMakeFiles/Lavadora.dir/C_/Program_Files/Raspberry_Pi/Pico_SDK_v1.5.1/pico-sdk/src/common/pico_time/time.c.obj
                                 0x2b (size before relaxing)
 .rodata.alarm_pool_alarm_callback.str1.4
                0x10007608       0x98 Tablero/CMakeFiles/Lavadora.dir/C_/Program_Files/Raspberry_Pi/Pico_SDK_v1.5.1/pico-sdk/src/common/pico_time/time.c.obj
                                0x118 (size before relaxing)
 .rodata.alarm_pool_get_default.str1.4
                0x100076a0       0x21 Tablero/CMakeFiles/Lavadora.dir/C_/Program_Files/Raspberry_Pi/Pico_SDK_v1.5.1/pico-sdk/src/common/pico_time/time.c.obj
 *fill*         0x100076c1        0x3 
 .rodata.alarm_pool_cancel_alarm.str1.4
                0x100076c4       0x27 Tablero/CMakeFiles/Lavadora.dir/C_/Program_Files/Raspberry_Pi/Pico_SDK_v1.5.1/pico-sdk/src/common/pico_time/time.c.obj
 *fill*         0x100076eb        0x1 
 .rodata.sleep_until.str1.4
                0x100076ec       0x4d Tablero/CMakeFiles/Lavadora.dir/C_/Program_Files/Raspberry_Pi/Pico_SDK_v1.5.1/pico-sdk/src/common/pico_time/time.c.obj
 *fill*         0x10007739        0x3 
 .rodata.__func__.1
                0x1000773c       0x18 Tablero/CMakeFiles/Lavadora.dir/C_/Program_Files/Raspberry_Pi/Pico_SDK_v1.5.1/pico-sdk/src/common/pico_time/time.c.obj
 .rodata.__func__.10
                0x10007754       0x15 Tablero/CMakeFiles/Lavadora.dir/C_/Program_Files/Raspberry_Pi/Pico_SDK_v1.5.1/pico-sdk/src/common/pico_time/time.c.obj
 *fill*         0x10007769        0x3 
 .rodata.__func__.11
                0x1000776c       0x1a Tablero/CMakeFiles/Lavadora.dir/C_/Program_Files/Raspberry_Pi/Pico_SDK_v1.5.1/pico-sdk/src/common/pico_time/time.c.obj
 *fill*         0x10007786        0x2 
 .rodata.__func__.12
                0x10007788        0xa Tablero/CMakeFiles/Lavadora.dir/C_/Program_Files/Raspberry_Pi/Pico_SDK_v1.5.1/pico-sdk/src/common/pico_time/time.c.obj
 *fill*         0x10007792        0x2 
 .rodata.__func__.3
                0x10007794       0x17 Tablero/CMakeFiles/Lavadora.dir/C_/Program_Files/Raspberry_Pi/Pico_SDK_v1.5.1/pico-sdk/src/common/pico_time/time.c.obj
 *fill*         0x100077ab        0x1 
 .rodata.__func__.4
                0x100077ac       0x12 Tablero/CMakeFiles/Lavadora.dir/C_/Program_Files/Raspberry_Pi/Pico_SDK_v1.5.1/pico-sdk/src/common/pico_time/time.c.obj
 *fill*         0x100077be        0x2 
 .rodata.__func__.5
                0x100077c0        0xd Tablero/CMakeFiles/Lavadora.dir/C_/Program_Files/Raspberry_Pi/Pico_SDK_v1.5.1/pico-sdk/src/common/pico_time/time.c.obj
 *fill*         0x100077cd        0x3 
 .rodata.__func__.6
                0x100077d0       0x12 Tablero/CMakeFiles/Lavadora.dir/C_/Program_Files/Raspberry_Pi/Pico_SDK_v1.5.1/pico-sdk/src/common/pico_time/time.c.obj
 *fill*         0x100077e2        0x2 
 .rodata.__func__.7
                0x100077e4        0xf Tablero/CMakeFiles/Lavadora.dir/C_/Program_Files/Raspberry_Pi/Pico_SDK_v1.5.1/pico-sdk/src/common/pico_time/time.c.obj
 *fill*         0x100077f3        0x1 
 .rodata.__func__.8
                0x100077f4        0xc Tablero/CMakeFiles/Lavadora.dir/C_/Program_Files/Raspberry_Pi/Pico_SDK_v1.5.1/pico-sdk/src/common/pico_time/time.c.obj
 .rodata.__func__.9
                0x10007800       0x15 Tablero/CMakeFiles/Lavadora.dir/C_/Program_Files/Raspberry_Pi/Pico_SDK_v1.5.1/pico-sdk/src/common/pico_time/time.c.obj
 *fill*         0x10007815        0x3 
 .rodata.hardware_alarm_claim.str1.4
                0x10007818       0x22 Tablero/CMakeFiles/Lavadora.dir/C_/Program_Files/Raspberry_Pi/Pico_SDK_v1.5.1/pico-sdk/src/rp2_common/hardware_timer/timer.c.obj
 .rodata.busy_wait_us.str1.4
                0x1000783a       0x7d Tablero/CMakeFiles/Lavadora.dir/C_/Program_Files/Raspberry_Pi/Pico_SDK_v1.5.1/pico-sdk/src/rp2_common/hardware_timer/timer.c.obj
 *fill*         0x1000783a        0x2 
 .rodata.hardware_alarm_set_target.str1.4
                0x1000783c       0x81 Tablero/CMakeFiles/Lavadora.dir/C_/Program_Files/Raspberry_Pi/Pico_SDK_v1.5.1/pico-sdk/src/rp2_common/hardware_timer/timer.c.obj
 *fill*         0x100078bd        0x3 
 .rodata.__func__.0
                0x100078c0       0x1a Tablero/CMakeFiles/Lavadora.dir/C_/Program_Files/Raspberry_Pi/Pico_SDK_v1.5.1/pico-sdk/src/rp2_common/hardware_timer/timer.c.obj
 *fill*         0x100078da        0x2 
 .rodata.__func__.1
                0x100078dc       0x15 Tablero/CMakeFiles/Lavadora.dir/C_/Program_Files/Raspberry_Pi/Pico_SDK_v1.5.1/pico-sdk/src/rp2_common/hardware_timer/timer.c.obj
 .rodata.ph_add_child_node.str1.4
                0x100078f1       0xb2 Tablero/CMakeFiles/Lavadora.dir/C_/Program_Files/Raspberry_Pi/Pico_SDK_v1.5.1/pico-sdk/src/common/pico_util/pheap.c.obj
 *fill*         0x100078f1        0x3 
 .rodata.ph_remove_any_head.str1.4
                0x100078f4       0xa8 Tablero/CMakeFiles/Lavadora.dir/C_/Program_Files/Raspberry_Pi/Pico_SDK_v1.5.1/pico-sdk/src/common/pico_util/pheap.c.obj
                                 0xbc (size before relaxing)
 .rodata.ph_remove_and_free_node.str1.4
                0x1000799c       0x1e Tablero/CMakeFiles/Lavadora.dir/C_/Program_Files/Raspberry_Pi/Pico_SDK_v1.5.1/pico-sdk/src/common/pico_util/pheap.c.obj
                                 0x26 (size before relaxing)
 *fill*         0x100079ba        0x2 
 .rodata.__func__.0
                0x100079bc       0x18 Tablero/CMakeFiles/Lavadora.dir/C_/Program_Files/Raspberry_Pi/Pico_SDK_v1.5.1/pico-sdk/src/common/pico_util/pheap.c.obj
 .rodata.__func__.1
                0x100079d4       0x13 Tablero/CMakeFiles/Lavadora.dir/C_/Program_Files/Raspberry_Pi/Pico_SDK_v1.5.1/pico-sdk/src/common/pico_util/pheap.c.obj
 *fill*         0x100079e7        0x1 
 .rodata.__func__.2
                0x100079e8       0x12 Tablero/CMakeFiles/Lavadora.dir/C_/Program_Files/Raspberry_Pi/Pico_SDK_v1.5.1/pico-sdk/src/common/pico_util/pheap.c.obj
 *fill*         0x100079fa        0x2 
 .rodata.__func__.3
                0x100079fc        0xc Tablero/CMakeFiles/Lavadora.dir/C_/Program_Files/Raspberry_Pi/Pico_SDK_v1.5.1/pico-sdk/src/common/pico_util/pheap.c.obj
 .rodata.clock_configure.str1.4
                0x10007a08       0x73 Tablero/CMakeFiles/Lavadora.dir/C_/Program_Files/Raspberry_Pi/Pico_SDK_v1.5.1/pico-sdk/src/rp2_common/hardware_clocks/clocks.c.obj
 *fill*         0x10007a7b        0x1 
 .rodata.__func__.1
                0x10007a7c       0x10 Tablero/CMakeFiles/Lavadora.dir/C_/Program_Files/Raspberry_Pi/Pico_SDK_v1.5.1/pico-sdk/src/rp2_common/hardware_clocks/clocks.c.obj
 .rodata.pll_init.str1.4
                0x10007a8c      0x140 Tablero/CMakeFiles/Lavadora.dir/C_/Program_Files/Raspberry_Pi/Pico_SDK_v1.5.1/pico-sdk/src/rp2_common/hardware_pll/pll.c.obj
 .rodata.__func__.0
                0x10007bcc        0x9 Tablero/CMakeFiles/Lavadora.dir/C_/Program_Files/Raspberry_Pi/Pico_SDK_v1.5.1/pico-sdk/src/rp2_common/hardware_pll/pll.c.obj
 *fill*         0x10007bd5        0x3 
 .rodata.__assert_func.str1.4
                0x10007bd8       0x3f Tablero/CMakeFiles/Lavadora.dir/C_/Program_Files/Raspberry_Pi/Pico_SDK_v1.5.1/pico-sdk/src/rp2_common/pico_runtime/runtime.c.obj
                                 0x43 (size before relaxing)
 *fill*         0x10007c17        0x1 
 .rodata.runtime_init.str1.4
                0x10007c18       0x7d Tablero/CMakeFiles/Lavadora.dir/C_/Program_Files/Raspberry_Pi/Pico_SDK_v1.5.1/pico-sdk/src/rp2_common/pico_runtime/runtime.c.obj
 *fill*         0x10007c95        0x3 
 .rodata.panic.str1.4
                0x10007c98       0x12 Tablero/CMakeFiles/Lavadora.dir/C_/Program_Files/Raspberry_Pi/Pico_SDK_v1.5.1/pico-sdk/src/rp2_common/pico_runtime/runtime.c.obj
 *fill*         0x10007caa        0x2 
 .rodata.__func__.2
                0x10007cac        0xd Tablero/CMakeFiles/Lavadora.dir/C_/Program_Files/Raspberry_Pi/Pico_SDK_v1.5.1/pico-sdk/src/rp2_common/pico_runtime/runtime.c.obj
 *fill*         0x10007cb9        0x3 
 .rodata._ftoa.str1.4
                0x10007cbc       0x15 Tablero/CMakeFiles/Lavadora.dir/C_/Program_Files/Raspberry_Pi/Pico_SDK_v1.5.1/pico-sdk/src/rp2_common/pico_printf/printf.c.obj
 *fill*         0x10007cd1        0x3 
 .rodata._vsnprintf
                0x10007cd4      0x1e0 Tablero/CMakeFiles/Lavadora.dir/C_/Program_Files/Raspberry_Pi/Pico_SDK_v1.5.1/pico-sdk/src/rp2_common/pico_printf/printf.c.obj
 *fill*         0x10007eb4        0x4 
 .rodata.pow10.0
                0x10007eb8       0x50 Tablero/CMakeFiles/Lavadora.dir/C_/Program_Files/Raspberry_Pi/Pico_SDK_v1.5.1/pico-sdk/src/rp2_common/pico_printf/printf.c.obj
 .rodata.missing_double_func_shim.str1.4
                0x10007f08       0x18 Tablero/CMakeFiles/Lavadora.dir/C_/Program_Files/Raspberry_Pi/Pico_SDK_v1.5.1/pico-sdk/src/rp2_common/pico_double/double_init_rom.c.obj
 .rodata.__aeabi_double_init.str1.4
                0x10007f20       0xb8 Tablero/CMakeFiles/Lavadora.dir/C_/Program_Files/Raspberry_Pi/Pico_SDK_v1.5.1/pico-sdk/src/rp2_common/pico_double/double_init_rom.c.obj
 .rodata.__func__.0
                0x10007fd8       0x14 Tablero/CMakeFiles/Lavadora.dir/C_/Program_Files/Raspberry_Pi/Pico_SDK_v1.5.1/pico-sdk/src/rp2_common/pico_double/double_init_rom.c.obj
 .rodata.missing_float_func_shim.str1.4
                0x10007fec        0x1 Tablero/CMakeFiles/Lavadora.dir/C_/Program_Files/Raspberry_Pi/Pico_SDK_v1.5.1/pico-sdk/src/rp2_common/pico_float/float_init_rom.c.obj
 .rodata.__aeabi_float_init.str1.4
                0x10007fec       0x96 Tablero/CMakeFiles/Lavadora.dir/C_/Program_Files/Raspberry_Pi/Pico_SDK_v1.5.1/pico-sdk/src/rp2_common/pico_float/float_init_rom.c.obj
 *fill*         0x10008082        0x2 
 .rodata.__func__.0
                0x10008084       0x13 Tablero/CMakeFiles/Lavadora.dir/C_/Program_Files/Raspberry_Pi/Pico_SDK_v1.5.1/pico-sdk/src/rp2_common/pico_float/float_init_rom.c.obj
 *fill*         0x10008097        0x1 
 .rodata.str1.4
                0x10008098       0x40 Tablero/CMakeFiles/Lavadora.dir/C_/Program_Files/Raspberry_Pi/Pico_SDK_v1.5.1/pico-sdk/src/rp2_common/pico_standard_link/binary_info.c.obj
 .rodata.__bi_44
                0x100080d8        0xc Tablero/CMakeFiles/Lavadora.dir/C_/Program_Files/Raspberry_Pi/Pico_SDK_v1.5.1/pico-sdk/src/rp2_common/pico_standard_link/binary_info.c.obj
 .rodata.__bi_75
                0x100080e4        0xc Tablero/CMakeFiles/Lavadora.dir/C_/Program_Files/Raspberry_Pi/Pico_SDK_v1.5.1/pico-sdk/src/rp2_common/pico_standard_link/binary_info.c.obj
 .rodata.__bi_81
                0x100080f0        0xc Tablero/CMakeFiles/Lavadora.dir/C_/Program_Files/Raspberry_Pi/Pico_SDK_v1.5.1/pico-sdk/src/rp2_common/pico_standard_link/binary_info.c.obj
 .rodata.stdout_serialize_begin.str1.4
                0x100080fc       0x7d Tablero/CMakeFiles/Lavadora.dir/C_/Program_Files/Raspberry_Pi/Pico_SDK_v1.5.1/pico-sdk/src/rp2_common/pico_stdio/stdio.c.obj
 .rodata.__func__.3
                0x100080fc       0x15 Tablero/CMakeFiles/Lavadora.dir/C_/Program_Files/Raspberry_Pi/Pico_SDK_v1.5.1/pico-sdk/src/rp2_common/pico_stdio/stdio.c.obj
 *fill*         0x10008111        0x3 
 .rodata.crlf_str.2
                0x10008114        0x2 Tablero/CMakeFiles/Lavadora.dir/C_/Program_Files/Raspberry_Pi/Pico_SDK_v1.5.1/pico-sdk/src/rp2_common/pico_stdio/stdio.c.obj
 *fill*         0x10008116        0x2 
 .rodata._resetd_driver
                0x10008118       0x18 Tablero/CMakeFiles/Lavadora.dir/C_/Program_Files/Raspberry_Pi/Pico_SDK_v1.5.1/pico-sdk/src/rp2_common/pico_stdio_usb/reset_interface.c.obj
 .rodata.low_priority_worker_irq.str1.4
                0x10008130       0x7d Tablero/CMakeFiles/Lavadora.dir/C_/Program_Files/Raspberry_Pi/Pico_SDK_v1.5.1/pico-sdk/src/rp2_common/pico_stdio_usb/stdio_usb.c.obj
 .rodata.stdio_usb_init.str1.4
                0x10008130       0x61 Tablero/CMakeFiles/Lavadora.dir/C_/Program_Files/Raspberry_Pi/Pico_SDK_v1.5.1/pico-sdk/src/rp2_common/pico_stdio_usb/stdio_usb.c.obj
                                 0x69 (size before relaxing)
 *fill*         0x10008191        0x3 
 .rodata.str1.4
                0x10008194       0x13 Tablero/CMakeFiles/Lavadora.dir/C_/Program_Files/Raspberry_Pi/Pico_SDK_v1.5.1/pico-sdk/src/rp2_common/pico_stdio_usb/stdio_usb.c.obj
 *fill*         0x100081a7        0x1 
 .rodata.__bi_182.0
                0x100081a8        0xc Tablero/CMakeFiles/Lavadora.dir/C_/Program_Files/Raspberry_Pi/Pico_SDK_v1.5.1/pico-sdk/src/rp2_common/pico_stdio_usb/stdio_usb.c.obj
 .rodata.__func__.1
                0x100081b4        0xf Tablero/CMakeFiles/Lavadora.dir/C_/Program_Files/Raspberry_Pi/Pico_SDK_v1.5.1/pico-sdk/src/rp2_common/pico_stdio_usb/stdio_usb.c.obj
 *fill*         0x100081c3        0x1 
 .rodata.__func__.3
                0x100081c4       0x15 Tablero/CMakeFiles/Lavadora.dir/C_/Program_Files/Raspberry_Pi/Pico_SDK_v1.5.1/pico-sdk/src/rp2_common/pico_stdio_usb/stdio_usb.c.obj
 *fill*         0x100081d9        0x3 
 .rodata.str1.4
                0x100081dc       0x2a Tablero/CMakeFiles/Lavadora.dir/C_/Program_Files/Raspberry_Pi/Pico_SDK_v1.5.1/pico-sdk/src/rp2_common/pico_stdio_usb/stdio_usb_descriptors.c.obj
 *fill*         0x10008206        0x2 
 .rodata.usbd_desc_cfg
                0x10008208       0x54 Tablero/CMakeFiles/Lavadora.dir/C_/Program_Files/Raspberry_Pi/Pico_SDK_v1.5.1/pico-sdk/src/rp2_common/pico_stdio_usb/stdio_usb_descriptors.c.obj
 .rodata.usbd_desc_device
                0x1000825c       0x12 Tablero/CMakeFiles/Lavadora.dir/C_/Program_Files/Raspberry_Pi/Pico_SDK_v1.5.1/pico-sdk/src/rp2_common/pico_stdio_usb/stdio_usb_descriptors.c.obj
 *fill*         0x1000826e        0x2 
 .rodata.usbd_desc_str
                0x10008270       0x18 Tablero/CMakeFiles/Lavadora.dir/C_/Program_Files/Raspberry_Pi/Pico_SDK_v1.5.1/pico-sdk/src/rp2_common/pico_stdio_usb/stdio_usb_descriptors.c.obj
 .rodata.pico_get_unique_board_id_string.str1.4
                0x10008288       0x69 Tablero/CMakeFiles/Lavadora.dir/C_/Program_Files/Raspberry_Pi/Pico_SDK_v1.5.1/pico-sdk/src/rp2_common/pico_unique_id/unique_id.c.obj
 *fill*         0x100082f1        0x3 
 .rodata.__func__.0
                0x100082f4       0x20 Tablero/CMakeFiles/Lavadora.dir/C_/Program_Files/Raspberry_Pi/Pico_SDK_v1.5.1/pico-sdk/src/rp2_common/pico_unique_id/unique_id.c.obj
 .rodata.str1.4
                0x10008314      0x176 Tablero/CMakeFiles/Lavadora.dir/C_/Program_Files/Raspberry_Pi/Pico_SDK_v1.5.1/pico-sdk/src/rp2_common/hardware_flash/flash.c.obj
 *fill*         0x1000848a        0x2 
 .rodata.__func__.0
                0x1000848c        0xd Tablero/CMakeFiles/Lavadora.dir/C_/Program_Files/Raspberry_Pi/Pico_SDK_v1.5.1/pico-sdk/src/rp2_common/hardware_flash/flash.c.obj
 *fill*         0x10008499        0x3 
 .rodata._hw_endpoint_alloc.str1.4
                0x1000849c       0xd1 Tablero/CMakeFiles/Lavadora.dir/C_/Program_Files/Raspberry_Pi/Pico_SDK_v1.5.1/pico-sdk/lib/tinyusb/src/portable/raspberrypi/rp2040/dcd_rp2040.c.obj
 *fill*         0x1000856d        0x3 
 .rodata.str1.4
                0x10008570       0x14 Tablero/CMakeFiles/Lavadora.dir/C_/Program_Files/Raspberry_Pi/Pico_SDK_v1.5.1/pico-sdk/lib/tinyusb/src/portable/raspberrypi/rp2040/dcd_rp2040.c.obj
 .rodata.dcd_int_enable.str1.4
                0x10008584        0xc Tablero/CMakeFiles/Lavadora.dir/C_/Program_Files/Raspberry_Pi/Pico_SDK_v1.5.1/pico-sdk/lib/tinyusb/src/portable/raspberrypi/rp2040/dcd_rp2040.c.obj
 .rodata.__func__.0
                0x10008590        0xe Tablero/CMakeFiles/Lavadora.dir/C_/Program_Files/Raspberry_Pi/Pico_SDK_v1.5.1/pico-sdk/lib/tinyusb/src/portable/raspberrypi/rp2040/dcd_rp2040.c.obj
 *fill*         0x1000859e        0x2 
 .rodata.__func__.1
                0x100085a0        0xe Tablero/CMakeFiles/Lavadora.dir/C_/Program_Files/Raspberry_Pi/Pico_SDK_v1.5.1/pico-sdk/lib/tinyusb/src/portable/raspberrypi/rp2040/dcd_rp2040.c.obj
 *fill*         0x100085ae        0x2 
 .rodata.__func__.3
                0x100085b0       0x10 Tablero/CMakeFiles/Lavadora.dir/C_/Program_Files/Raspberry_Pi/Pico_SDK_v1.5.1/pico-sdk/lib/tinyusb/src/portable/raspberrypi/rp2040/dcd_rp2040.c.obj
 .rodata.__func__.5
                0x100085c0        0xf Tablero/CMakeFiles/Lavadora.dir/C_/Program_Files/Raspberry_Pi/Pico_SDK_v1.5.1/pico-sdk/lib/tinyusb/src/portable/raspberrypi/rp2040/dcd_rp2040.c.obj
 *fill*         0x100085cf        0x1 
 .rodata.__func__.6
                0x100085d0       0x13 Tablero/CMakeFiles/Lavadora.dir/C_/Program_Files/Raspberry_Pi/Pico_SDK_v1.5.1/pico-sdk/lib/tinyusb/src/portable/raspberrypi/rp2040/dcd_rp2040.c.obj
 *fill*         0x100085e3        0x1 
 .rodata.__func__.7
                0x100085e4        0x9 Tablero/CMakeFiles/Lavadora.dir/C_/Program_Files/Raspberry_Pi/Pico_SDK_v1.5.1/pico-sdk/lib/tinyusb/src/portable/raspberrypi/rp2040/dcd_rp2040.c.obj
 *fill*         0x100085ed        0x3 
 .rodata.str1.4
                0x100085f0      0x103 Tablero/CMakeFiles/Lavadora.dir/C_/Program_Files/Raspberry_Pi/Pico_SDK_v1.5.1/pico-sdk/lib/tinyusb/src/portable/raspberrypi/rp2040/rp2040_usb.c.obj
 *fill*         0x100086f3        0x1 
 .rodata.__func__.0
                0x100086f4        0xf Tablero/CMakeFiles/Lavadora.dir/C_/Program_Files/Raspberry_Pi/Pico_SDK_v1.5.1/pico-sdk/lib/tinyusb/src/portable/raspberrypi/rp2040/rp2040_usb.c.obj
 *fill*         0x10008703        0x1 
 .rodata.process_get_descriptor
                0x10008704       0x40 Tablero/CMakeFiles/Lavadora.dir/C_/Program_Files/Raspberry_Pi/Pico_SDK_v1.5.1/pico-sdk/lib/tinyusb/src/device/usbd.c.obj
 .rodata.process_control_request
                0x10008744       0x28 Tablero/CMakeFiles/Lavadora.dir/C_/Program_Files/Raspberry_Pi/Pico_SDK_v1.5.1/pico-sdk/lib/tinyusb/src/device/usbd.c.obj
 .rodata.tud_task_ext
                0x1000876c       0x24 Tablero/CMakeFiles/Lavadora.dir/C_/Program_Files/Raspberry_Pi/Pico_SDK_v1.5.1/pico-sdk/lib/tinyusb/src/device/usbd.c.obj
 .rodata._usbd_driver
                0x10008790       0x18 Tablero/CMakeFiles/Lavadora.dir/C_/Program_Files/Raspberry_Pi/Pico_SDK_v1.5.1/pico-sdk/lib/tinyusb/src/device/usbd.c.obj
                0x100087a8                . = ALIGN (0x4)
 *(SORT_BY_ALIGNMENT(SORT_BY_NAME(.flashdata*)))
                0x100087a8                . = ALIGN (0x4)

.ARM.extab
 *(.ARM.extab* .gnu.linkonce.armextab.*)
                0x100087a8                __exidx_start = .

.ARM.exidx
 *(.ARM.exidx* .gnu.linkonce.armexidx.*)
                0x100087a8                __exidx_end = .
                0x100087a8                . = ALIGN (0x4)
                0x100087a8                __binary_info_start = .

.binary_info    0x100087a8       0x20
 *(.binary_info.keep.*)
 .binary_info.keep.__bi_ptr22
                0x100087a8        0x4 Tablero/CMakeFiles/Lavadora.dir/C_/Program_Files/Raspberry_Pi/Pico_SDK_v1.5.1/pico-sdk/src/rp2_common/pico_standard_link/binary_info.c.obj
 .binary_info.keep.__bi_ptr30
                0x100087ac        0x4 Tablero/CMakeFiles/Lavadora.dir/C_/Program_Files/Raspberry_Pi/Pico_SDK_v1.5.1/pico-sdk/src/rp2_common/pico_standard_link/binary_info.c.obj
 .binary_info.keep.__bi_ptr38
                0x100087b0        0x4 Tablero/CMakeFiles/Lavadora.dir/C_/Program_Files/Raspberry_Pi/Pico_SDK_v1.5.1/pico-sdk/src/rp2_common/pico_standard_link/binary_info.c.obj
 .binary_info.keep.__bi_ptr44
                0x100087b4        0x4 Tablero/CMakeFiles/Lavadora.dir/C_/Program_Files/Raspberry_Pi/Pico_SDK_v1.5.1/pico-sdk/src/rp2_common/pico_standard_link/binary_info.c.obj
 .binary_info.keep.__bi_ptr50
                0x100087b8        0x4 Tablero/CMakeFiles/Lavadora.dir/C_/Program_Files/Raspberry_Pi/Pico_SDK_v1.5.1/pico-sdk/src/rp2_common/pico_standard_link/binary_info.c.obj
 .binary_info.keep.__bi_ptr75
                0x100087bc        0x4 Tablero/CMakeFiles/Lavadora.dir/C_/Program_Files/Raspberry_Pi/Pico_SDK_v1.5.1/pico-sdk/src/rp2_common/pico_standard_link/binary_info.c.obj
 .binary_info.keep.__bi_ptr81
                0x100087c0        0x4 Tablero/CMakeFiles/Lavadora.dir/C_/Program_Files/Raspberry_Pi/Pico_SDK_v1.5.1/pico-sdk/src/rp2_common/pico_standard_link/binary_info.c.obj
 *(.binary_info.*)
 .binary_info.__bi_ptr182
                0x100087c4        0x4 Tablero/CMakeFiles/Lavadora.dir/C_/Program_Files/Raspberry_Pi/Pico_SDK_v1.5.1/pico-sdk/src/rp2_common/pico_stdio_usb/stdio_usb.c.obj
                0x100087c8                __binary_info_end = .

.rel.dyn        0x100087c8        0x0
 .rel.iplt      0x100087c8        0x0 c:/progra~1/raspbe~1/picosd~1.1/gcc-ar~1/bin/../lib/gcc/arm-none-eabi/10.3.1/thumb/v6-m/nofp/crtbegin.o
                0x100087c8                . = ALIGN (0x4)

.ram_vector_table
                0x20000000       0xc0
 *(.ram_vector_table)
 .ram_vector_table
                0x20000000       0xc0 Tablero/CMakeFiles/Lavadora.dir/C_/Program_Files/Raspberry_Pi/Pico_SDK_v1.5.1/pico-sdk/src/rp2_common/pico_runtime/runtime.c.obj
                0x20000000                ram_vector_table

.data           0x200000c0      0xbf0 load address 0x100087c8
                0x200000c0                __data_start__ = .
 *(vtable)
 *(.time_critical*)
 .time_critical.mutex_try_enter
                0x200000c0       0x46 Tablero/CMakeFiles/Lavadora.dir/C_/Program_Files/Raspberry_Pi/Pico_SDK_v1.5.1/pico-sdk/src/common/pico_sync/mutex.c.obj
                0x200000c0                mutex_try_enter
 *fill*         0x20000106        0x2 
 .time_critical.mutex_enter_block_until
                0x20000108       0x8c Tablero/CMakeFiles/Lavadora.dir/C_/Program_Files/Raspberry_Pi/Pico_SDK_v1.5.1/pico-sdk/src/common/pico_sync/mutex.c.obj
                0x20000108                mutex_enter_block_until
 .time_critical.mutex_try_enter_block_until
                0x20000194       0x34 Tablero/CMakeFiles/Lavadora.dir/C_/Program_Files/Raspberry_Pi/Pico_SDK_v1.5.1/pico-sdk/src/common/pico_sync/mutex.c.obj