Archive member included to satisfy reference by file (symbol)

c:/progra~1/raspbe~1/picosd~1.1/gcc-ar~1/bin/../lib/gcc/arm-none-eabi/10.3.1/thumb/v6-m/nofp\libgcc.a(_dvmd_tls.o)
                              Tablero/CMakeFiles/Lavadora.dir/C_/Program_Files/Raspberry_Pi/Pico_SDK_v1.5.1/pico-sdk/src/rp2_common/pico_divider/divider.S.obj (__aeabi_idiv0)
c:/progra~1/raspbe~1/picosd~1.1/gcc-ar~1/bin/../lib/gcc/arm-none-eabi/10.3.1/../../../../arm-none-eabi/lib/thumb/v6-m/nofp\libg.a(lib_a-calloc.o)
                              Tablero/CMakeFiles/Lavadora.dir/C_/Program_Files/Raspberry_Pi/Pico_SDK_v1.5.1/pico-sdk/src/rp2_common/pico_malloc/pico_malloc.c.obj (calloc)
c:/progra~1/raspbe~1/picosd~1.1/gcc-ar~1/bin/../lib/gcc/arm-none-eabi/10.3.1/../../../../arm-none-eabi/lib/thumb/v6-m/nofp\libg.a(lib_a-callocr.o)
                              c:/progra~1/raspbe~1/picosd~1.1/gcc-ar~1/bin/../lib/gcc/arm-none-eabi/10.3.1/../../../../arm-none-eabi/lib/thumb/v6-m/nofp\libg.a(lib_a-calloc.o) (_calloc_r)
c:/progra~1/raspbe~1/picosd~1.1/gcc-ar~1/bin/../lib/gcc/arm-none-eabi/10.3.1/../../../../arm-none-eabi/lib/thumb/v6-m/nofp\libg.a(lib_a-errno.o)
                              c:/progra~1/raspbe~1/picosd~1.1/gcc-ar~1/bin/../lib/gcc/arm-none-eabi/10.3.1/../../../../arm-none-eabi/lib/thumb/v6-m/nofp\libg.a(lib_a-callocr.o) (__errno)
c:/progra~1/raspbe~1/picosd~1.1/gcc-ar~1/bin/../lib/gcc/arm-none-eabi/10.3.1/../../../../arm-none-eabi/lib/thumb/v6-m/nofp\libg.a(lib_a-impure.o)
                              c:/progra~1/raspbe~1/picosd~1.1/gcc-ar~1/bin/../lib/gcc/arm-none-eabi/10.3.1/../../../../arm-none-eabi/lib/thumb/v6-m/nofp\libg.a(lib_a-calloc.o) (_impure_ptr)
c:/progra~1/raspbe~1/picosd~1.1/gcc-ar~1/bin/../lib/gcc/arm-none-eabi/10.3.1/../../../../arm-none-eabi/lib/thumb/v6-m/nofp\libg.a(lib_a-init.o)
                              c:/progra~1/raspbe~1/picosd~1.1/gcc-ar~1/bin/../lib/gcc/arm-none-eabi/10.3.1/../../../../arm-none-eabi/lib/thumb/v6-m/nofp/crt0.o (__libc_init_array)
c:/progra~1/raspbe~1/picosd~1.1/gcc-ar~1/bin/../lib/gcc/arm-none-eabi/10.3.1/../../../../arm-none-eabi/lib/thumb/v6-m/nofp\libg.a(lib_a-malloc.o)
                              Tablero/CMakeFiles/Lavadora.dir/C_/Program_Files/Raspberry_Pi/Pico_SDK_v1.5.1/pico-sdk/src/rp2_common/pico_malloc/pico_malloc.c.obj (malloc)
c:/progra~1/raspbe~1/picosd~1.1/gcc-ar~1/bin/../lib/gcc/arm-none-eabi/10.3.1/../../../../arm-none-eabi/lib/thumb/v6-m/nofp\libg.a(lib_a-mallocr.o)
                              c:/progra~1/raspbe~1/picosd~1.1/gcc-ar~1/bin/../lib/gcc/arm-none-eabi/10.3.1/../../../../arm-none-eabi/lib/thumb/v6-m/nofp\libg.a(lib_a-callocr.o) (_malloc_r)
c:/progra~1/raspbe~1/picosd~1.1/gcc-ar~1/bin/../lib/gcc/arm-none-eabi/10.3.1/../../../../arm-none-eabi/lib/thumb/v6-m/nofp\libg.a(lib_a-mlock.o)
                              c:/progra~1/raspbe~1/picosd~1.1/gcc-ar~1/bin/../lib/gcc/arm-none-eabi/10.3.1/../../../../arm-none-eabi/lib/thumb/v6-m/nofp\libg.a(lib_a-mallocr.o) (__malloc_lock)
c:/progra~1/raspbe~1/picosd~1.1/gcc-ar~1/bin/../lib/gcc/arm-none-eabi/10.3.1/../../../../arm-none-eabi/lib/thumb/v6-m/nofp\libg.a(lib_a-realloc.o)
                              Tablero/CMakeFiles/Lavadora.dir/C_/Program_Files/Raspberry_Pi/Pico_SDK_v1.5.1/pico-sdk/src/rp2_common/pico_malloc/pico_malloc.c.obj (realloc)
c:/progra~1/raspbe~1/picosd~1.1/gcc-ar~1/bin/../lib/gcc/arm-none-eabi/10.3.1/../../../../arm-none-eabi/lib/thumb/v6-m/nofp\libg.a(lib_a-reallocr.o)
                              c:/progra~1/raspbe~1/picosd~1.1/gcc-ar~1/bin/../lib/gcc/arm-none-eabi/10.3.1/../../../../arm-none-eabi/lib/thumb/v6-m/nofp\libg.a(lib_a-realloc.o) (_realloc_r)
c:/progra~1/raspbe~1/picosd~1.1/gcc-ar~1/bin/../lib/gcc/arm-none-eabi/10.3.1/../../../../arm-none-eabi/lib/thumb/v6-m/nofp\libg.a(lib_a-sbrkr.o)
                              c:/progra~1/raspbe~1/picosd~1.1/gcc-ar~1/bin/../lib/gcc/arm-none-eabi/10.3.1/../../../../arm-none-eabi/lib/thumb/v6-m/nofp\libg.a(lib_a-mallocr.o) (_sbrk_r)
c:/progra~1/raspbe~1/picosd~1.1/gcc-ar~1/bin/../lib/gcc/arm-none-eabi/10.3.1/../../../../arm-none-eabi/lib/thumb/v6-m/nofp\libg.a(lib_a-strlen-stub.o)
                              Tablero/CMakeFiles/Lavadora.dir/C_/Program_Files/Raspberry_Pi/Pico_SDK_v1.5.1/pico-sdk/src/rp2_common/pico_stdio/stdio.c.obj (strlen)
c:/progra~1/raspbe~1/picosd~1.1/gcc-ar~1/bin/../lib/gcc/arm-none-eabi/10.3.1/../../../../arm-none-eabi/lib/thumb/v6-m/nofp\libg.a(lib_a-freer.o)
                              c:/progra~1/raspbe~1/picosd~1.1/gcc-ar~1/bin/../lib/gcc/arm-none-eabi/10.3.1/../../../../arm-none-eabi/lib/thumb/v6-m/nofp\libg.a(lib_a-malloc.o) (_free_r)
c:/progra~1/raspbe~1/picosd~1.1/gcc-ar~1/bin/../lib/gcc/arm-none-eabi/10.3.1/../../../../arm-none-eabi/lib/thumb/v6-m/nofp\libg.a(lib_a-lock.o)
                              c:/progra~1/raspbe~1/picosd~1.1/gcc-ar~1/bin/../lib/gcc/arm-none-eabi/10.3.1/../../../../arm-none-eabi/lib/thumb/v6-m/nofp\libg.a(lib_a-mlock.o) (__retarget_lock_acquire_recursive)
[...]
Memory Configuration

Name             Origin             Length             Attributes
FLASH            0x10000000         0x00200000         xr
RAM              0x20000000         0x00040000         xrw
SCRATCH_X        0x20040000         0x00001000         xrw
SCRATCH_Y        0x20041000         0x00001000         xrw
*default*        0x00000000         0xffffffff

Linker script and memory map

LOAD c:/progra~1/raspbe~1/picosd~1.1/gcc-ar~1/bin/../lib/gcc/arm-none-eabi/10.3.1/thumb/v6-m/nofp/crti.o
LOAD c:/progra~1/raspbe~1/picosd~1.1/gcc-ar~1/bin/../lib/gcc/arm-none-eabi/10.3.1/thumb/v6-m/nofp/crtbegin.o
LOAD c:/progra~1/raspbe~1/picosd~1.1/gcc-ar~1/bin/../lib/gcc/arm-none-eabi/10.3.1/../../../../arm-none-eabi/lib/thumb/v6-m/nofp/crt0.o

.flash_begin    0x10000000        0x0
                0x10000000                __flash_binary_start = .

.boot2          0x10000000      0x100
                0x10000000                __boot2_start__ = .
 *(.boot2)
 .boot2         0x10000000      0x100 C:\Users\DELL\AppData\Local\Temp\cco4lpBM.o
                0x10000100                __boot2_end__ = .
                0x00000001                ASSERT (((__boot2_end__ - __boot2_start__) == 0x100), ERROR: Pico second stage bootloader must be 256 bytes in size)

.text           0x10000100     0x6d58
                0x10000100                __logical_binary_start = .
 *(.vectors)
 .vectors       0x10000100       0xd4 Tablero/CMakeFiles/Lavadora.dir/C_/Program_Files/Raspberry_Pi/Pico_SDK_v1.5.1/pico-sdk/src/rp2_common/pico_standard_link/crt0.S.obj
                0x10000100                __VECTOR_TABLE
                0x10000100                __vectors
                0x100001c0                isr_invalid
                0x100001c0                __default_isrs_start
                0x100001c2                isr_nmi
                0x100001c4                isr_hardfault
                0x100001c6                isr_svcall
                0x100001c8                isr_pendsv
                0x100001ca                isr_systick
                0x100001cc                isr_irq23
                0x100001cc                isr_irq18
                0x100001cc                isr_irq11
                0x100001cc                isr_irq28
                0x100001cc                isr_irq19
                0x100001cc                isr_irq0
                0x100001cc                isr_irq6
                0x100001cc                isr_irq5
                0x100001cc                isr_irq12
                0x100001cc                isr_irq22
                0x100001cc                isr_irq31
                0x100001cc                isr_irq17
                0x100001cc                isr_irq27
                0x100001cc                isr_irq30
                0x100001cc                isr_irq2
                0x100001cc                isr_irq10
                0x100001cc                isr_irq8
                0x100001cc                isr_irq24
                0x100001cc                isr_irq1
                0x100001cc                isr_irq7
                0x100001cc                isr_irq21
                0x100001cc                isr_irq20
                0x100001cc                isr_irq15
                0x100001cc                isr_irq25
                0x100001cc                isr_irq13
                0x100001cc                __unhandled_user_irq
                0x100001cc                isr_irq4
                0x100001cc                isr_irq16
                0x100001cc                isr_irq29
                0x100001cc                isr_irq26
                0x100001cc                __default_isrs_end
                0x100001cc                isr_irq3
                0x100001cc                isr_irq14
                0x100001cc                isr_irq9
                0x100001d2                unhandled_user_irq_num_in_r0
 *(.binary_info_header)
 .binary_info_header
                0x100001d4       0x14 Tablero/CMakeFiles/Lavadora.dir/C_/Program_Files/Raspberry_Pi/Pico_SDK_v1.5.1/pico-sdk/src/rp2_common/pico_standard_link/crt0.S.obj
                0x100001e8                __binary_info_header_end = .
 *(.reset)
 .reset         0x100001e8       0xa0 Tablero/CMakeFiles/Lavadora.dir/C_/Program_Files/Raspberry_Pi/Pico_SDK_v1.5.1/pico-sdk/src/rp2_common/pico_standard_link/crt0.S.obj
                0x100001e8                _entry_point
 .reset         0x10000288       0x30 Tablero/CMakeFiles/Lavadora.dir/C_/Program_Files/Raspberry_Pi/Pico_SDK_v1.5.1/pico-sdk/src/rp2_common/pico_standard_link/binary_info.c.obj
 *(.init)
 .init          0x100002b8        0x4 c:/progra~1/raspbe~1/picosd~1.1/gcc-ar~1/bin/../lib/gcc/arm-none-eabi/10.3.1/thumb/v6-m/nofp/crti.o
                0x100002b8                _init
 *(EXCLUDE_FILE(*libm.a: *libc.a:*lib_a-mem*.o *libgcc.a:) .text*)
 .text          0x100002bc       0x48 c:/progra~1/raspbe~1/picosd~1.1/gcc-ar~1/bin/../lib/gcc/arm-none-eabi/10.3.1/thumb/v6-m/nofp/crtbegin.o
 .text.main     0x10000304      0x1b0 Tablero/CMakeFiles/Lavadora.dir/main.c.obj
                0x10000304                main
 .text.time_construct
                0x100004b4       0x80 Tablero/CMakeFiles/Lavadora.dir/temporizador.c.obj
                0x100004b4                time_construct
 .text.time_init
                0x10000534       0x28 Tablero/CMakeFiles/Lavadora.dir/temporizador.c.obj
                0x10000534                time_init
 .text.decrementar
                0x1000055c       0x50 Tablero/CMakeFiles/Lavadora.dir/temporizador.c.obj
                0x1000055c                decrementar
 .text.actualizar
                0x100005ac       0xb0 Tablero/CMakeFiles/Lavadora.dir/temporizador.c.obj
                0x100005ac                actualizar
 .text.apagarTemporizador
                0x1000065c       0x24 Tablero/CMakeFiles/Lavadora.dir/temporizador.c.obj
                0x1000065c                apagarTemporizador
 .text.keypad_construct
                0x10000680       0x70 Tablero/CMakeFiles/Lavadora.dir/Teclado.c.obj
                0x10000680                keypad_construct
 .text.keypad_init
                0x100006f0       0x54 Tablero/CMakeFiles/Lavadora.dir/Teclado.c.obj
                0x100006f0                keypad_init
 .text.read_keypad
                0x10000744       0x60 Tablero/CMakeFiles/Lavadora.dir/Teclado.c.obj
                0x10000744                read_keypad
 .text.apagar   0x100007a4       0x14 Tablero/CMakeFiles/Lavadora.dir/Leds.c.obj
                0x100007a4                apagar
 .text.gpio_set_function
                0x100007b8       0x30 Tablero/CMakeFiles/Lavadora.dir/C_/Program_Files/Raspberry_Pi/Pico_SDK_v1.5.1/pico-sdk/src/rp2_common/hardware_gpio/gpio.c.obj
                0x100007b8                gpio_set_function
 .text.gpio_set_pulls
                0x100007e8       0x34 Tablero/CMakeFiles/Lavadora.dir/C_/Program_Files/Raspberry_Pi/Pico_SDK_v1.5.1/pico-sdk/src/rp2_common/hardware_gpio/gpio.c.obj
                0x100007e8                gpio_set_pulls
 .text.gpio_init
                0x1000081c       0x16 Tablero/CMakeFiles/Lavadora.dir/C_/Program_Files/Raspberry_Pi/Pico_SDK_v1.5.1/pico-sdk/src/rp2_common/hardware_gpio/gpio.c.obj
                0x1000081c                gpio_init
 *fill*         0x10000832        0x2 
 .text.running_on_fpga
                0x10000834       0x14 Tablero/CMakeFiles/Lavadora.dir/C_/Program_Files/Raspberry_Pi/Pico_SDK_v1.5.1/pico-sdk/src/rp2_common/pico_platform/platform.c.obj
                0x10000834                running_on_fpga
 .text.hw_claim_lock
                0x10000848       0x18 Tablero/CMakeFiles/Lavadora.dir/C_/Program_Files/Raspberry_Pi/Pico_SDK_v1.5.1/pico-sdk/src/rp2_common/hardware_claim/claim.c.obj
                0x10000848                hw_claim_lock
 .text.hw_claim_unlock
                0x10000860       0x14 Tablero/CMakeFiles/Lavadora.dir/C_/Program_Files/Raspberry_Pi/Pico_SDK_v1.5.1/pico-sdk/src/rp2_common/hardware_claim/claim.c.obj
                0x10000860                hw_claim_unlock
 .text.hw_claim_or_assert
                0x10000874       0x32 Tablero/CMakeFiles/Lavadora.dir/C_/Program_Files/Raspberry_Pi/Pico_SDK_v1.5.1/pico-sdk/src/rp2_common/hardware_claim/claim.c.obj
                0x10000874                hw_claim_or_assert
 .text.hw_claim_unused_from_range
                0x100008a6       0x50 Tablero/CMakeFiles/Lavadora.dir/C_/Program_Files/Raspberry_Pi/Pico_SDK_v1.5.1/pico-sdk/src/rp2_common/hardware_claim/claim.c.obj
                0x100008a6                hw_claim_unused_from_range
 *fill*         0x100008f6        0x2 
 .text.spin_locks_reset
                0x100008f8       0x20 Tablero/CMakeFiles/Lavadora.dir/C_/Program_Files/Raspberry_Pi/Pico_SDK_v1.5.1/pico-sdk/src/rp2_common/hardware_sync/sync.c.obj
                0x100008f8                spin_locks_reset
 .text.next_striped_spin_lock_num
                0x10000918       0x1c Tablero/CMakeFiles/Lavadora.dir/C_/Program_Files/Raspberry_Pi/Pico_SDK_v1.5.1/pico-sdk/src/rp2_common/hardware_sync/sync.c.obj
                0x10000918                next_striped_spin_lock_num
 .text.spin_lock_claim_unused
                0x10000934       0x20 Tablero/CMakeFiles/Lavadora.dir/C_/Program_Files/Raspberry_Pi/Pico_SDK_v1.5.1/pico-sdk/src/rp2_common/hardware_sync/sync.c.obj
                0x10000934                spin_lock_claim_unused
 .text.set_raw_irq_handler_and_unlock
                0x10000954       0x28 Tablero/CMakeFiles/Lavadora.dir/C_/Program_Files/Raspberry_Pi/Pico_SDK_v1.5.1/pico-sdk/src/rp2_common/hardware_irq/irq.c.obj
 .text.make_branch
                0x1000097c       0x48 Tablero/CMakeFiles/Lavadora.dir/C_/Program_Files/Raspberry_Pi/Pico_SDK_v1.5.1/pico-sdk/src/rp2_common/hardware_irq/irq.c.obj
 .text.insert_branch_and_link
                0x100009c4       0x40 Tablero/CMakeFiles/Lavadora.dir/C_/Program_Files/Raspberry_Pi/Pico_SDK_v1.5.1/pico-sdk/src/rp2_common/hardware_irq/irq.c.obj
 .text.irq_is_enabled
                0x10000a04       0x18 Tablero/CMakeFiles/Lavadora.dir/C_/Program_Files/Raspberry_Pi/Pico_SDK_v1.5.1/pico-sdk/src/rp2_common/hardware_irq/irq.c.obj
                0x10000a04                irq_is_enabled
 .text.irq_set_mask_enabled
                0x10000a1c       0x20 Tablero/CMakeFiles/Lavadora.dir/C_/Program_Files/Raspberry_Pi/Pico_SDK_v1.5.1/pico-sdk/src/rp2_common/hardware_irq/irq.c.obj
                0x10000a1c                irq_set_mask_enabled
 .text.irq_set_enabled
                0x10000a3c        0xe Tablero/CMakeFiles/Lavadora.dir/C_/Program_Files/Raspberry_Pi/Pico_SDK_v1.5.1/pico-sdk/src/rp2_common/hardware_irq/irq.c.obj
                0x10000a3c                irq_set_enabled
 *fill*         0x10000a4a        0x2 
 .text.irq_set_pending
                0x10000a4c       0x10 Tablero/CMakeFiles/Lavadora.dir/C_/Program_Files/Raspberry_Pi/Pico_SDK_v1.5.1/pico-sdk/src/rp2_common/hardware_irq/irq.c.obj
                0x10000a4c                irq_set_pending
 .text.irq_get_vtable_handler
                0x10000a5c       0x10 Tablero/CMakeFiles/Lavadora.dir/C_/Program_Files/Raspberry_Pi/Pico_SDK_v1.5.1/pico-sdk/src/rp2_common/hardware_irq/irq.c.obj
                0x10000a5c                irq_get_vtable_handler
 .text.irq_has_shared_handler
                0x10000a6c       0x24 Tablero/CMakeFiles/Lavadora.dir/C_/Program_Files/Raspberry_Pi/Pico_SDK_v1.5.1/pico-sdk/src/rp2_common/hardware_irq/irq.c.obj
                0x10000a6c                irq_has_shared_handler
 .text.irq_set_exclusive_handler
                0x10000a90       0x54 Tablero/CMakeFiles/Lavadora.dir/C_/Program_Files/Raspberry_Pi/Pico_SDK_v1.5.1/pico-sdk/src/rp2_common/hardware_irq/irq.c.obj
                0x10000a90                irq_set_exclusive_handler
 .text.irq_add_shared_handler
                0x10000ae4      0x234 Tablero/CMakeFiles/Lavadora.dir/C_/Program_Files/Raspberry_Pi/Pico_SDK_v1.5.1/pico-sdk/src/rp2_common/hardware_irq/irq.c.obj
                0x10000ae4                irq_add_shared_handler
 .text.irq_remove_handler
                0x10000d18      0x1ac Tablero/CMakeFiles/Lavadora.dir/C_/Program_Files/Raspberry_Pi/Pico_SDK_v1.5.1/pico-sdk/src/rp2_common/hardware_irq/irq.c.obj
                0x10000d18                irq_remove_handler
 .text.irq_add_tail_to_free_list
                0x10000ec4       0xf0 Tablero/CMakeFiles/Lavadora.dir/C_/Program_Files/Raspberry_Pi/Pico_SDK_v1.5.1/pico-sdk/src/rp2_common/hardware_irq/irq.c.obj
                0x10000ec4                irq_add_tail_to_free_list
 .text.irq_init_priorities
                0x10000fb4       0x1c Tablero/CMakeFiles/Lavadora.dir/C_/Program_Files/Raspberry_Pi/Pico_SDK_v1.5.1/pico-sdk/src/rp2_common/hardware_irq/irq.c.obj
                0x10000fb4                irq_init_priorities
 .text.user_irq_claim_unused
                0x10000fd0       0x28 Tablero/CMakeFiles/Lavadora.dir/C_/Program_Files/Raspberry_Pi/Pico_SDK_v1.5.1/pico-sdk/src/rp2_common/hardware_irq/irq.c.obj
                0x10000fd0                user_irq_claim_unused
 .text.lock_init
                0x10000ff8       0x10 Tablero/CMakeFiles/Lavadora.dir/C_/Program_Files/Raspberry_Pi/Pico_SDK_v1.5.1/pico-sdk/src/common/pico_sync/lock_core.c.obj
                0x10000ff8                lock_init
 .text.mutex_init
                0x10001008       0x1a Tablero/CMakeFiles/Lavadora.dir/C_/Program_Files/Raspberry_Pi/Pico_SDK_v1.5.1/pico-sdk/src/common/pico_sync/mutex.c.obj
                0x10001008                mutex_init
 .text.recursive_mutex_init
                0x10001022       0x1e Tablero/CMakeFiles/Lavadora.dir/C_/Program_Files/Raspberry_Pi/Pico_SDK_v1.5.1/pico-sdk/src/common/pico_sync/mutex.c.obj
                0x10001022                recursive_mutex_init
 .text.critical_section_init_with_lock_num
                0x10001040       0x14 Tablero/CMakeFiles/Lavadora.dir/C_/Program_Files/Raspberry_Pi/Pico_SDK_v1.5.1/pico-sdk/src/common/pico_sync/critical_section.c.obj
                0x10001040                critical_section_init_with_lock_num
 .text.critical_section_init
                0x10001054       0x14 Tablero/CMakeFiles/Lavadora.dir/C_/Program_Files/Raspberry_Pi/Pico_SDK_v1.5.1/pico-sdk/src/common/pico_sync/critical_section.c.obj
                0x10001054                critical_section_init
 .text.alarm_pool_post_alloc_init
                0x10001068       0x40 Tablero/CMakeFiles/Lavadora.dir/C_/Program_Files/Raspberry_Pi/Pico_SDK_v1.5.1/pico-sdk/src/common/pico_time/time.c.obj
 .text.sleep_until_callback
                0x100010a8       0x30 Tablero/CMakeFiles/Lavadora.dir/C_/Program_Files/Raspberry_Pi/Pico_SDK_v1.5.1/pico-sdk/src/common/pico_time/time.c.obj
 .text.timer_pool_entry_comparator
                0x100010d8       0x7c Tablero/CMakeFiles/Lavadora.dir/C_/Program_Files/Raspberry_Pi/Pico_SDK_v1.5.1/pico-sdk/src/common/pico_time/time.c.obj
                0x100010d8                timer_pool_entry_comparator
 .text.ph_add_child_node
                0x10001154       0xa4 Tablero/CMakeFiles/Lavadora.dir/C_/Program_Files/Raspberry_Pi/Pico_SDK_v1.5.1/pico-sdk/src/common/pico_time/time.c.obj
 .text.ph_merge_nodes
                0x100011f8       0x3e Tablero/CMakeFiles/Lavadora.dir/C_/Program_Files/Raspberry_Pi/Pico_SDK_v1.5.1/pico-sdk/src/common/pico_time/time.c.obj
 *fill*         0x10001236        0x2 
 .text.add_alarm_under_lock
                0x10001238      0x174 Tablero/CMakeFiles/Lavadora.dir/C_/Program_Files/Raspberry_Pi/Pico_SDK_v1.5.1/pico-sdk/src/common/pico_time/time.c.obj
 .text.alarm_pool_alarm_callback
                0x100013ac      0x33c Tablero/CMakeFiles/Lavadora.dir/C_/Program_Files/Raspberry_Pi/Pico_SDK_v1.5.1/pico-sdk/src/common/pico_time/time.c.obj
 .text.alarm_pool_init_default
                0x100016e8       0x40 Tablero/CMakeFiles/Lavadora.dir/C_/Program_Files/Raspberry_Pi/Pico_SDK_v1.5.1/pico-sdk/src/common/pico_time/time.c.obj
                0x100016e8                alarm_pool_init_default
 .text.alarm_pool_get_default
                0x10001728       0x2c Tablero/CMakeFiles/Lavadora.dir/C_/Program_Files/Raspberry_Pi/Pico_SDK_v1.5.1/pico-sdk/src/common/pico_time/time.c.obj
                0x10001728                alarm_pool_get_default
 .text.alarm_pool_add_alarm_at
                0x10001754      0x168 Tablero/CMakeFiles/Lavadora.dir/C_/Program_Files/Raspberry_Pi/Pico_SDK_v1.5.1/pico-sdk/src/common/pico_time/time.c.obj
                0x10001754                alarm_pool_add_alarm_at
 .text.alarm_pool_cancel_alarm
                0x100018bc       0xf8 Tablero/CMakeFiles/Lavadora.dir/C_/Program_Files/Raspberry_Pi/Pico_SDK_v1.5.1/pico-sdk/src/common/pico_time/time.c.obj
                0x100018bc                alarm_pool_cancel_alarm
 .text.alarm_pool_core_num
                0x100019b4        0x4 Tablero/CMakeFiles/Lavadora.dir/C_/Program_Files/Raspberry_Pi/Pico_SDK_v1.5.1/pico-sdk/src/common/pico_time/time.c.obj
                0x100019b4                alarm_pool_core_num
 .text.sleep_until
                0x100019b8       0xfc Tablero/CMakeFiles/Lavadora.dir/C_/Program_Files/Raspberry_Pi/Pico_SDK_v1.5.1/pico-sdk/src/common/pico_time/time.c.obj
                0x100019b8                sleep_until
 .text.sleep_us
                0x10001ab4       0x58 Tablero/CMakeFiles/Lavadora.dir/C_/Program_Files/Raspberry_Pi/Pico_SDK_v1.5.1/pico-sdk/src/common/pico_time/time.c.obj
                0x10001ab4                sleep_us
 .text.sleep_ms
                0x10001b0c       0x14 Tablero/CMakeFiles/Lavadora.dir/C_/Program_Files/Raspberry_Pi/Pico_SDK_v1.5.1/pico-sdk/src/common/pico_time/time.c.obj
                0x10001b0c                sleep_ms
 .text.best_effort_wfe_or_timeout
                0x10001b20       0xac Tablero/CMakeFiles/Lavadora.dir/C_/Program_Files/Raspberry_Pi/Pico_SDK_v1.5.1/pico-sdk/src/common/pico_time/time.c.obj
                0x10001b20                best_effort_wfe_or_timeout
 .text.hardware_alarm_irq_handler
                0x10001bcc       0x90 Tablero/CMakeFiles/Lavadora.dir/C_/Program_Files/Raspberry_Pi/Pico_SDK_v1.5.1/pico-sdk/src/rp2_common/hardware_timer/timer.c.obj
 .text.hardware_alarm_claim
                0x10001c5c       0x18 Tablero/CMakeFiles/Lavadora.dir/C_/Program_Files/Raspberry_Pi/Pico_SDK_v1.5.1/pico-sdk/src/rp2_common/hardware_timer/timer.c.obj
                0x10001c5c                hardware_alarm_claim
 .text.time_us_64
                0x10001c74       0x18 Tablero/CMakeFiles/Lavadora.dir/C_/Program_Files/Raspberry_Pi/Pico_SDK_v1.5.1/pico-sdk/src/rp2_common/hardware_timer/timer.c.obj
                0x10001c74                time_us_64
 .text.busy_wait_until
                0x10001c8c       0x28 Tablero/CMakeFiles/Lavadora.dir/C_/Program_Files/Raspberry_Pi/Pico_SDK_v1.5.1/pico-sdk/src/rp2_common/hardware_timer/timer.c.obj
                0x10001c8c                busy_wait_until
 .text.busy_wait_us
                0x10001cb4       0x48 Tablero/CMakeFiles/Lavadora.dir/C_/Program_Files/Raspberry_Pi/Pico_SDK_v1.5.1/pico-sdk/src/rp2_common/hardware_timer/timer.c.obj
                0x10001cb4                busy_wait_us
 .text.hardware_alarm_set_callback
                0x10001cfc       0x90 Tablero/CMakeFiles/Lavadora.dir/C_/Program_Files/Raspberry_Pi/Pico_SDK_v1.5.1/pico-sdk/src/rp2_common/hardware_timer/timer.c.obj
                0x10001cfc                hardware_alarm_set_callback
 .text.hardware_alarm_set_target
                0x10001d8c       0xe8 Tablero/CMakeFiles/Lavadora.dir/C_/Program_Files/Raspberry_Pi/Pico_SDK_v1.5.1/pico-sdk/src/rp2_common/hardware_timer/timer.c.obj
                0x10001d8c                hardware_alarm_set_target
 .text.hardware_alarm_cancel
                0x10001e74       0x40 Tablero/CMakeFiles/Lavadora.dir/C_/Program_Files/Raspberry_Pi/Pico_SDK_v1.5.1/pico-sdk/src/rp2_common/hardware_timer/timer.c.obj
                0x10001e74                hardware_alarm_cancel
 .text.ph_add_child_node
                0x10001eb4       0xa4 Tablero/CMakeFiles/Lavadora.dir/C_/Program_Files/Raspberry_Pi/Pico_SDK_v1.5.1/pico-sdk/src/common/pico_util/pheap.c.obj
 .text.ph_merge_nodes
                0x10001f58       0x3e Tablero/CMakeFiles/Lavadora.dir/C_/Program_Files/Raspberry_Pi/Pico_SDK_v1.5.1/pico-sdk/src/common/pico_util/pheap.c.obj
 *fill*         0x10001f96        0x2 
 .text.ph_clear
                0x10001f98       0x70 Tablero/CMakeFiles/Lavadora.dir/C_/Program_Files/Raspberry_Pi/Pico_SDK_v1.5.1/pico-sdk/src/common/pico_util/pheap.c.obj
                0x10001f98                ph_clear
 .text.ph_post_alloc_init
                0x10002008        0xe Tablero/CMakeFiles/Lavadora.dir/C_/Program_Files/Raspberry_Pi/Pico_SDK_v1.5.1/pico-sdk/src/common/pico_util/pheap.c.obj
                0x10002008                ph_post_alloc_init
 *fill*         0x10002016        0x2 
 .text.ph_merge_two_pass
                0x10002018       0xa8 Tablero/CMakeFiles/Lavadora.dir/C_/Program_Files/Raspberry_Pi/Pico_SDK_v1.5.1/pico-sdk/src/common/pico_util/pheap.c.obj
                0x10002018                ph_merge_two_pass
 .text.ph_remove_any_head
                0x100020c0      0x128 Tablero/CMakeFiles/Lavadora.dir/C_/Program_Files/Raspberry_Pi/Pico_SDK_v1.5.1/pico-sdk/src/common/pico_util/pheap.c.obj
 .text.ph_remove_head
                0x100021e8       0x14 Tablero/CMakeFiles/Lavadora.dir/C_/Program_Files/Raspberry_Pi/Pico_SDK_v1.5.1/pico-sdk/src/common/pico_util/pheap.c.obj
                0x100021e8                ph_remove_head
 .text.ph_remove_and_free_node
                0x100021fc       0xf8 Tablero/CMakeFiles/Lavadora.dir/C_/Program_Files/Raspberry_Pi/Pico_SDK_v1.5.1/pico-sdk/src/common/pico_util/pheap.c.obj
                0x100021fc                ph_remove_and_free_node
 .text.uart_disable_before_lcr_write
                0x100022f4       0x48 Tablero/CMakeFiles/Lavadora.dir/C_/Program_Files/Raspberry_Pi/Pico_SDK_v1.5.1/pico-sdk/src/rp2_common/hardware_uart/uart.c.obj
 .text.uart_write_lcr_bits_masked
                0x1000233c       0x22 Tablero/CMakeFiles/Lavadora.dir/C_/Program_Files/Raspberry_Pi/Pico_SDK_v1.5.1/pico-sdk/src/rp2_common/hardware_uart/uart.c.obj
 *fill*         0x1000235e        0x2 
 .text.uart_set_baudrate
                0x10002360       0x5c Tablero/CMakeFiles/Lavadora.dir/C_/Program_Files/Raspberry_Pi/Pico_SDK_v1.5.1/pico-sdk/src/rp2_common/hardware_uart/uart.c.obj
                0x10002360                uart_set_baudrate
 .text.uart_set_format
                0x100023bc       0x2c Tablero/CMakeFiles/Lavadora.dir/C_/Program_Files/Raspberry_Pi/Pico_SDK_v1.5.1/pico-sdk/src/rp2_common/hardware_uart/uart.c.obj
                0x100023bc                uart_set_format
 .text.uart_set_translate_crlf
                0x100023e8       0x28 Tablero/CMakeFiles/Lavadora.dir/C_/Program_Files/Raspberry_Pi/Pico_SDK_v1.5.1/pico-sdk/src/rp2_common/hardware_uart/uart.c.obj
                0x100023e8                uart_set_translate_crlf
 .text.uart_init
                0x10002410       0x80 Tablero/CMakeFiles/Lavadora.dir/C_/Program_Files/Raspberry_Pi/Pico_SDK_v1.5.1/pico-sdk/src/rp2_common/hardware_uart/uart.c.obj
                0x10002410                uart_init
 .text.clock_configure
                0x10002490      0x108 Tablero/CMakeFiles/Lavadora.dir/C_/Program_Files/Raspberry_Pi/Pico_SDK_v1.5.1/pico-sdk/src/rp2_common/hardware_clocks/clocks.c.obj
                0x10002490                clock_configure
 .text.clocks_init
                0x10002598      0x100 Tablero/CMakeFiles/Lavadora.dir/C_/Program_Files/Raspberry_Pi/Pico_SDK_v1.5.1/pico-sdk/src/rp2_common/hardware_clocks/clocks.c.obj
                0x10002598                clocks_init
 .text.clock_get_hz
                0x10002698        0xc Tablero/CMakeFiles/Lavadora.dir/C_/Program_Files/Raspberry_Pi/Pico_SDK_v1.5.1/pico-sdk/src/rp2_common/hardware_clocks/clocks.c.obj
                0x10002698                clock_get_hz
 .text.pll_init
                0x100026a4      0x120 Tablero/CMakeFiles/Lavadora.dir/C_/Program_Files/Raspberry_Pi/Pico_SDK_v1.5.1/pico-sdk/src/rp2_common/hardware_pll/pll.c.obj
                0x100026a4                pll_init
 .text.watchdog_start_tick
                0x100027c4       0x10 Tablero/CMakeFiles/Lavadora.dir/C_/Program_Files/Raspberry_Pi/Pico_SDK_v1.5.1/pico-sdk/src/rp2_common/hardware_watchdog/watchdog.c.obj
                0x100027c4                watchdog_start_tick
 .text.watchdog_update
                0x100027d4       0x14 Tablero/CMakeFiles/Lavadora.dir/C_/Program_Files/Raspberry_Pi/Pico_SDK_v1.5.1/pico-sdk/src/rp2_common/hardware_watchdog/watchdog.c.obj
                0x100027d4                watchdog_update
 .text._watchdog_enable
                0x100027e8       0x78 Tablero/CMakeFiles/Lavadora.dir/C_/Program_Files/Raspberry_Pi/Pico_SDK_v1.5.1/pico-sdk/src/rp2_common/hardware_watchdog/watchdog.c.obj
                0x100027e8                _watchdog_enable
 .text.watchdog_reboot
                0x10002860       0x48 Tablero/CMakeFiles/Lavadora.dir/C_/Program_Files/Raspberry_Pi/Pico_SDK_v1.5.1/pico-sdk/src/rp2_common/hardware_watchdog/watchdog.c.obj
                0x10002860                watchdog_reboot
 .text.xosc_init
                0x100028a8       0x28 Tablero/CMakeFiles/Lavadora.dir/C_/Program_Files/Raspberry_Pi/Pico_SDK_v1.5.1/pico-sdk/src/rp2_common/hardware_xosc/xosc.c.obj
                0x100028a8                xosc_init
 .text._exit    0x100028d0        0x4 Tablero/CMakeFiles/Lavadora.dir/C_/Program_Files/Raspberry_Pi/Pico_SDK_v1.5.1/pico-sdk/src/rp2_common/pico_runtime/runtime.c.obj
                0x100028d0                _exit
 .text.exit     0x100028d4        0x6 Tablero/CMakeFiles/Lavadora.dir/C_/Program_Files/Raspberry_Pi/Pico_SDK_v1.5.1/pico-sdk/src/rp2_common/pico_runtime/runtime.c.obj
                0x100028d4                exit
 *fill*         0x100028da        0x2 
 .text.__assert_func
                0x100028dc       0x3c Tablero/CMakeFiles/Lavadora.dir/C_/Program_Files/Raspberry_Pi/Pico_SDK_v1.5.1/pico-sdk/src/rp2_common/pico_runtime/runtime.c.obj
                0x100028dc                __assert_func
 .text.runtime_init
                0x10002918       0xf8 Tablero/CMakeFiles/Lavadora.dir/C_/Program_Files/Raspberry_Pi/Pico_SDK_v1.5.1/pico-sdk/src/rp2_common/pico_runtime/runtime.c.obj
                0x10002918                runtime_init
 .text.panic    0x10002a10       0x30 Tablero/CMakeFiles/Lavadora.dir/C_/Program_Files/Raspberry_Pi/Pico_SDK_v1.5.1/pico-sdk/src/rp2_common/pico_runtime/runtime.c.obj
                0x10002a10                panic
 .text._out_null
                0x10002a40        0x2 Tablero/CMakeFiles/Lavadora.dir/C_/Program_Files/Raspberry_Pi/Pico_SDK_v1.5.1/pico-sdk/src/rp2_common/pico_printf/printf.c.obj
 .text._out_fct
                0x10002a42        0xe Tablero/CMakeFiles/Lavadora.dir/C_/Program_Files/Raspberry_Pi/Pico_SDK_v1.5.1/pico-sdk/src/rp2_common/pico_printf/printf.c.obj
 .text._atoi    0x10002a50       0x24 Tablero/CMakeFiles/Lavadora.dir/C_/Program_Files/Raspberry_Pi/Pico_SDK_v1.5.1/pico-sdk/src/rp2_common/pico_printf/printf.c.obj
 .text._out_rev
                0x10002a74       0xae Tablero/CMakeFiles/Lavadora.dir/C_/Program_Files/Raspberry_Pi/Pico_SDK_v1.5.1/pico-sdk/src/rp2_common/pico_printf/printf.c.obj
 .text._ntoa_format
                0x10002b22      0x112 Tablero/CMakeFiles/Lavadora.dir/C_/Program_Files/Raspberry_Pi/Pico_SDK_v1.5.1/pico-sdk/src/rp2_common/pico_printf/printf.c.obj
 .text._ntoa_long
                0x10002c34       0xbc Tablero/CMakeFiles/Lavadora.dir/C_/Program_Files/Raspberry_Pi/Pico_SDK_v1.5.1/pico-sdk/src/rp2_common/pico_printf/printf.c.obj
 .text._ntoa_long_long
                0x10002cf0       0xe2 Tablero/CMakeFiles/Lavadora.dir/C_/Program_Files/Raspberry_Pi/Pico_SDK_v1.5.1/pico-sdk/src/rp2_common/pico_printf/printf.c.obj
 *fill*         0x10002dd2        0x2 
 .text._etoa    0x10002dd4      0x414 Tablero/CMakeFiles/Lavadora.dir/C_/Program_Files/Raspberry_Pi/Pico_SDK_v1.5.1/pico-sdk/src/rp2_common/pico_printf/printf.c.obj
 .text._ftoa    0x100031e8      0x354 Tablero/CMakeFiles/Lavadora.dir/C_/Program_Files/Raspberry_Pi/Pico_SDK_v1.5.1/pico-sdk/src/rp2_common/pico_printf/printf.c.obj
 .text._vsnprintf
                0x1000353c      0x624 Tablero/CMakeFiles/Lavadora.dir/C_/Program_Files/Raspberry_Pi/Pico_SDK_v1.5.1/pico-sdk/src/rp2_common/pico_printf/printf.c.obj
 .text.vfctprintf
                0x10003b60       0x20 Tablero/CMakeFiles/Lavadora.dir/C_/Program_Files/Raspberry_Pi/Pico_SDK_v1.5.1/pico-sdk/src/rp2_common/pico_printf/printf.c.obj
                0x10003b60                vfctprintf
 .text          0x10003b80       0x10 Tablero/CMakeFiles/Lavadora.dir/C_/Program_Files/Raspberry_Pi/Pico_SDK_v1.5.1/pico-sdk/src/rp2_common/pico_bit_ops/bit_ops_aeabi.S.obj
 .text.rom_func_lookup
                0x10003b90       0x10 Tablero/CMakeFiles/Lavadora.dir/C_/Program_Files/Raspberry_Pi/Pico_SDK_v1.5.1/pico-sdk/src/rp2_common/pico_bootrom/bootrom.c.obj
                0x10003b90                rom_func_lookup
 .text.rom_data_lookup
                0x10003ba0       0x10 Tablero/CMakeFiles/Lavadora.dir/C_/Program_Files/Raspberry_Pi/Pico_SDK_v1.5.1/pico-sdk/src/rp2_common/pico_bootrom/bootrom.c.obj
                0x10003ba0                rom_data_lookup
 .text.rom_funcs_lookup
                0x10003bb0       0x36 Tablero/CMakeFiles/Lavadora.dir/C_/Program_Files/Raspberry_Pi/Pico_SDK_v1.5.1/pico-sdk/src/rp2_common/pico_bootrom/bootrom.c.obj
                0x10003bb0                rom_funcs_lookup
 *fill*         0x10003be6        0x2 
 .text.__wrap___aeabi_idiv
                0x10003be8       0x50 Tablero/CMakeFiles/Lavadora.dir/C_/Program_Files/Raspberry_Pi/Pico_SDK_v1.5.1/pico-sdk/src/rp2_common/pico_divider/divider.S.obj
                0x10003be8                __wrap___aeabi_idivmod
                0x10003be8                divmod_s32s32
                0x10003be8                div_s32s32
                0x10003be8                __wrap___aeabi_idiv
                0x10003bf0                divmod_s32s32_unsafe
                0x10003c1c                divmod_s32s32_savestate
 .text.__wrap___aeabi_uidiv
                0x10003c38       0x4c Tablero/CMakeFiles/Lavadora.dir/C_/Program_Files/Raspberry_Pi/Pico_SDK_v1.5.1/pico-sdk/src/rp2_common/pico_divider/divider.S.obj
                0x10003c38                __wrap___aeabi_uidiv
                0x10003c38                __wrap___aeabi_uidivmod
                0x10003c38                div_u32u32
                0x10003c38                divmod_u32u32
                0x10003c40                divmod_u32u32_unsafe
                0x10003c68                divmod_u32u32_savestate
 .text.__wrap___aeabi_ldiv
                0x10003c84      0x424 Tablero/CMakeFiles/Lavadora.dir/C_/Program_Files/Raspberry_Pi/Pico_SDK_v1.5.1/pico-sdk/src/rp2_common/pico_divider/divider.S.obj
                0x10003c84                div_s64s64
                0x10003c84                divmod_s64s64
                0x10003c84                __wrap___aeabi_ldivmod
                0x10003cb4                divmod_u64u64
                0x10003cb4                div_u64u64
                0x10003cb4                __wrap___aeabi_uldivmod
                0x10003cc4                divmod_u64u64_savestate
                0x10003ce4                divmod_s64s64_unsafe
                0x10003d6c                divmod_u64u64_unsafe
 .text.__wrap___aeabi_darithmetic
                0x100040a8       0x60 Tablero/CMakeFiles/Lavadora.dir/C_/Program_Files/Raspberry_Pi/Pico_SDK_v1.5.1/pico-sdk/src/rp2_common/pico_double/double_aeabi.S.obj
                0x100040a8                __wrap___aeabi_drsub
                0x100040ae                __wrap___aeabi_dsub
                0x100040b8                __wrap___aeabi_dadd
                0x100040c2                __wrap___aeabi_ddiv
                0x100040f6                __wrap___aeabi_dmul
 .text.__wrap___aeabi_cdcmple
                0x10004108       0x6c Tablero/CMakeFiles/Lavadora.dir/C_/Program_Files/Raspberry_Pi/Pico_SDK_v1.5.1/pico-sdk/src/rp2_common/pico_double/double_aeabi.S.obj
                0x10004108                __wrap___aeabi_cdrcmple
                0x10004118                __wrap___aeabi_cdcmpeq
                0x10004118                __wrap___aeabi_cdcmple
 .text.__wrap___aeabi_dcmplt
                0x10004174        0xc Tablero/CMakeFiles/Lavadora.dir/C_/Program_Files/Raspberry_Pi/Pico_SDK_v1.5.1/pico-sdk/src/rp2_common/pico_double/double_aeabi.S.obj
                0x10004174                __wrap___aeabi_dcmplt
 .text.__wrap___aeabi_dcmple
                0x10004180       0x10 Tablero/CMakeFiles/Lavadora.dir/C_/Program_Files/Raspberry_Pi/Pico_SDK_v1.5.1/pico-sdk/src/rp2_common/pico_double/double_aeabi.S.obj
                0x10004180                __wrap___aeabi_dcmple
 .text.__wrap___aeabi_dcmpge
                0x10004190       0x10 Tablero/CMakeFiles/Lavadora.dir/C_/Program_Files/Raspberry_Pi/Pico_SDK_v1.5.1/pico-sdk/src/rp2_common/pico_double/double_aeabi.S.obj
                0x10004190                __wrap___aeabi_dcmpge
 .text.__wrap___aeabi_dcmpgt
                0x100041a0        0xa Tablero/CMakeFiles/Lavadora.dir/C_/Program_Files/Raspberry_Pi/Pico_SDK_v1.5.1/pico-sdk/src/rp2_common/pico_double/double_aeabi.S.obj
                0x100041a0                __wrap___aeabi_dcmpgt
 .text.__wrap___aeabi_dcmpun
                0x100041aa       0x1c Tablero/CMakeFiles/Lavadora.dir/C_/Program_Files/Raspberry_Pi/Pico_SDK_v1.5.1/pico-sdk/src/rp2_common/pico_double/double_aeabi.S.obj
                0x100041aa                __wrap___aeabi_dcmpun
 *fill*         0x100041c6        0x2 
 .text.__wrap___aeabi_i2d
                0x100041c8       0x38 Tablero/CMakeFiles/Lavadora.dir/C_/Program_Files/Raspberry_Pi/Pico_SDK_v1.5.1/pico-sdk/src/rp2_common/pico_double/double_aeabi.S.obj
                0x100041c8                __wrap___aeabi_ui2d
                0x100041d0                __wrap___aeabi_i2d
 .text.__wrap___aeabi_d2iz
                0x10004200       0x48 Tablero/CMakeFiles/Lavadora.dir/C_/Program_Files/Raspberry_Pi/Pico_SDK_v1.5.1/pico-sdk/src/rp2_common/pico_double/double_aeabi.S.obj
                0x10004200                double2int_z
                0x10004200                __wrap___aeabi_d2iz
 .text.__wrap___aeabi_d2uiz
                0x10004248       0x10 Tablero/CMakeFiles/Lavadora.dir/C_/Program_Files/Raspberry_Pi/Pico_SDK_v1.5.1/pico-sdk/src/rp2_common/pico_double/double_aeabi.S.obj
                0x10004248                __wrap___aeabi_d2uiz
                0x10004248                double2uint
 .text.missing_double_func_shim
                0x10004258        0xc Tablero/CMakeFiles/Lavadora.dir/C_/Program_Files/Raspberry_Pi/Pico_SDK_v1.5.1/pico-sdk/src/rp2_common/pico_double/double_init_rom.c.obj
 .text.__aeabi_double_init
                0x10004264       0xcc Tablero/CMakeFiles/Lavadora.dir/C_/Program_Files/Raspberry_Pi/Pico_SDK_v1.5.1/pico-sdk/src/rp2_common/pico_double/double_init_rom.c.obj
                0x10004264                __aeabi_double_init
 .text.double_table_shim_on_use_helper
                0x10004330       0x34 Tablero/CMakeFiles/Lavadora.dir/C_/Program_Files/Raspberry_Pi/Pico_SDK_v1.5.1/pico-sdk/src/rp2_common/pico_double/double_v1_rom_shim.S.obj
                0x10004330                double_table_shim_on_use_helper
 .text.__aeabi_lmul
                0x10004364       0x32 Tablero/CMakeFiles/Lavadora.dir/C_/Program_Files/Raspberry_Pi/Pico_SDK_v1.5.1/pico-sdk/src/rp2_common/pico_int64_ops/pico_int64_ops_aeabi.S.obj
                0x10004364                __wrap___aeabi_lmul
 *fill*         0x10004396        0x2 
 .text.missing_float_func_shim
                0x10004398        0xc Tablero/CMakeFiles/Lavadora.dir/C_/Program_Files/Raspberry_Pi/Pico_SDK_v1.5.1/pico-sdk/src/rp2_common/pico_float/float_init_rom.c.obj
 .text.__aeabi_float_init
                0x100043a4       0x88 Tablero/CMakeFiles/Lavadora.dir/C_/Program_Files/Raspberry_Pi/Pico_SDK_v1.5.1/pico-sdk/src/rp2_common/pico_float/float_init_rom.c.obj
                0x100043a4                __aeabi_float_init
 .text          0x1000442c       0x10 Tablero/CMakeFiles/Lavadora.dir/C_/Program_Files/Raspberry_Pi/Pico_SDK_v1.5.1/pico-sdk/src/rp2_common/pico_mem_ops/mem_ops_aeabi.S.obj
                0x1000442c                __aeabi_mem_init
 .text.memset   0x1000443c        0xc Tablero/CMakeFiles/Lavadora.dir/C_/Program_Files/Raspberry_Pi/Pico_SDK_v1.5.1/pico-sdk/src/rp2_common/pico_mem_ops/mem_ops_aeabi.S.obj
                0x1000443c                __wrap_memset
 .text.memcpy   0x10004448        0xc Tablero/CMakeFiles/Lavadora.dir/C_/Program_Files/Raspberry_Pi/Pico_SDK_v1.5.1/pico-sdk/src/rp2_common/pico_mem_ops/mem_ops_aeabi.S.obj
                0x10004448                __wrap_memcpy
                0x10004448                __wrap___aeabi_memcpy
 .text.stdio_out_chars_no_crlf
                0x10004454        0xe Tablero/CMakeFiles/Lavadora.dir/C_/Program_Files/Raspberry_Pi/Pico_SDK_v1.5.1/pico-sdk/src/rp2_common/pico_stdio/stdio.c.obj
 *fill*         0x10004462        0x2 
 .text.stdio_out_chars_crlf
                0x10004464       0x80 Tablero/CMakeFiles/Lavadora.dir/C_/Program_Files/Raspberry_Pi/Pico_SDK_v1.5.1/pico-sdk/src/rp2_common/pico_stdio/stdio.c.obj
 .text.stdio_stack_buffer_flush
                0x100044e4       0x44 Tablero/CMakeFiles/Lavadora.dir/C_/Program_Files/Raspberry_Pi/Pico_SDK_v1.5.1/pico-sdk/src/rp2_common/pico_stdio/stdio.c.obj
 .text.stdio_buffered_printer
                0x10004528       0x20 Tablero/CMakeFiles/Lavadora.dir/C_/Program_Files/Raspberry_Pi/Pico_SDK_v1.5.1/pico-sdk/src/rp2_common/pico_stdio/stdio.c.obj
 .text.stdout_serialize_begin
                0x10004548       0x5c Tablero/CMakeFiles/Lavadora.dir/C_/Program_Files/Raspberry_Pi/Pico_SDK_v1.5.1/pico-sdk/src/rp2_common/pico_stdio/stdio.c.obj
                0x10004548                stdout_serialize_begin
 .text.stdout_serialize_end
                0x100045a4       0x10 Tablero/CMakeFiles/Lavadora.dir/C_/Program_Files/Raspberry_Pi/Pico_SDK_v1.5.1/pico-sdk/src/rp2_common/pico_stdio/stdio.c.obj
                0x100045a4                stdout_serialize_end
 .text.stdio_put_string
                0x100045b4       0x98 Tablero/CMakeFiles/Lavadora.dir/C_/Program_Files/Raspberry_Pi/Pico_SDK_v1.5.1/pico-sdk/src/rp2_common/pico_stdio/stdio.c.obj
 .text.stdio_set_driver_enabled
                0x1000464c       0x2c Tablero/CMakeFiles/Lavadora.dir/C_/Program_Files/Raspberry_Pi/Pico_SDK_v1.5.1/pico-sdk/src/rp2_common/pico_stdio/stdio.c.obj
                0x1000464c                stdio_set_driver_enabled
 .text.stdio_flush
                0x10004678       0x20 Tablero/CMakeFiles/Lavadora.dir/C_/Program_Files/Raspberry_Pi/Pico_SDK_v1.5.1/pico-sdk/src/rp2_common/pico_stdio/stdio.c.obj
                0x10004678                stdio_flush
 .text.__wrap_puts
                0x10004698       0x1e Tablero/CMakeFiles/Lavadora.dir/C_/Program_Files/Raspberry_Pi/Pico_SDK_v1.5.1/pico-sdk/src/rp2_common/pico_stdio/stdio.c.obj
                0x10004698                __wrap_puts
 *fill*         0x100046b6        0x2 
 .text.__wrap_vprintf
                0x100046b8       0x40 Tablero/CMakeFiles/Lavadora.dir/C_/Program_Files/Raspberry_Pi/Pico_SDK_v1.5.1/pico-sdk/src/rp2_common/pico_stdio/stdio.c.obj
                0x100046b8                __wrap_vprintf
 .text.__wrap_printf
                0x100046f8       0x18 Tablero/CMakeFiles/Lavadora.dir/C_/Program_Files/Raspberry_Pi/Pico_SDK_v1.5.1/pico-sdk/src/rp2_common/pico_stdio/stdio.c.obj
                0x100046f8                __wrap_printf
 .text.stdio_init_all
                0x10004710        0x8 Tablero/CMakeFiles/Lavadora.dir/C_/Program_Files/Raspberry_Pi/Pico_SDK_v1.5.1/pico-sdk/src/rp2_common/pico_stdio/stdio.c.obj
                0x10004710                stdio_init_all
 .text.resetd_init
                0x10004718        0x2 Tablero/CMakeFiles/Lavadora.dir/C_/Program_Files/Raspberry_Pi/Pico_SDK_v1.5.1/pico-sdk/src/rp2_common/pico_stdio_usb/reset_interface.c.obj
 *fill*         0x1000471a        0x2 
 .text.resetd_reset
                0x1000471c        0xc Tablero/CMakeFiles/Lavadora.dir/C_/Program_Files/Raspberry_Pi/Pico_SDK_v1.5.1/pico-sdk/src/rp2_common/pico_stdio_usb/reset_interface.c.obj
 .text.resetd_open
                0x10004728       0x34 Tablero/CMakeFiles/Lavadora.dir/C_/Program_Files/Raspberry_Pi/Pico_SDK_v1.5.1/pico-sdk/src/rp2_common/pico_stdio_usb/reset_interface.c.obj
 .text.resetd_xfer_cb
                0x1000475c        0x4 Tablero/CMakeFiles/Lavadora.dir/C_/Program_Files/Raspberry_Pi/Pico_SDK_v1.5.1/pico-sdk/src/rp2_common/pico_stdio_usb/reset_interface.c.obj
 .text.reset_usb_boot
                0x10004760       0x18 Tablero/CMakeFiles/Lavadora.dir/C_/Program_Files/Raspberry_Pi/Pico_SDK_v1.5.1/pico-sdk/src/rp2_common/pico_stdio_usb/reset_interface.c.obj
 .text.resetd_control_xfer_cb
                0x10004778       0x5c Tablero/CMakeFiles/Lavadora.dir/C_/Program_Files/Raspberry_Pi/Pico_SDK_v1.5.1/pico-sdk/src/rp2_common/pico_stdio_usb/reset_interface.c.obj
 .text.usbd_app_driver_get_cb
                0x100047d4        0xc Tablero/CMakeFiles/Lavadora.dir/C_/Program_Files/Raspberry_Pi/Pico_SDK_v1.5.1/pico-sdk/src/rp2_common/pico_stdio_usb/reset_interface.c.obj
                0x100047d4                usbd_app_driver_get_cb
 .text.tud_cdc_line_coding_cb
                0x100047e0       0x28 Tablero/CMakeFiles/Lavadora.dir/C_/Program_Files/Raspberry_Pi/Pico_SDK_v1.5.1/pico-sdk/src/rp2_common/pico_stdio_usb/reset_interface.c.obj
                0x100047e0                tud_cdc_line_coding_cb
 .text.stdio_usb_set_chars_available_callback
                0x10004808       0x14 Tablero/CMakeFiles/Lavadora.dir/C_/Program_Files/Raspberry_Pi/Pico_SDK_v1.5.1/pico-sdk/src/rp2_common/pico_stdio_usb/stdio_usb.c.obj
                0x10004808                stdio_usb_set_chars_available_callback
 .text.usb_irq  0x1000481c       0x10 Tablero/CMakeFiles/Lavadora.dir/C_/Program_Files/Raspberry_Pi/Pico_SDK_v1.5.1/pico-sdk/src/rp2_common/pico_stdio_usb/stdio_usb.c.obj
 .text.timer_task
                0x1000482c       0x5c Tablero/CMakeFiles/Lavadora.dir/C_/Program_Files/Raspberry_Pi/Pico_SDK_v1.5.1/pico-sdk/src/rp2_common/pico_stdio_usb/stdio_usb.c.obj
 .text.low_priority_worker_irq
                0x10004888       0xdc Tablero/CMakeFiles/Lavadora.dir/C_/Program_Files/Raspberry_Pi/Pico_SDK_v1.5.1/pico-sdk/src/rp2_common/pico_stdio_usb/stdio_usb.c.obj
 .text.tud_cdc_rx_cb
                0x10004964       0x20 Tablero/CMakeFiles/Lavadora.dir/C_/Program_Files/Raspberry_Pi/Pico_SDK_v1.5.1/pico-sdk/src/rp2_common/pico_stdio_usb/stdio_usb.c.obj
                0x10004964                tud_cdc_rx_cb
 .text.stdio_usb_init
                0x10004984      0x11c Tablero/CMakeFiles/Lavadora.dir/C_/Program_Files/Raspberry_Pi/Pico_SDK_v1.5.1/pico-sdk/src/rp2_common/pico_stdio_usb/stdio_usb.c.obj
                0x10004984                stdio_usb_init
 .text.stdio_usb_connected
                0x10004aa0        0xa Tablero/CMakeFiles/Lavadora.dir/C_/Program_Files/Raspberry_Pi/Pico_SDK_v1.5.1/pico-sdk/src/rp2_common/pico_stdio_usb/stdio_usb.c.obj
                0x10004aa0                stdio_usb_connected
 *fill*         0x10004aaa        0x2 
 .text.stdio_usb_in_chars
                0x10004aac       0xc4 Tablero/CMakeFiles/Lavadora.dir/C_/Program_Files/Raspberry_Pi/Pico_SDK_v1.5.1/pico-sdk/src/rp2_common/pico_stdio_usb/stdio_usb.c.obj
                0x10004aac                stdio_usb_in_chars
 .text.stdio_usb_out_chars
                0x10004b70      0x114 Tablero/CMakeFiles/Lavadora.dir/C_/Program_Files/Raspberry_Pi/Pico_SDK_v1.5.1/pico-sdk/src/rp2_common/pico_stdio_usb/stdio_usb.c.obj
 .text.tud_descriptor_device_cb
                0x10004c84        0x8 Tablero/CMakeFiles/Lavadora.dir/C_/Program_Files/Raspberry_Pi/Pico_SDK_v1.5.1/pico-sdk/src/rp2_common/pico_stdio_usb/stdio_usb_descriptors.c.obj
                0x10004c84                tud_descriptor_device_cb
 .text.tud_descriptor_configuration_cb
                0x10004c8c        0x8 Tablero/CMakeFiles/Lavadora.dir/C_/Program_Files/Raspberry_Pi/Pico_SDK_v1.5.1/pico-sdk/src/rp2_common/pico_stdio_usb/stdio_usb_descriptors.c.obj
                0x10004c8c                tud_descriptor_configuration_cb
 .text.tud_descriptor_string_cb
                0x10004c94       0x6c Tablero/CMakeFiles/Lavadora.dir/C_/Program_Files/Raspberry_Pi/Pico_SDK_v1.5.1/pico-sdk/src/rp2_common/pico_stdio_usb/stdio_usb_descriptors.c.obj
                0x10004c94                tud_descriptor_string_cb
 .text._retrieve_unique_id_on_boot
                0x10004d00       0x10 Tablero/CMakeFiles/Lavadora.dir/C_/Program_Files/Raspberry_Pi/Pico_SDK_v1.5.1/pico-sdk/src/rp2_common/pico_unique_id/unique_id.c.obj
 .text.pico_get_unique_board_id_string
                0x10004d10       0x60 Tablero/CMakeFiles/Lavadora.dir/C_/Program_Files/Raspberry_Pi/Pico_SDK_v1.5.1/pico-sdk/src/rp2_common/pico_unique_id/unique_id.c.obj
                0x10004d10                pico_get_unique_board_id_string
 .text.flash_get_unique_id
                0x10004d70       0x46 Tablero/CMakeFiles/Lavadora.dir/C_/Program_Files/Raspberry_Pi/Pico_SDK_v1.5.1/pico-sdk/src/rp2_common/hardware_flash/flash.c.obj
                0x10004d70                flash_get_unique_id
 *fill*         0x10004db6        0x2 
 .text.hw_endpoint_get_by_addr
                0x10004db8       0x18 Tablero/CMakeFiles/Lavadora.dir/C_/Program_Files/Raspberry_Pi/Pico_SDK_v1.5.1/pico-sdk/lib/tinyusb/src/portable/raspberrypi/rp2040/dcd_rp2040.c.obj
 .text._hw_endpoint_alloc
                0x10004dd0       0x70 Tablero/CMakeFiles/Lavadora.dir/C_/Program_Files/Raspberry_Pi/Pico_SDK_v1.5.1/pico-sdk/lib/tinyusb/src/portable/raspberrypi/rp2040/dcd_rp2040.c.obj
 .text.hw_endpoint_init
                0x10004e40       0x88 Tablero/CMakeFiles/Lavadora.dir/C_/Program_Files/Raspberry_Pi/Pico_SDK_v1.5.1/pico-sdk/lib/tinyusb/src/portable/raspberrypi/rp2040/dcd_rp2040.c.obj
 .text.hw_endpoint_xfer
                0x10004ec8       0x14 Tablero/CMakeFiles/Lavadora.dir/C_/Program_Files/Raspberry_Pi/Pico_SDK_v1.5.1/pico-sdk/lib/tinyusb/src/portable/raspberrypi/rp2040/dcd_rp2040.c.obj
 .text.dcd_int_enable
                0x10004edc       0x2c Tablero/CMakeFiles/Lavadora.dir/C_/Program_Files/Raspberry_Pi/Pico_SDK_v1.5.1/pico-sdk/lib/tinyusb/src/portable/raspberrypi/rp2040/dcd_rp2040.c.obj
                0x10004edc                dcd_int_enable
 .text.dcd_set_address
                0x10004f08       0x2c Tablero/CMakeFiles/Lavadora.dir/C_/Program_Files/Raspberry_Pi/Pico_SDK_v1.5.1/pico-sdk/lib/tinyusb/src/portable/raspberrypi/rp2040/dcd_rp2040.c.obj
                0x10004f08                dcd_set_address
 .text.dcd_connect
                0x10004f34       0x10 Tablero/CMakeFiles/Lavadora.dir/C_/Program_Files/Raspberry_Pi/Pico_SDK_v1.5.1/pico-sdk/lib/tinyusb/src/portable/raspberrypi/rp2040/dcd_rp2040.c.obj
                0x10004f34                dcd_connect
 .text.dcd_init
                0x10004f44       0x80 Tablero/CMakeFiles/Lavadora.dir/C_/Program_Files/Raspberry_Pi/Pico_SDK_v1.5.1/pico-sdk/lib/tinyusb/src/portable/raspberrypi/rp2040/dcd_rp2040.c.obj
                0x10004f44                dcd_init
 .text.dcd_edpt0_status_complete
                0x10004fc4       0x1c Tablero/CMakeFiles/Lavadora.dir/C_/Program_Files/Raspberry_Pi/Pico_SDK_v1.5.1/pico-sdk/lib/tinyusb/src/portable/raspberrypi/rp2040/dcd_rp2040.c.obj
                0x10004fc4                dcd_edpt0_status_complete
 .text.dcd_edpt_open
                0x10004fe0       0x40 Tablero/CMakeFiles/Lavadora.dir/C_/Program_Files/Raspberry_Pi/Pico_SDK_v1.5.1/pico-sdk/lib/tinyusb/src/portable/raspberrypi/rp2040/dcd_rp2040.c.obj
                0x10004fe0                dcd_edpt_open
 .text.dcd_edpt_close_all
                0x10005020        0x8 Tablero/CMakeFiles/Lavadora.dir/C_/Program_Files/Raspberry_Pi/Pico_SDK_v1.5.1/pico-sdk/lib/tinyusb/src/portable/raspberrypi/rp2040/dcd_rp2040.c.obj
                0x10005020                dcd_edpt_close_all
 .text.dcd_edpt_xfer
                0x10005028       0x34 Tablero/CMakeFiles/Lavadora.dir/C_/Program_Files/Raspberry_Pi/Pico_SDK_v1.5.1/pico-sdk/lib/tinyusb/src/portable/raspberrypi/rp2040/dcd_rp2040.c.obj
                0x10005028                dcd_edpt_xfer
 .text.dcd_edpt_stall
                0x1000505c       0x2c Tablero/CMakeFiles/Lavadora.dir/C_/Program_Files/Raspberry_Pi/Pico_SDK_v1.5.1/pico-sdk/lib/tinyusb/src/portable/raspberrypi/rp2040/dcd_rp2040.c.obj
                0x1000505c                dcd_edpt_stall
 .text.dcd_edpt_clear_stall
                0x10005088       0x20 Tablero/CMakeFiles/Lavadora.dir/C_/Program_Files/Raspberry_Pi/Pico_SDK_v1.5.1/pico-sdk/lib/tinyusb/src/portable/raspberrypi/rp2040/dcd_rp2040.c.obj
                0x10005088                dcd_edpt_clear_stall
 .text.rp2040_usb_init
                0x100050a8       0x4c Tablero/CMakeFiles/Lavadora.dir/C_/Program_Files/Raspberry_Pi/Pico_SDK_v1.5.1/pico-sdk/lib/tinyusb/src/portable/raspberrypi/rp2040/rp2040_usb.c.obj
                0x100050a8                rp2040_usb_init
 .text.hw_endpoint_xfer_start
                0x100050f4       0x50 Tablero/CMakeFiles/Lavadora.dir/C_/Program_Files/Raspberry_Pi/Pico_SDK_v1.5.1/pico-sdk/lib/tinyusb/src/portable/raspberrypi/rp2040/rp2040_usb.c.obj
                0x100050f4                hw_endpoint_xfer_start
 .text.configuration_reset
                0x10005144       0x84 Tablero/CMakeFiles/Lavadora.dir/C_/Program_Files/Raspberry_Pi/Pico_SDK_v1.5.1/pico-sdk/lib/tinyusb/src/device/usbd.c.obj
 .text.usbd_reset
                0x100051c8        0xc Tablero/CMakeFiles/Lavadora.dir/C_/Program_Files/Raspberry_Pi/Pico_SDK_v1.5.1/pico-sdk/lib/tinyusb/src/device/usbd.c.obj
 .text.invoke_class_control
                0x100051d4       0x1a Tablero/CMakeFiles/Lavadora.dir/C_/Program_Files/Raspberry_Pi/Pico_SDK_v1.5.1/pico-sdk/lib/tinyusb/src/device/usbd.c.obj
 *fill*         0x100051ee        0x2 
 .text.process_set_config
                0x100051f0      0x178 Tablero/CMakeFiles/Lavadora.dir/C_/Program_Files/Raspberry_Pi/Pico_SDK_v1.5.1/pico-sdk/lib/tinyusb/src/device/usbd.c.obj
 .text.process_get_descriptor
                0x10005368       0xdc Tablero/CMakeFiles/Lavadora.dir/C_/Program_Files/Raspberry_Pi/Pico_SDK_v1.5.1/pico-sdk/lib/tinyusb/src/device/usbd.c.obj
 .text.tud_mounted
                0x10005444       0x10 Tablero/CMakeFiles/Lavadora.dir/C_/Program_Files/Raspberry_Pi/Pico_SDK_v1.5.1/pico-sdk/lib/tinyusb/src/device/usbd.c.obj
                0x10005444                tud_mounted
 .text.tud_suspended
                0x10005454       0x10 Tablero/CMakeFiles/Lavadora.dir/C_/Program_Files/Raspberry_Pi/Pico_SDK_v1.5.1/pico-sdk/lib/tinyusb/src/device/usbd.c.obj
                0x10005454                tud_suspended
 .text.tud_inited
                0x10005464       0x14 Tablero/CMakeFiles/Lavadora.dir/C_/Program_Files/Raspberry_Pi/Pico_SDK_v1.5.1/pico-sdk/lib/tinyusb/src/device/usbd.c.obj
                0x10005464                tud_inited
 .text.tud_init
                0x10005478       0xcc Tablero/CMakeFiles/Lavadora.dir/C_/Program_Files/Raspberry_Pi/Pico_SDK_v1.5.1/pico-sdk/lib/tinyusb/src/device/usbd.c.obj
                0x10005478                tud_init
 .text.usbd_defer_func
                0x10005544       0x2a Tablero/CMakeFiles/Lavadora.dir/C_/Program_Files/Raspberry_Pi/Pico_SDK_v1.5.1/pico-sdk/lib/tinyusb/src/device/usbd.c.obj
                0x10005544                usbd_defer_func
 *fill*         0x1000556e        0x2 
 .text.usbd_edpt_open
                0x10005570       0x34 Tablero/CMakeFiles/Lavadora.dir/C_/Program_Files/Raspberry_Pi/Pico_SDK_v1.5.1/pico-sdk/lib/tinyusb/src/device/usbd.c.obj
                0x10005570                usbd_edpt_open
 .text.usbd_open_edpt_pair
                0x100055a4       0x62 Tablero/CMakeFiles/Lavadora.dir/C_/Program_Files/Raspberry_Pi/Pico_SDK_v1.5.1/pico-sdk/lib/tinyusb/src/device/usbd.c.obj
                0x100055a4                usbd_open_edpt_pair
 *fill*         0x10005606        0x2 
 .text.usbd_edpt_claim
                0x10005608       0x28 Tablero/CMakeFiles/Lavadora.dir/C_/Program_Files/Raspberry_Pi/Pico_SDK_v1.5.1/pico-sdk/lib/tinyusb/src/device/usbd.c.obj
                0x10005608                usbd_edpt_claim
 .text.usbd_edpt_release
                0x10005630       0x28 Tablero/CMakeFiles/Lavadora.dir/C_/Program_Files/Raspberry_Pi/Pico_SDK_v1.5.1/pico-sdk/lib/tinyusb/src/device/usbd.c.obj
                0x10005630                usbd_edpt_release
 .text.usbd_edpt_xfer
                0x10005658       0x78 Tablero/CMakeFiles/Lavadora.dir/C_/Program_Files/Raspberry_Pi/Pico_SDK_v1.5.1/pico-sdk/lib/tinyusb/src/device/usbd.c.obj
                0x10005658                usbd_edpt_xfer
 .text.usbd_edpt_stall
                0x100056d0       0x48 Tablero/CMakeFiles/Lavadora.dir/C_/Program_Files/Raspberry_Pi/Pico_SDK_v1.5.1/pico-sdk/lib/tinyusb/src/device/usbd.c.obj
                0x100056d0                usbd_edpt_stall
 .text.usbd_edpt_clear_stall
                0x10005718       0x48 Tablero/CMakeFiles/Lavadora.dir/C_/Program_Files/Raspberry_Pi/Pico_SDK_v1.5.1/pico-sdk/lib/tinyusb/src/device/usbd.c.obj
                0x10005718                usbd_edpt_clear_stall
 .text.usbd_edpt_stalled
                0x10005760       0x1c Tablero/CMakeFiles/Lavadora.dir/C_/Program_Files/Raspberry_Pi/Pico_SDK_v1.5.1/pico-sdk/lib/tinyusb/src/device/usbd.c.obj
                0x10005760                usbd_edpt_stalled
 .text.process_control_request
                0x1000577c      0x37c Tablero/CMakeFiles/Lavadora.dir/C_/Program_Files/Raspberry_Pi/Pico_SDK_v1.5.1/pico-sdk/lib/tinyusb/src/device/usbd.c.obj
 .text.tud_task_ext
                0x10005af8      0x1b8 Tablero/CMakeFiles/Lavadora.dir/C_/Program_Files/Raspberry_Pi/Pico_SDK_v1.5.1/pico-sdk/lib/tinyusb/src/device/usbd.c.obj
                0x10005af8                tud_task_ext
 .text._data_stage_xact
                0x10005cb0       0x58 Tablero/CMakeFiles/Lavadora.dir/C_/Program_Files/Raspberry_Pi/Pico_SDK_v1.5.1/pico-sdk/lib/tinyusb/src/device/usbd_control.c.obj
 .text.tud_control_status
                0x10005d08       0x38 Tablero/CMakeFiles/Lavadora.dir/C_/Program_Files/Raspberry_Pi/Pico_SDK_v1.5.1/pico-sdk/lib/tinyusb/src/device/usbd_control.c.obj
                0x10005d08                tud_control_status
 .text.tud_control_xfer
                0x10005d40       0x74 Tablero/CMakeFiles/Lavadora.dir/C_/Program_Files/Raspberry_Pi/Pico_SDK_v1.5.1/pico-sdk/lib/tinyusb/src/device/usbd_control.c.obj
                0x10005d40                tud_control_xfer
 .text.usbd_control_reset
                0x10005db4       0x14 Tablero/CMakeFiles/Lavadora.dir/C_/Program_Files/Raspberry_Pi/Pico_SDK_v1.5.1/pico-sdk/lib/tinyusb/src/device/usbd_control.c.obj
                0x10005db4                usbd_control_reset
 .text.usbd_control_set_complete_callback
                0x10005dc8        0xc Tablero/CMakeFiles/Lavadora.dir/C_/Program_Files/Raspberry_Pi/Pico_SDK_v1.5.1/pico-sdk/lib/tinyusb/src/device/usbd_control.c.obj
                0x10005dc8                usbd_control_set_complete_callback
 .text.usbd_control_set_request
                0x10005dd4       0x1c Tablero/CMakeFiles/Lavadora.dir/C_/Program_Files/Raspberry_Pi/Pico_SDK_v1.5.1/pico-sdk/lib/tinyusb/src/device/usbd_control.c.obj
                0x10005dd4                usbd_control_set_request
 .text.usbd_control_xfer_cb
                0x10005df0       0xcc Tablero/CMakeFiles/Lavadora.dir/C_/Program_Files/Raspberry_Pi/Pico_SDK_v1.5.1/pico-sdk/lib/tinyusb/src/device/usbd_control.c.obj
                0x10005df0                usbd_control_xfer_cb
 .text._prep_out_transaction
                0x10005ebc       0x4a Tablero/CMakeFiles/Lavadora.dir/C_/Program_Files/Raspberry_Pi/Pico_SDK_v1.5.1/pico-sdk/lib/tinyusb/src/class/cdc/cdc_device.c.obj
 *fill*         0x10005f06        0x2 
 .text.tud_cdc_n_connected
                0x10005f08       0x44 Tablero/CMakeFiles/Lavadora.dir/C_/Program_Files/Raspberry_Pi/Pico_SDK_v1.5.1/pico-sdk/lib/tinyusb/src/class/cdc/cdc_device.c.obj
                0x10005f08                tud_cdc_n_connected
 .text.tud_cdc_n_available
                0x10005f4c       0x18 Tablero/CMakeFiles/Lavadora.dir/C_/Program_Files/Raspberry_Pi/Pico_SDK_v1.5.1/pico-sdk/lib/tinyusb/src/class/cdc/cdc_device.c.obj
                0x10005f4c                tud_cdc_n_available
 .text.tud_cdc_n_read
                0x10005f64       0x28 Tablero/CMakeFiles/Lavadora.dir/C_/Program_Files/Raspberry_Pi/Pico_SDK_v1.5.1/pico-sdk/lib/tinyusb/src/class/cdc/cdc_device.c.obj
                0x10005f64                tud_cdc_n_read
 .text.tud_cdc_n_write_flush
                0x10005f8c       0xb8 Tablero/CMakeFiles/Lavadora.dir/C_/Program_Files/Raspberry_Pi/Pico_SDK_v1.5.1/pico-sdk/lib/tinyusb/src/class/cdc/cdc_device.c.obj
                0x10005f8c                tud_cdc_n_write_flush
 .text.tud_cdc_n_write
                0x10006044       0x38 Tablero/CMakeFiles/Lavadora.dir/C_/Program_Files/Raspberry_Pi/Pico_SDK_v1.5.1/pico-sdk/lib/tinyusb/src/class/cdc/cdc_device.c.obj
                0x10006044                tud_cdc_n_write
 .text.tud_cdc_n_write_available
                0x1000607c       0x1c Tablero/CMakeFiles/Lavadora.dir/C_/Program_Files/Raspberry_Pi/Pico_SDK_v1.5.1/pico-sdk/lib/tinyusb/src/class/cdc/cdc_device.c.obj
                0x1000607c                tud_cdc_n_write_available
 .text.cdcd_init
                0x10006098       0xbc Tablero/CMakeFiles/Lavadora.dir/C_/Program_Files/Raspberry_Pi/Pico_SDK_v1.5.1/pico-sdk/lib/tinyusb/src/class/cdc/cdc_device.c.obj
                0x10006098                cdcd_init
 .text.cdcd_reset
                0x10006154       0x44 Tablero/CMakeFiles/Lavadora.dir/C_/Program_Files/Raspberry_Pi/Pico_SDK_v1.5.1/pico-sdk/lib/tinyusb/src/class/cdc/cdc_device.c.obj
                0x10006154                cdcd_reset
 .text.cdcd_open
                0x10006198       0xcc Tablero/CMakeFiles/Lavadora.dir/C_/Program_Files/Raspberry_Pi/Pico_SDK_v1.5.1/pico-sdk/lib/tinyusb/src/class/cdc/cdc_device.c.obj
                0x10006198                cdcd_open
 .text.cdcd_control_xfer_cb
                0x10006264      0x134 Tablero/CMakeFiles/Lavadora.dir/C_/Program_Files/Raspberry_Pi/Pico_SDK_v1.5.1/pico-sdk/lib/tinyusb/src/class/cdc/cdc_device.c.obj
                0x10006264                cdcd_control_xfer_cb
 .text.cdcd_xfer_cb
                0x10006398      0x130 Tablero/CMakeFiles/Lavadora.dir/C_/Program_Files/Raspberry_Pi/Pico_SDK_v1.5.1/pico-sdk/lib/tinyusb/src/class/cdc/cdc_device.c.obj
                0x10006398                cdcd_xfer_cb
 .text.tusb_init
                0x100064c8        0xa Tablero/CMakeFiles/Lavadora.dir/C_/Program_Files/Raspberry_Pi/Pico_SDK_v1.5.1/pico-sdk/lib/tinyusb/src/tusb.c.obj
                0x100064c8                tusb_init
 .text.tusb_inited
                0x100064d2        0xe Tablero/CMakeFiles/Lavadora.dir/C_/Program_Files/Raspberry_Pi/Pico_SDK_v1.5.1/pico-sdk/lib/tinyusb/src/tusb.c.obj
                0x100064d2                tusb_inited
 .text.tu_edpt_claim
                0x100064e0       0x50 Tablero/CMakeFiles/Lavadora.dir/C_/Program_Files/Raspberry_Pi/Pico_SDK_v1.5.1/pico-sdk/lib/tinyusb/src/tusb.c.obj
                0x100064e0                tu_edpt_claim
 .text.tu_edpt_release
                0x10006530       0x3c Tablero/CMakeFiles/Lavadora.dir/C_/Program_Files/Raspberry_Pi/Pico_SDK_v1.5.1/pico-sdk/lib/tinyusb/src/tusb.c.obj
                0x10006530                tu_edpt_release
 .text.tu_edpt_validate
                0x1000656c       0x78 Tablero/CMakeFiles/Lavadora.dir/C_/Program_Files/Raspberry_Pi/Pico_SDK_v1.5.1/pico-sdk/lib/tinyusb/src/tusb.c.obj
                0x1000656c                tu_edpt_validate
 .text.tu_edpt_bind_driver
                0x100065e4       0x26 Tablero/CMakeFiles/Lavadora.dir/C_/Program_Files/Raspberry_Pi/Pico_SDK_v1.5.1/pico-sdk/lib/tinyusb/src/tusb.c.obj
                0x100065e4                tu_edpt_bind_driver
 .text.advance_index
                0x1000660a       0x1a Tablero/CMakeFiles/Lavadora.dir/C_/Program_Files/Raspberry_Pi/Pico_SDK_v1.5.1/pico-sdk/lib/tinyusb/src/common/tusb_fifo.c.obj
 .text._tu_fifo_peek
                0x10006624       0x56 Tablero/CMakeFiles/Lavadora.dir/C_/Program_Files/Raspberry_Pi/Pico_SDK_v1.5.1/pico-sdk/lib/tinyusb/src/common/tusb_fifo.c.obj
 .text._ff_pull_const_addr
                0x1000667a       0x4c Tablero/CMakeFiles/Lavadora.dir/C_/Program_Files/Raspberry_Pi/Pico_SDK_v1.5.1/pico-sdk/lib/tinyusb/src/common/tusb_fifo.c.obj
 .text._ff_pull_n
                0x100066c6      0x110 Tablero/CMakeFiles/Lavadora.dir/C_/Program_Files/Raspberry_Pi/Pico_SDK_v1.5.1/pico-sdk/lib/tinyusb/src/common/tusb_fifo.c.obj
 .text._tu_fifo_peek_n
                0x100067d6       0x6a Tablero/CMakeFiles/Lavadora.dir/C_/Program_Files/Raspberry_Pi/Pico_SDK_v1.5.1/pico-sdk/lib/tinyusb/src/common/tusb_fifo.c.obj
 .text._tu_fifo_read_n
                0x10006840       0x4e Tablero/CMakeFiles/Lavadora.dir/C_/Program_Files/Raspberry_Pi/Pico_SDK_v1.5.1/pico-sdk/lib/tinyusb/src/common/tusb_fifo.c.obj
 .text._ff_push_const_addr
                0x1000688e       0x40 Tablero/CMakeFiles/Lavadora.dir/C_/Program_Files/Raspberry_Pi/Pico_SDK_v1.5.1/pico-sdk/lib/tinyusb/src/common/tusb_fifo.c.obj
 .text._ff_push_n
                0x100068ce      0x10c Tablero/CMakeFiles/Lavadora.dir/C_/Program_Files/Raspberry_Pi/Pico_SDK_v1.5.1/pico-sdk/lib/tinyusb/src/common/tusb_fifo.c.obj
 .text._tu_fifo_write_n
                0x100069da       0xf0 Tablero/CMakeFiles/Lavadora.dir/C_/Program_Files/Raspberry_Pi/Pico_SDK_v1.5.1/pico-sdk/lib/tinyusb/src/common/tusb_fifo.c.obj
 .text.tu_fifo_config
                0x10006aca       0x7c Tablero/CMakeFiles/Lavadora.dir/C_/Program_Files/Raspberry_Pi/Pico_SDK_v1.5.1/pico-sdk/lib/tinyusb/src/common/tusb_fifo.c.obj
                0x10006aca                tu_fifo_config
 .text.tu_fifo_count
                0x10006b46       0x2a Tablero/CMakeFiles/Lavadora.dir/C_/Program_Files/Raspberry_Pi/Pico_SDK_v1.5.1/pico-sdk/lib/tinyusb/src/common/tusb_fifo.c.obj
                0x10006b46                tu_fifo_count
 .text.tu_fifo_empty
                0x10006b70       0x10 Tablero/CMakeFiles/Lavadora.dir/C_/Program_Files/Raspberry_Pi/Pico_SDK_v1.5.1/pico-sdk/lib/tinyusb/src/common/tusb_fifo.c.obj
                0x10006b70                tu_fifo_empty
 .text.tu_fifo_full
                0x10006b80       0x28 Tablero/CMakeFiles/Lavadora.dir/C_/Program_Files/Raspberry_Pi/Pico_SDK_v1.5.1/pico-sdk/lib/tinyusb/src/common/tusb_fifo.c.obj
                0x10006b80                tu_fifo_full
 .text.tu_fifo_remaining
                0x10006ba8       0x2c Tablero/CMakeFiles/Lavadora.dir/C_/Program_Files/Raspberry_Pi/Pico_SDK_v1.5.1/pico-sdk/lib/tinyusb/src/common/tusb_fifo.c.obj
                0x10006ba8                tu_fifo_remaining
 .text.tu_fifo_read
                0x10006bd4       0x42 Tablero/CMakeFiles/Lavadora.dir/C_/Program_Files/Raspberry_Pi/Pico_SDK_v1.5.1/pico-sdk/lib/tinyusb/src/common/tusb_fifo.c.obj
                0x10006bd4                tu_fifo_read
 .text.tu_fifo_read_n
                0x10006c16        0xa Tablero/CMakeFiles/Lavadora.dir/C_/Program_Files/Raspberry_Pi/Pico_SDK_v1.5.1/pico-sdk/lib/tinyusb/src/common/tusb_fifo.c.obj
                0x10006c16                tu_fifo_read_n
 .text.tu_fifo_write
                0x10006c20       0x64 Tablero/CMakeFiles/Lavadora.dir/C_/Program_Files/Raspberry_Pi/Pico_SDK_v1.5.1/pico-sdk/lib/tinyusb/src/common/tusb_fifo.c.obj
                0x10006c20                tu_fifo_write
 .text.tu_fifo_write_n
                0x10006c84        0xa Tablero/CMakeFiles/Lavadora.dir/C_/Program_Files/Raspberry_Pi/Pico_SDK_v1.5.1/pico-sdk/lib/tinyusb/src/common/tusb_fifo.c.obj
                0x10006c84                tu_fifo_write_n
 .text.tu_fifo_clear
                0x10006c8e       0x3e Tablero/CMakeFiles/Lavadora.dir/C_/Program_Files/Raspberry_Pi/Pico_SDK_v1.5.1/pico-sdk/lib/tinyusb/src/common/tusb_fifo.c.obj
                0x10006c8e                tu_fifo_clear
 .text.tu_fifo_set_overwritable
                0x10006ccc       0x46 Tablero/CMakeFiles/Lavadora.dir/C_/Program_Files/Raspberry_Pi/Pico_SDK_v1.5.1/pico-sdk/lib/tinyusb/src/common/tusb_fifo.c.obj
                0x10006ccc                tu_fifo_set_overwritable
 *fill*         0x10006d12        0x2 
 .text.strlen   0x10006d14       0x5c c:/progra~1/raspbe~1/picosd~1.1/gcc-ar~1/bin/../lib/gcc/arm-none-eabi/10.3.1/../../../../arm-none-eabi/lib/thumb/v6-m/nofp\libg.a(lib_a-strlen-stub.o)
                0x10006d14                strlen
 *(.fini)
 .fini          0x10006d70        0x4 c:/progra~1/raspbe~1/picosd~1.1/gcc-ar~1/bin/../lib/gcc/arm-none-eabi/10.3.1/thumb/v6-m/nofp/crti.o
                0x10006d70                _fini
 *fill*         0x10006d74        0x4 
 .fini.__stub   0x10006d78       0xe0 linker stubs
 *crtbegin.o(.ctors)
 *crtbegin?.o(.ctors)
 *(EXCLUDE_FILE(*crtend.o *crtend?.o) .ctors)
 *(SORT_BY_NAME(.ctors.*))
 *(.ctors)
 *crtbegin.o(.dtors)
 *crtbegin?.o(.dtors)
 *(EXCLUDE_FILE(*crtend.o *crtend?.o) .dtors)
 *(SORT_BY_NAME(.dtors.*))
 *(.dtors)
 *(.eh_frame*)
 .eh_frame      0x10006e58        0x0 c:/progra~1/raspbe~1/picosd~1.1/gcc-ar~1/bin/../lib/gcc/arm-none-eabi/10.3.1/thumb/v6-m/nofp/crtbegin.o
                0x10006e58                . = ALIGN (0x4)

.glue_7         0x10006e58        0x0
 .glue_7        0x10006e58        0x0 linker stubs

.glue_7t        0x10006e58        0x0
 .glue_7t       0x10006e58        0x0 linker stubs

.vfp11_veneer   0x10006e58        0x0
 .vfp11_veneer  0x10006e58        0x0 linker stubs

.v4_bx          0x10006e58        0x0
 .v4_bx         0x10006e58        0x0 linker stubs

.iplt           0x10006e58        0x0
 .iplt          0x10006e58        0x0 c:/progra~1/raspbe~1/picosd~1.1/gcc-ar~1/bin/../lib/gcc/arm-none-eabi/10.3.1/thumb/v6-m/nofp/crtbegin.o

.rodata         0x10006e58     0x17e0
 *(EXCLUDE_FILE(*libm.a: *libc.a:*lib_a-mem*.o *libgcc.a:) .rodata*)
 .rodata.main.str1.4
                0x10006e58        0x4 Tablero/CMakeFiles/Lavadora.dir/main.c.obj
 .rodata        0x10006e5c       0x44 Tablero/CMakeFiles/Lavadora.dir/main.c.obj
 .rodata        0x10006ea0       0x28 Tablero/CMakeFiles/Lavadora.dir/temporizador.c.obj
 .rodata        0x10006ec8       0x10 Tablero/CMakeFiles/Lavadora.dir/Teclado.c.obj
 .rodata.spin_lock_claim_unused.str1.4
                0x10006ed8       0x1b Tablero/CMakeFiles/Lavadora.dir/C_/Program_Files/Raspberry_Pi/Pico_SDK_v1.5.1/pico-sdk/src/rp2_common/hardware_sync/sync.c.obj
 *fill*         0x10006ef3        0x1 
 .rodata.make_branch.str1.4
                0x10006ef4       0x89 Tablero/CMakeFiles/Lavadora.dir/C_/Program_Files/Raspberry_Pi/Pico_SDK_v1.5.1/pico-sdk/src/rp2_common/hardware_irq/irq.c.obj
 *fill*         0x10006f7d        0x3 
 .rodata.insert_branch_and_link.str1.4
                0x10006f80       0x10 Tablero/CMakeFiles/Lavadora.dir/C_/Program_Files/Raspberry_Pi/Pico_SDK_v1.5.1/pico-sdk/src/rp2_common/hardware_irq/irq.c.obj
 .rodata.irq_set_exclusive_handler.str1.4
                0x10006f90       0x36 Tablero/CMakeFiles/Lavadora.dir/C_/Program_Files/Raspberry_Pi/Pico_SDK_v1.5.1/pico-sdk/src/rp2_common/hardware_irq/irq.c.obj
 *fill*         0x10006fc6        0x2 
 .rodata.irq_add_shared_handler.str1.4
                0x10006fc8       0xd9 Tablero/CMakeFiles/Lavadora.dir/C_/Program_Files/Raspberry_Pi/Pico_SDK_v1.5.1/pico-sdk/src/rp2_common/hardware_irq/irq.c.obj
 *fill*         0x100070a1        0x3 
 .rodata.irq_remove_handler.str1.4
                0x100070a4       0x3a Tablero/CMakeFiles/Lavadora.dir/C_/Program_Files/Raspberry_Pi/Pico_SDK_v1.5.1/pico-sdk/src/rp2_common/hardware_irq/irq.c.obj
 *fill*         0x100070de        0x2 
 .rodata.irq_add_tail_to_free_list.str1.4
                0x100070e0       0x3a Tablero/CMakeFiles/Lavadora.dir/C_/Program_Files/Raspberry_Pi/Pico_SDK_v1.5.1/pico-sdk/src/rp2_common/hardware_irq/irq.c.obj
 *fill*         0x1000711a        0x2 
 .rodata.user_irq_claim_unused.str1.4
                0x1000711c       0x1b Tablero/CMakeFiles/Lavadora.dir/C_/Program_Files/Raspberry_Pi/Pico_SDK_v1.5.1/pico-sdk/src/rp2_common/hardware_irq/irq.c.obj
 *fill*         0x10007137        0x1 
 .rodata.__func__.0
                0x10007138       0x1a Tablero/CMakeFiles/Lavadora.dir/C_/Program_Files/Raspberry_Pi/Pico_SDK_v1.5.1/pico-sdk/src/rp2_common/hardware_irq/irq.c.obj
 *fill*         0x10007152        0x2 
 .rodata.__func__.1
                0x10007154       0x17 Tablero/CMakeFiles/Lavadora.dir/C_/Program_Files/Raspberry_Pi/Pico_SDK_v1.5.1/pico-sdk/src/rp2_common/hardware_irq/irq.c.obj
 *fill*         0x1000716b        0x1 
 .rodata.__func__.2
                0x1000716c       0x13 Tablero/CMakeFiles/Lavadora.dir/C_/Program_Files/Raspberry_Pi/Pico_SDK_v1.5.1/pico-sdk/src/rp2_common/hardware_irq/irq.c.obj
 *fill*         0x1000717f        0x1 
 .rodata.__func__.3
                0x10007180        0xc Tablero/CMakeFiles/Lavadora.dir/C_/Program_Files/Raspberry_Pi/Pico_SDK_v1.5.1/pico-sdk/src/rp2_common/hardware_irq/irq.c.obj
 .rodata.__func__.4
                0x1000718c        0xf Tablero/CMakeFiles/Lavadora.dir/C_/Program_Files/Raspberry_Pi/Pico_SDK_v1.5.1/pico-sdk/src/rp2_common/hardware_irq/irq.c.obj
 *fill*         0x1000719b        0x1 
 .rodata.__func__.5
                0x1000719c       0x17 Tablero/CMakeFiles/Lavadora.dir/C_/Program_Files/Raspberry_Pi/Pico_SDK_v1.5.1/pico-sdk/src/rp2_common/hardware_irq/irq.c.obj
 *fill*         0x100071b3        0x1 
 .rodata.__func__.6
                0x100071b4       0x1a Tablero/CMakeFiles/Lavadora.dir/C_/Program_Files/Raspberry_Pi/Pico_SDK_v1.5.1/pico-sdk/src/rp2_common/hardware_irq/irq.c.obj
 *fill*         0x100071ce        0x2 
 .rodata.str1.4
                0x100071d0      0x125 Tablero/CMakeFiles/Lavadora.dir/C_/Program_Files/Raspberry_Pi/Pico_SDK_v1.5.1/pico-sdk/src/common/pico_sync/mutex.c.obj
 *fill*         0x100072f5        0x3 
 .rodata.__func__.1
                0x100072f8        0xb Tablero/CMakeFiles/Lavadora.dir/C_/Program_Files/Raspberry_Pi/Pico_SDK_v1.5.1/pico-sdk/src/common/pico_sync/mutex.c.obj
 *fill*         0x10007303        0x1 
 .rodata.__func__.3
                0x10007304       0x18 Tablero/CMakeFiles/Lavadora.dir/C_/Program_Files/Raspberry_Pi/Pico_SDK_v1.5.1/pico-sdk/src/common/pico_sync/mutex.c.obj
 .rodata.__func__.4
                0x1000731c       0x15 Tablero/CMakeFiles/Lavadora.dir/C_/Program_Files/Raspberry_Pi/Pico_SDK_v1.5.1/pico-sdk/src/common/pico_sync/mutex.c.obj
 *fill*         0x10007331        0x3 
 .rodata.repeating_timer_callback.str1.4
                0x10007334       0x67 Tablero/CMakeFiles/Lavadora.dir/C_/Program_Files/Raspberry_Pi/Pico_SDK_v1.5.1/pico-sdk/src/common/pico_time/time.c.obj
 *fill*         0x1000739b        0x1 
 .rodata.timer_pool_entry_comparator.str1.4
                0x1000739c       0x22 Tablero/CMakeFiles/Lavadora.dir/C_/Program_Files/Raspberry_Pi/Pico_SDK_v1.5.1/pico-sdk/src/common/pico_time/time.c.obj
 *fill*         0x100073be        0x2 
 .rodata.ph_add_child_node.str1.4
                0x100073c0       0xb2 Tablero/CMakeFiles/Lavadora.dir/C_/Program_Files/Raspberry_Pi/Pico_SDK_v1.5.1/pico-sdk/src/common/pico_time/time.c.obj
 *fill*         0x10007472        0x2 
 .rodata.add_alarm_under_lock.str1.4
                0x10007474       0x28 Tablero/CMakeFiles/Lavadora.dir/C_/Program_Files/Raspberry_Pi/Pico_SDK_v1.5.1/pico-sdk/src/common/pico_time/time.c.obj
                                 0x2b (size before relaxing)
 .rodata.alarm_pool_alarm_callback.str1.4
                0x1000749c       0x98 Tablero/CMakeFiles/Lavadora.dir/C_/Program_Files/Raspberry_Pi/Pico_SDK_v1.5.1/pico-sdk/src/common/pico_time/time.c.obj
                                0x118 (size before relaxing)
 .rodata.alarm_pool_get_default.str1.4
                0x10007534       0x21 Tablero/CMakeFiles/Lavadora.dir/C_/Program_Files/Raspberry_Pi/Pico_SDK_v1.5.1/pico-sdk/src/common/pico_time/time.c.obj
 *fill*         0x10007555        0x3 
 .rodata.alarm_pool_cancel_alarm.str1.4
                0x10007558       0x27 Tablero/CMakeFiles/Lavadora.dir/C_/Program_Files/Raspberry_Pi/Pico_SDK_v1.5.1/pico-sdk/src/common/pico_time/time.c.obj
 *fill*         0x1000757f        0x1 
 .rodata.sleep_until.str1.4
                0x10007580       0x4d Tablero/CMakeFiles/Lavadora.dir/C_/Program_Files/Raspberry_Pi/Pico_SDK_v1.5.1/pico-sdk/src/common/pico_time/time.c.obj
 *fill*         0x100075cd        0x3 
 .rodata.__func__.1
                0x100075d0       0x18 Tablero/CMakeFiles/Lavadora.dir/C_/Program_Files/Raspberry_Pi/Pico_SDK_v1.5.1/pico-sdk/src/common/pico_time/time.c.obj
 .rodata.__func__.10
                0x100075e8       0x15 Tablero/CMakeFiles/Lavadora.dir/C_/Program_Files/Raspberry_Pi/Pico_SDK_v1.5.1/pico-sdk/src/common/pico_time/time.c.obj
 *fill*         0x100075fd        0x3 
 .rodata.__func__.11
                0x10007600       0x1a Tablero/CMakeFiles/Lavadora.dir/C_/Program_Files/Raspberry_Pi/Pico_SDK_v1.5.1/pico-sdk/src/common/pico_time/time.c.obj
 *fill*         0x1000761a        0x2 
 .rodata.__func__.12
                0x1000761c        0xa Tablero/CMakeFiles/Lavadora.dir/C_/Program_Files/Raspberry_Pi/Pico_SDK_v1.5.1/pico-sdk/src/common/pico_time/time.c.obj
 *fill*         0x10007626        0x2 
 .rodata.__func__.3
                0x10007628       0x17 Tablero/CMakeFiles/Lavadora.dir/C_/Program_Files/Raspberry_Pi/Pico_SDK_v1.5.1/pico-sdk/src/common/pico_time/time.c.obj
 *fill*         0x1000763f        0x1 
 .rodata.__func__.4
                0x10007640       0x12 Tablero/CMakeFiles/Lavadora.dir/C_/Program_Files/Raspberry_Pi/Pico_SDK_v1.5.1/pico-sdk/src/common/pico_time/time.c.obj
 *fill*         0x10007652        0x2 
 .rodata.__func__.5
                0x10007654        0xd Tablero/CMakeFiles/Lavadora.dir/C_/Program_Files/Raspberry_Pi/Pico_SDK_v1.5.1/pico-sdk/src/common/pico_time/time.c.obj
 *fill*         0x10007661        0x3 
 .rodata.__func__.6
                0x10007664       0x12 Tablero/CMakeFiles/Lavadora.dir/C_/Program_Files/Raspberry_Pi/Pico_SDK_v1.5.1/pico-sdk/src/common/pico_time/time.c.obj
 *fill*         0x10007676        0x2 
 .rodata.__func__.7
                0x10007678        0xf Tablero/CMakeFiles/Lavadora.dir/C_/Program_Files/Raspberry_Pi/Pico_SDK_v1.5.1/pico-sdk/src/common/pico_time/time.c.obj
 *fill*         0x10007687        0x1 
 .rodata.__func__.8
                0x10007688        0xc Tablero/CMakeFiles/Lavadora.dir/C_/Program_Files/Raspberry_Pi/Pico_SDK_v1.5.1/pico-sdk/src/common/pico_time/time.c.obj
 .rodata.__func__.9
                0x10007694       0x15 Tablero/CMakeFiles/Lavadora.dir/C_/Program_Files/Raspberry_Pi/Pico_SDK_v1.5.1/pico-sdk/src/common/pico_time/time.c.obj
 *fill*         0x100076a9        0x3 
 .rodata.hardware_alarm_claim.str1.4
                0x100076ac       0x22 Tablero/CMakeFiles/Lavadora.dir/C_/Program_Files/Raspberry_Pi/Pico_SDK_v1.5.1/pico-sdk/src/rp2_common/hardware_timer/timer.c.obj
 .rodata.busy_wait_us.str1.4
                0x100076ce       0x7d Tablero/CMakeFiles/Lavadora.dir/C_/Program_Files/Raspberry_Pi/Pico_SDK_v1.5.1/pico-sdk/src/rp2_common/hardware_timer/timer.c.obj
 *fill*         0x100076ce        0x2 
 .rodata.hardware_alarm_set_target.str1.4
                0x100076d0       0x81 Tablero/CMakeFiles/Lavadora.dir/C_/Program_Files/Raspberry_Pi/Pico_SDK_v1.5.1/pico-sdk/src/rp2_common/hardware_timer/timer.c.obj
 *fill*         0x10007751        0x3 
 .rodata.__func__.0
                0x10007754       0x1a Tablero/CMakeFiles/Lavadora.dir/C_/Program_Files/Raspberry_Pi/Pico_SDK_v1.5.1/pico-sdk/src/rp2_common/hardware_timer/timer.c.obj
 *fill*         0x1000776e        0x2 
 .rodata.__func__.1
                0x10007770       0x15 Tablero/CMakeFiles/Lavadora.dir/C_/Program_Files/Raspberry_Pi/Pico_SDK_v1.5.1/pico-sdk/src/rp2_common/hardware_timer/timer.c.obj
 .rodata.ph_add_child_node.str1.4
                0x10007785       0xb2 Tablero/CMakeFiles/Lavadora.dir/C_/Program_Files/Raspberry_Pi/Pico_SDK_v1.5.1/pico-sdk/src/common/pico_util/pheap.c.obj
 *fill*         0x10007785        0x3 
 .rodata.ph_remove_any_head.str1.4
                0x10007788       0xa8 Tablero/CMakeFiles/Lavadora.dir/C_/Program_Files/Raspberry_Pi/Pico_SDK_v1.5.1/pico-sdk/src/common/pico_util/pheap.c.obj
                                 0xbc (size before relaxing)
 .rodata.ph_remove_and_free_node.str1.4
                0x10007830       0x1e Tablero/CMakeFiles/Lavadora.dir/C_/Program_Files/Raspberry_Pi/Pico_SDK_v1.5.1/pico-sdk/src/common/pico_util/pheap.c.obj
                                 0x26 (size before relaxing)
 *fill*         0x1000784e        0x2 
 .rodata.__func__.0
                0x10007850       0x18 Tablero/CMakeFiles/Lavadora.dir/C_/Program_Files/Raspberry_Pi/Pico_SDK_v1.5.1/pico-sdk/src/common/pico_util/pheap.c.obj
 .rodata.__func__.1
                0x10007868       0x13 Tablero/CMakeFiles/Lavadora.dir/C_/Program_Files/Raspberry_Pi/Pico_SDK_v1.5.1/pico-sdk/src/common/pico_util/pheap.c.obj
 *fill*         0x1000787b        0x1 
 .rodata.__func__.2
                0x1000787c       0x12 Tablero/CMakeFiles/Lavadora.dir/C_/Program_Files/Raspberry_Pi/Pico_SDK_v1.5.1/pico-sdk/src/common/pico_util/pheap.c.obj
 *fill*         0x1000788e        0x2 
 .rodata.__func__.3
                0x10007890        0xc Tablero/CMakeFiles/Lavadora.dir/C_/Program_Files/Raspberry_Pi/Pico_SDK_v1.5.1/pico-sdk/src/common/pico_util/pheap.c.obj
 .rodata.clock_configure.str1.4
                0x1000789c       0x73 Tablero/CMakeFiles/Lavadora.dir/C_/Program_Files/Raspberry_Pi/Pico_SDK_v1.5.1/pico-sdk/src/rp2_common/hardware_clocks/clocks.c.obj
 *fill*         0x1000790f        0x1 
 .rodata.__func__.1
                0x10007910       0x10 Tablero/CMakeFiles/Lavadora.dir/C_/Program_Files/Raspberry_Pi/Pico_SDK_v1.5.1/pico-sdk/src/rp2_common/hardware_clocks/clocks.c.obj
 .rodata.pll_init.str1.4
                0x10007920      0x140 Tablero/CMakeFiles/Lavadora.dir/C_/Program_Files/Raspberry_Pi/Pico_SDK_v1.5.1/pico-sdk/src/rp2_common/hardware_pll/pll.c.obj
 .rodata.__func__.0
                0x10007a60        0x9 Tablero/CMakeFiles/Lavadora.dir/C_/Program_Files/Raspberry_Pi/Pico_SDK_v1.5.1/pico-sdk/src/rp2_common/hardware_pll/pll.c.obj
 *fill*         0x10007a69        0x3 
 .rodata.__assert_func.str1.4
                0x10007a6c       0x3f Tablero/CMakeFiles/Lavadora.dir/C_/Program_Files/Raspberry_Pi/Pico_SDK_v1.5.1/pico-sdk/src/rp2_common/pico_runtime/runtime.c.obj
                                 0x43 (size before relaxing)
 *fill*         0x10007aab        0x1 
 .rodata.runtime_init.str1.4
                0x10007aac       0x7d Tablero/CMakeFiles/Lavadora.dir/C_/Program_Files/Raspberry_Pi/Pico_SDK_v1.5.1/pico-sdk/src/rp2_common/pico_runtime/runtime.c.obj
 *fill*         0x10007b29        0x3 
 .rodata.panic.str1.4
                0x10007b2c       0x12 Tablero/CMakeFiles/Lavadora.dir/C_/Program_Files/Raspberry_Pi/Pico_SDK_v1.5.1/pico-sdk/src/rp2_common/pico_runtime/runtime.c.obj
 *fill*         0x10007b3e        0x2 
 .rodata.__func__.2
                0x10007b40        0xd Tablero/CMakeFiles/Lavadora.dir/C_/Program_Files/Raspberry_Pi/Pico_SDK_v1.5.1/pico-sdk/src/rp2_common/pico_runtime/runtime.c.obj
 *fill*         0x10007b4d        0x3 
 .rodata._ftoa.str1.4
                0x10007b50       0x15 Tablero/CMakeFiles/Lavadora.dir/C_/Program_Files/Raspberry_Pi/Pico_SDK_v1.5.1/pico-sdk/src/rp2_common/pico_printf/printf.c.obj
 *fill*         0x10007b65        0x3 
 .rodata._vsnprintf
                0x10007b68      0x1e0 Tablero/CMakeFiles/Lavadora.dir/C_/Program_Files/Raspberry_Pi/Pico_SDK_v1.5.1/pico-sdk/src/rp2_common/pico_printf/printf.c.obj
 .rodata.pow10.0
                0x10007d48       0x50 Tablero/CMakeFiles/Lavadora.dir/C_/Program_Files/Raspberry_Pi/Pico_SDK_v1.5.1/pico-sdk/src/rp2_common/pico_printf/printf.c.obj
 .rodata.missing_double_func_shim.str1.4
                0x10007d98       0x18 Tablero/CMakeFiles/Lavadora.dir/C_/Program_Files/Raspberry_Pi/Pico_SDK_v1.5.1/pico-sdk/src/rp2_common/pico_double/double_init_rom.c.obj
 .rodata.__aeabi_double_init.str1.4
                0x10007db0       0xb8 Tablero/CMakeFiles/Lavadora.dir/C_/Program_Files/Raspberry_Pi/Pico_SDK_v1.5.1/pico-sdk/src/rp2_common/pico_double/double_init_rom.c.obj
 .rodata.__func__.0
                0x10007e68       0x14 Tablero/CMakeFiles/Lavadora.dir/C_/Program_Files/Raspberry_Pi/Pico_SDK_v1.5.1/pico-sdk/src/rp2_common/pico_double/double_init_rom.c.obj
 .rodata.missing_float_func_shim.str1.4
                0x10007e7c        0x1 Tablero/CMakeFiles/Lavadora.dir/C_/Program_Files/Raspberry_Pi/Pico_SDK_v1.5.1/pico-sdk/src/rp2_common/pico_float/float_init_rom.c.obj
 .rodata.__aeabi_float_init.str1.4
                0x10007e7c       0x96 Tablero/CMakeFiles/Lavadora.dir/C_/Program_Files/Raspberry_Pi/Pico_SDK_v1.5.1/pico-sdk/src/rp2_common/pico_float/float_init_rom.c.obj
 *fill*         0x10007f12        0x2 
 .rodata.__func__.0
                0x10007f14       0x13 Tablero/CMakeFiles/Lavadora.dir/C_/Program_Files/Raspberry_Pi/Pico_SDK_v1.5.1/pico-sdk/src/rp2_common/pico_float/float_init_rom.c.obj
 *fill*         0x10007f27        0x1 
 .rodata.str1.4
                0x10007f28       0x40 Tablero/CMakeFiles/Lavadora.dir/C_/Program_Files/Raspberry_Pi/Pico_SDK_v1.5.1/pico-sdk/src/rp2_common/pico_standard_link/binary_info.c.obj
 .rodata.__bi_44
                0x10007f68        0xc Tablero/CMakeFiles/Lavadora.dir/C_/Program_Files/Raspberry_Pi/Pico_SDK_v1.5.1/pico-sdk/src/rp2_common/pico_standard_link/binary_info.c.obj
 .rodata.__bi_75
                0x10007f74        0xc Tablero/CMakeFiles/Lavadora.dir/C_/Program_Files/Raspberry_Pi/Pico_SDK_v1.5.1/pico-sdk/src/rp2_common/pico_standard_link/binary_info.c.obj
 .rodata.__bi_81
                0x10007f80        0xc Tablero/CMakeFiles/Lavadora.dir/C_/Program_Files/Raspberry_Pi/Pico_SDK_v1.5.1/pico-sdk/src/rp2_common/pico_standard_link/binary_info.c.obj
 .rodata.stdout_serialize_begin.str1.4
                0x10007f8c       0x7d Tablero/CMakeFiles/Lavadora.dir/C_/Program_Files/Raspberry_Pi/Pico_SDK_v1.5.1/pico-sdk/src/rp2_common/pico_stdio/stdio.c.obj
 .rodata.__func__.3
                0x10007f8c       0x15 Tablero/CMakeFiles/Lavadora.dir/C_/Program_Files/Raspberry_Pi/Pico_SDK_v1.5.1/pico-sdk/src/rp2_common/pico_stdio/stdio.c.obj
 *fill*         0x10007fa1        0x3 
 .rodata.crlf_str.2
                0x10007fa4        0x2 Tablero/CMakeFiles/Lavadora.dir/C_/Program_Files/Raspberry_Pi/Pico_SDK_v1.5.1/pico-sdk/src/rp2_common/pico_stdio/stdio.c.obj
 *fill*         0x10007fa6        0x2 
 .rodata._resetd_driver
                0x10007fa8       0x18 Tablero/CMakeFiles/Lavadora.dir/C_/Program_Files/Raspberry_Pi/Pico_SDK_v1.5.1/pico-sdk/src/rp2_common/pico_stdio_usb/reset_interface.c.obj
 .rodata.low_priority_worker_irq.str1.4
                0x10007fc0       0x7d Tablero/CMakeFiles/Lavadora.dir/C_/Program_Files/Raspberry_Pi/Pico_SDK_v1.5.1/pico-sdk/src/rp2_common/pico_stdio_usb/stdio_usb.c.obj
 .rodata.stdio_usb_init.str1.4
                0x10007fc0       0x61 Tablero/CMakeFiles/Lavadora.dir/C_/Program_Files/Raspberry_Pi/Pico_SDK_v1.5.1/pico-sdk/src/rp2_common/pico_stdio_usb/stdio_usb.c.obj
                                 0x69 (size before relaxing)
 *fill*         0x10008021        0x3 
 .rodata.str1.4
                0x10008024       0x13 Tablero/CMakeFiles/Lavadora.dir/C_/Program_Files/Raspberry_Pi/Pico_SDK_v1.5.1/pico-sdk/src/rp2_common/pico_stdio_usb/stdio_usb.c.obj
 *fill*         0x10008037        0x1 
 .rodata.__bi_182.0
                0x10008038        0xc Tablero/CMakeFiles/Lavadora.dir/C_/Program_Files/Raspberry_Pi/Pico_SDK_v1.5.1/pico-sdk/src/rp2_common/pico_stdio_usb/stdio_usb.c.obj
 .rodata.__func__.1
                0x10008044        0xf Tablero/CMakeFiles/Lavadora.dir/C_/Program_Files/Raspberry_Pi/Pico_SDK_v1.5.1/pico-sdk/src/rp2_common/pico_stdio_usb/stdio_usb.c.obj
 *fill*         0x10008053        0x1 
 .rodata.__func__.3
                0x10008054       0x15 Tablero/CMakeFiles/Lavadora.dir/C_/Program_Files/Raspberry_Pi/Pico_SDK_v1.5.1/pico-sdk/src/rp2_common/pico_stdio_usb/stdio_usb.c.obj
 *fill*         0x10008069        0x3 
 .rodata.str1.4
                0x1000806c       0x2a Tablero/CMakeFiles/Lavadora.dir/C_/Program_Files/Raspberry_Pi/Pico_SDK_v1.5.1/pico-sdk/src/rp2_common/pico_stdio_usb/stdio_usb_descriptors.c.obj
 *fill*         0x10008096        0x2 
 .rodata.usbd_desc_cfg
                0x10008098       0x54 Tablero/CMakeFiles/Lavadora.dir/C_/Program_Files/Raspberry_Pi/Pico_SDK_v1.5.1/pico-sdk/src/rp2_common/pico_stdio_usb/stdio_usb_descriptors.c.obj
 .rodata.usbd_desc_device
                0x100080ec       0x12 Tablero/CMakeFiles/Lavadora.dir/C_/Program_Files/Raspberry_Pi/Pico_SDK_v1.5.1/pico-sdk/src/rp2_common/pico_stdio_usb/stdio_usb_descriptors.c.obj
 *fill*         0x100080fe        0x2 
 .rodata.usbd_desc_str
                0x10008100       0x18 Tablero/CMakeFiles/Lavadora.dir/C_/Program_Files/Raspberry_Pi/Pico_SDK_v1.5.1/pico-sdk/src/rp2_common/pico_stdio_usb/stdio_usb_descriptors.c.obj
 .rodata.pico_get_unique_board_id_string.str1.4
                0x10008118       0x69 Tablero/CMakeFiles/Lavadora.dir/C_/Program_Files/Raspberry_Pi/Pico_SDK_v1.5.1/pico-sdk/src/rp2_common/pico_unique_id/unique_id.c.obj
 *fill*         0x10008181        0x3 
 .rodata.__func__.0
                0x10008184       0x20 Tablero/CMakeFiles/Lavadora.dir/C_/Program_Files/Raspberry_Pi/Pico_SDK_v1.5.1/pico-sdk/src/rp2_common/pico_unique_id/unique_id.c.obj
 .rodata.str1.4
                0x100081a4      0x176 Tablero/CMakeFiles/Lavadora.dir/C_/Program_Files/Raspberry_Pi/Pico_SDK_v1.5.1/pico-sdk/src/rp2_common/hardware_flash/flash.c.obj
 *fill*         0x1000831a        0x2 
 .rodata.__func__.0
                0x1000831c        0xd Tablero/CMakeFiles/Lavadora.dir/C_/Program_Files/Raspberry_Pi/Pico_SDK_v1.5.1/pico-sdk/src/rp2_common/hardware_flash/flash.c.obj
 *fill*         0x10008329        0x3 
 .rodata._hw_endpoint_alloc.str1.4
                0x1000832c       0xd1 Tablero/CMakeFiles/Lavadora.dir/C_/Program_Files/Raspberry_Pi/Pico_SDK_v1.5.1/pico-sdk/lib/tinyusb/src/portable/raspberrypi/rp2040/dcd_rp2040.c.obj
 *fill*         0x100083fd        0x3 
 .rodata.str1.4
                0x10008400       0x14 Tablero/CMakeFiles/Lavadora.dir/C_/Program_Files/Raspberry_Pi/Pico_SDK_v1.5.1/pico-sdk/lib/tinyusb/src/portable/raspberrypi/rp2040/dcd_rp2040.c.obj
 .rodata.dcd_int_enable.str1.4
                0x10008414        0xc Tablero/CMakeFiles/Lavadora.dir/C_/Program_Files/Raspberry_Pi/Pico_SDK_v1.5.1/pico-sdk/lib/tinyusb/src/portable/raspberrypi/rp2040/dcd_rp2040.c.obj
 .rodata.__func__.0
                0x10008420        0xe Tablero/CMakeFiles/Lavadora.dir/C_/Program_Files/Raspberry_Pi/Pico_SDK_v1.5.1/pico-sdk/lib/tinyusb/src/portable/raspberrypi/rp2040/dcd_rp2040.c.obj
 *fill*         0x1000842e        0x2 
 .rodata.__func__.1
                0x10008430        0xe Tablero/CMakeFiles/Lavadora.dir/C_/Program_Files/Raspberry_Pi/Pico_SDK_v1.5.1/pico-sdk/lib/tinyusb/src/portable/raspberrypi/rp2040/dcd_rp2040.c.obj
 *fill*         0x1000843e        0x2 
 .rodata.__func__.3
                0x10008440       0x10 Tablero/CMakeFiles/Lavadora.dir/C_/Program_Files/Raspberry_Pi/Pico_SDK_v1.5.1/pico-sdk/lib/tinyusb/src/portable/raspberrypi/rp2040/dcd_rp2040.c.obj
 .rodata.__func__.5
                0x10008450        0xf Tablero/CMakeFiles/Lavadora.dir/C_/Program_Files/Raspberry_Pi/Pico_SDK_v1.5.1/pico-sdk/lib/tinyusb/src/portable/raspberrypi/rp2040/dcd_rp2040.c.obj
 *fill*         0x1000845f        0x1 
 .rodata.__func__.6
                0x10008460       0x13 Tablero/CMakeFiles/Lavadora.dir/C_/Program_Files/Raspberry_Pi/Pico_SDK_v1.5.1/pico-sdk/lib/tinyusb/src/portable/raspberrypi/rp2040/dcd_rp2040.c.obj
 *fill*         0x10008473        0x1 
 .rodata.__func__.7
                0x10008474        0x9 Tablero/CMakeFiles/Lavadora.dir/C_/Program_Files/Raspberry_Pi/Pico_SDK_v1.5.1/pico-sdk/lib/tinyusb/src/portable/raspberrypi/rp2040/dcd_rp2040.c.obj
 *fill*         0x1000847d        0x3 
 .rodata.str1.4
                0x10008480      0x103 Tablero/CMakeFiles/Lavadora.dir/C_/Program_Files/Raspberry_Pi/Pico_SDK_v1.5.1/pico-sdk/lib/tinyusb/src/portable/raspberrypi/rp2040/rp2040_usb.c.obj
 *fill*         0x10008583        0x1 
 .rodata.__func__.0
                0x10008584        0xf Tablero/CMakeFiles/Lavadora.dir/C_/Program_Files/Raspberry_Pi/Pico_SDK_v1.5.1/pico-sdk/lib/tinyusb/src/portable/raspberrypi/rp2040/rp2040_usb.c.obj
 *fill*         0x10008593        0x1 
 .rodata.process_get_descriptor
                0x10008594       0x40 Tablero/CMakeFiles/Lavadora.dir/C_/Program_Files/Raspberry_Pi/Pico_SDK_v1.5.1/pico-sdk/lib/tinyusb/src/device/usbd.c.obj
 .rodata.process_control_request
                0x100085d4       0x28 Tablero/CMakeFiles/Lavadora.dir/C_/Program_Files/Raspberry_Pi/Pico_SDK_v1.5.1/pico-sdk/lib/tinyusb/src/device/usbd.c.obj
 .rodata.tud_task_ext
                0x100085fc       0x24 Tablero/CMakeFiles/Lavadora.dir/C_/Program_Files/Raspberry_Pi/Pico_SDK_v1.5.1/pico-sdk/lib/tinyusb/src/device/usbd.c.obj
 .rodata._usbd_driver
                0x10008620       0x18 Tablero/CMakeFiles/Lavadora.dir/C_/Program_Files/Raspberry_Pi/Pico_SDK_v1.5.1/pico-sdk/lib/tinyusb/src/device/usbd.c.obj
                0x10008638                . = ALIGN (0x4)
 *(SORT_BY_ALIGNMENT(SORT_BY_NAME(.flashdata*)))
                0x10008638                . = ALIGN (0x4)

.ARM.extab
 *(.ARM.extab* .gnu.linkonce.armextab.*)
                0x10008638                __exidx_start = .

.ARM.exidx
 *(.ARM.exidx* .gnu.linkonce.armexidx.*)
                0x10008638                __exidx_end = .
                0x10008638                . = ALIGN (0x4)
                0x10008638                __binary_info_start = .

.binary_info    0x10008638       0x20
 *(.binary_info.keep.*)
 .binary_info.keep.__bi_ptr22
                0x10008638        0x4 Tablero/CMakeFiles/Lavadora.dir/C_/Program_Files/Raspberry_Pi/Pico_SDK_v1.5.1/pico-sdk/src/rp2_common/pico_standard_link/binary_info.c.obj
 .binary_info.keep.__bi_ptr30
                0x1000863c        0x4 Tablero/CMakeFiles/Lavadora.dir/C_/Program_Files/Raspberry_Pi/Pico_SDK_v1.5.1/pico-sdk/src/rp2_common/pico_standard_link/binary_info.c.obj
 .binary_info.keep.__bi_ptr38
                0x10008640        0x4 Tablero/CMakeFiles/Lavadora.dir/C_/Program_Files/Raspberry_Pi/Pico_SDK_v1.5.1/pico-sdk/src/rp2_common/pico_standard_link/binary_info.c.obj
 .binary_info.keep.__bi_ptr44
                0x10008644        0x4 Tablero/CMakeFiles/Lavadora.dir/C_/Program_Files/Raspberry_Pi/Pico_SDK_v1.5.1/pico-sdk/src/rp2_common/pico_standard_link/binary_info.c.obj
 .binary_info.keep.__bi_ptr50
                0x10008648        0x4 Tablero/CMakeFiles/Lavadora.dir/C_/Program_Files/Raspberry_Pi/Pico_SDK_v1.5.1/pico-sdk/src/rp2_common/pico_standard_link/binary_info.c.obj
 .binary_info.keep.__bi_ptr75
                0x1000864c        0x4 Tablero/CMakeFiles/Lavadora.dir/C_/Program_Files/Raspberry_Pi/Pico_SDK_v1.5.1/pico-sdk/src/rp2_common/pico_standard_link/binary_info.c.obj
 .binary_info.keep.__bi_ptr81
                0x10008650        0x4 Tablero/CMakeFiles/Lavadora.dir/C_/Program_Files/Raspberry_Pi/Pico_SDK_v1.5.1/pico-sdk/src/rp2_common/pico_standard_link/binary_info.c.obj
 *(.binary_info.*)
 .binary_info.__bi_ptr182
                0x10008654        0x4 Tablero/CMakeFiles/Lavadora.dir/C_/Program_Files/Raspberry_Pi/Pico_SDK_v1.5.1/pico-sdk/src/rp2_common/pico_stdio_usb/stdio_usb.c.obj
                0x10008658                __binary_info_end = .

.rel.dyn        0x10008658        0x0
 .rel.iplt      0x10008658        0x0 c:/progra~1/raspbe~1/picosd~1.1/gcc-ar~1/bin/../lib/gcc/arm-none-eabi/10.3.1/thumb/v6-m/nofp/crtbegin.o
                0x10008658                . = ALIGN (0x4)

.ram_vector_table
                0x20000000       0xc0
 *(.ram_vector_table)
 .ram_vector_table
                0x20000000       0xc0 Tablero/CMakeFiles/Lavadora.dir/C_/Program_Files/Raspberry_Pi/Pico_SDK_v1.5.1/pico-sdk/src/rp2_common/pico_runtime/runtime.c.obj
                0x20000000                ram_vector_table

.data           0x200000c0      0xbf0 load address 0x10008658
                0x200000c0                __data_start__ = .
 *(vtable)
 *(.time_critical*)
 .time_critical.mutex_try_enter
                0x200000c0       0x46 Tablero/CMakeFiles/Lavadora.dir/C_/Program_Files/Raspberry_Pi/Pico_SDK_v1.5.1/pico-sdk/src/common/pico_sync/mutex.c.obj
                0x200000c0                mutex_try_enter
 *fill*         0x20000106        0x2 
 .time_critical.mutex_enter_block_until
                0x20000108       0x8c Tablero/CMakeFiles/Lavadora.dir/C_/Program_Files/Raspberry_Pi/Pico_SDK_v1.5.1/pico-sdk/src/common/pico_sync/mutex.c.obj
                0x20000108                mutex_enter_block_until
 .time_critical.mutex_try_enter_block_until
                0x20000194       0x34 Tablero/CMakeFiles/Lavadora.dir/C_/Program_Files/Raspberry_Pi/Pico_SDK_v1.5.1/pico-sdk/src/common/pico_sync/mutex.c.obj
                0x20000194                mutex_try_enter_block_until
 .time_critical.mutex_enter_timeout_ms
                0x200001c8       0x68 Tablero/CMakeFiles/Lavadora.dir/C_/Program_Files/Raspberry_Pi/Pico_SDK_v1.5.1/pico-sdk/src/common/pico_sync/mutex.c.obj
                0x200001c8                mutex_enter_timeout_ms
 .time_critical.mutex_exit
                0x20000230       0x4c Tablero/CMakeFiles/Lavadora.dir/C_/Program_Files/Raspberry_Pi/Pico_SDK_v1.5.1/pico-sdk/src/common/pico_sync/mutex.c.obj
                0x20000230                mutex_exit
 .time_critical.flash_init_boot2_copyout
                0x2000027c       0x30 Tablero/CMakeFiles/Lavadora.dir/C_/Program_Files/Raspberry_Pi/Pico_SDK_v1.5.1/pico-sdk/src/rp2_common/hardware_flash/flash.c.obj
 .time_critical.flash_enable_xip_via_boot2
                0x200002ac       0x10 Tablero/CMakeFiles/Lavadora.dir/C_/Program_Files/Raspberry_Pi/Pico_SDK_v1.5.1/pico-sdk/src/rp2_common/hardware_flash/flash.c.obj
 .time_critical.flash_cs_force
                0x200002bc       0x28 Tablero/CMakeFiles/Lavadora.dir/C_/Program_Files/Raspberry_Pi/Pico_SDK_v1.5.1/pico-sdk/src/rp2_common/hardware_flash/flash.c.obj
 .time_critical.flash_do_cmd
                0x200002e4       0xd8 Tablero/CMakeFiles/Lavadora.dir/C_/Program_Files/Raspberry_Pi/Pico_SDK_v1.5.1/pico-sdk/src/rp2_common/hardware_flash/flash.c.obj
                0x200002e4                flash_do_cmd
 .time_critical.reset_non_control_endpoints