Archive member included to satisfy reference by file (symbol)

c:/progra~1/raspbe~1/picosd~1.1/gcc-ar~1/bin/../lib/gcc/arm-none-eabi/10.3.1/thumb/v6-m/nofp\libgcc.a(_dvmd_tls.o)
                              Tablero/CMakeFiles/lavadora.dir/C_/Program_Files/Raspberry_Pi/Pico_SDK_v1.5.1/pico-sdk/src/rp2_common/pico_divider/divider.S.obj (__aeabi_idiv0)
c:/progra~1/raspbe~1/picosd~1.1/gcc-ar~1/bin/../lib/gcc/arm-none-eabi/10.3.1/../../../../arm-none-eabi/lib/thumb/v6-m/nofp\libg.a(lib_a-calloc.o)
                              Tablero/CMakeFiles/lavadora.dir/C_/Program_Files/Raspberry_Pi/Pico_SDK_v1.5.1/pico-sdk/src/rp2_common/pico_malloc/pico_malloc.c.obj (calloc)
c:/progra~1/raspbe~1/picosd~1.1/gcc-ar~1/bin/../lib/gcc/arm-none-eabi/10.3.1/../../../../arm-none-eabi/lib/thumb/v6-m/nofp\libg.a(lib_a-callocr.o)
                              c:/progra~1/raspbe~1/picosd~1.1/gcc-ar~1/bin/../lib/gcc/arm-none-eabi/10.3.1/../../../../arm-none-eabi/lib/thumb/v6-m/nofp\libg.a(lib_a-calloc.o) (_calloc_r)
c:/progra~1/raspbe~1/picosd~1.1/gcc-ar~1/bin/../lib/gcc/arm-none-eabi/10.3.1/../../../../arm-none-eabi/lib/thumb/v6-m/nofp\libg.a(lib_a-errno.o)
                              c:/progra~1/raspbe~1/picosd~1.1/gcc-ar~1/bin/../lib/gcc/arm-none-eabi/10.3.1/../../../../arm-none-eabi/lib/thumb/v6-m/nofp\libg.a(lib_a-callocr.o) (__errno)
c:/progra~1/raspbe~1/picosd~1.1/gcc-ar~1/bin/../lib/gcc/arm-none-eabi/10.3.1/../../../../arm-none-eabi/lib/thumb/v6-m/nofp\libg.a(lib_a-impure.o)
                              c:/progra~1/raspbe~1/picosd~1.1/gcc-ar~1/bin/../lib/gcc/arm-none-eabi/10.3.1/../../../../arm-none-eabi/lib/thumb/v6-m/nofp\libg.a(lib_a-calloc.o) (_impure_ptr)
c:/progra~1/raspbe~1/picosd~1.1/gcc-ar~1/bin/../lib/gcc/arm-none-eabi/10.3.1/../../../../arm-none-eabi/lib/thumb/v6-m/nofp\libg.a(lib_a-init.o)
                              c:/progra~1/raspbe~1/picosd~1.1/gcc-ar~1/bin/../lib/gcc/arm-none-eabi/10.3.1/../../../../arm-none-eabi/lib/thumb/v6-m/nofp/crt0.o (__libc_init_array)
c:/progra~1/raspbe~1/picosd~1.1/gcc-ar~1/bin/../lib/gcc/arm-none-eabi/10.3.1/../../../../arm-none-eabi/lib/thumb/v6-m/nofp\libg.a(lib_a-malloc.o)
                              Tablero/CMakeFiles/lavadora.dir/C_/Program_Files/Raspberry_Pi/Pico_SDK_v1.5.1/pico-sdk/src/rp2_common/pico_malloc/pico_malloc.c.obj (malloc)
c:/progra~1/raspbe~1/picosd~1.1/gcc-ar~1/bin/../lib/gcc/arm-none-eabi/10.3.1/../../../../arm-none-eabi/lib/thumb/v6-m/nofp\libg.a(lib_a-mallocr.o)
                              c:/progra~1/raspbe~1/picosd~1.1/gcc-ar~1/bin/../lib/gcc/arm-none-eabi/10.3.1/../../../../arm-none-eabi/lib/thumb/v6-m/nofp\libg.a(lib_a-callocr.o) (_malloc_r)
c:/progra~1/raspbe~1/picosd~1.1/gcc-ar~1/bin/../lib/gcc/arm-none-eabi/10.3.1/../../../../arm-none-eabi/lib/thumb/v6-m/nofp\libg.a(lib_a-mlock.o)
                              c:/progra~1/raspbe~1/picosd~1.1/gcc-ar~1/bin/../lib/gcc/arm-none-eabi/10.3.1/../../../../arm-none-eabi/lib/thumb/v6-m/nofp\libg.a(lib_a-mallocr.o) (__malloc_lock)
c:/progra~1/raspbe~1/picosd~1.1/gcc-ar~1/bin/../lib/gcc/arm-none-eabi/10.3.1/../../../../arm-none-eabi/lib/thumb/v6-m/nofp\libg.a(lib_a-realloc.o)
                              Tablero/CMakeFiles/lavadora.dir/C_/Program_Files/Raspberry_Pi/Pico_SDK_v1.5.1/pico-sdk/src/rp2_common/pico_malloc/pico_malloc.c.obj (realloc)
c:/progra~1/raspbe~1/picosd~1.1/gcc-ar~1/bin/../lib/gcc/arm-none-eabi/10.3.1/../../../../arm-none-eabi/lib/thumb/v6-m/nofp\libg.a(lib_a-reallocr.o)
                              c:/progra~1/raspbe~1/picosd~1.1/gcc-ar~1/bin/../lib/gcc/arm-none-eabi/10.3.1/../../../../arm-none-eabi/lib/thumb/v6-m/nofp\libg.a(lib_a-realloc.o) (_realloc_r)
c:/progra~1/raspbe~1/picosd~1.1/gcc-ar~1/bin/../lib/gcc/arm-none-eabi/10.3.1/../../../../arm-none-eabi/lib/thumb/v6-m/nofp\libg.a(lib_a-sbrkr.o)
                              c:/progra~1/raspbe~1/picosd~1.1/gcc-ar~1/bin/../lib/gcc/arm-none-eabi/10.3.1/../../../../arm-none-eabi/lib/thumb/v6-m/nofp\libg.a(lib_a-mallocr.o) (_sbrk_r)
c:/progra~1/raspbe~1/picosd~1.1/gcc-ar~1/bin/../lib/gcc/arm-none-eabi/10.3.1/../../../../arm-none-eabi/lib/thumb/v6-m/nofp\libg.a(lib_a-strlen-stub.o)
                              Tablero/CMakeFiles/lavadora.dir/C_/Program_Files/Raspberry_Pi/Pico_SDK_v1.5.1/pico-sdk/src/rp2_common/pico_stdio/stdio.c.obj (strlen)
c:/progra~1/raspbe~1/picosd~1.1/gcc-ar~1/bin/../lib/gcc/arm-none-eabi/10.3.1/../../../../arm-none-eabi/lib/thumb/v6-m/nofp\libg.a(lib_a-freer.o)
                              c:/progra~1/raspbe~1/picosd~1.1/gcc-ar~1/bin/../lib/gcc/arm-none-eabi/10.3.1/../../../../arm-none-eabi/lib/thumb/v6-m/nofp\libg.a(lib_a-malloc.o) (_free_r)
c:/progra~1/raspbe~1/picosd~1.1/gcc-ar~1/bin/../lib/gcc/arm-none-eabi/10.3.1/../../../../arm-none-eabi/lib/thumb/v6-m/nofp\libg.a(lib_a-lock.o)
                              c:/progra~1/raspbe~1/picosd~1.1/gcc-ar~1/bin/../lib/gcc/arm-none-eabi/10.3.1/../../../../arm-none-eabi/lib/thumb/v6-m/nofp\libg.a(lib_a-mlock.o) (__retarget_lock_acquire_recursive)
[...]
Memory Configuration

Name             Origin             Length             Attributes
FLASH            0x10000000         0x00200000         xr
RAM              0x20000000         0x00040000         xrw
SCRATCH_X        0x20040000         0x00001000         xrw
SCRATCH_Y        0x20041000         0x00001000         xrw
*default*        0x00000000         0xffffffff

Linker script and memory map

LOAD c:/progra~1/raspbe~1/picosd~1.1/gcc-ar~1/bin/../lib/gcc/arm-none-eabi/10.3.1/thumb/v6-m/nofp/crti.o
LOAD c:/progra~1/raspbe~1/picosd~1.1/gcc-ar~1/bin/../lib/gcc/arm-none-eabi/10.3.1/thumb/v6-m/nofp/crtbegin.o
LOAD c:/progra~1/raspbe~1/picosd~1.1/gcc-ar~1/bin/../lib/gcc/arm-none-eabi/10.3.1/../../../../arm-none-eabi/lib/thumb/v6-m/nofp/crt0.o

.flash_begin    0x10000000        0x0
                0x10000000                __flash_binary_start = .

.boot2          0x10000000      0x100
                0x10000000                __boot2_start__ = .
 *(.boot2)
 .boot2         0x10000000      0x100 C:\Users\DELL\AppData\Local\Temp\ccWuoHz2.o
                0x10000100                __boot2_end__ = .
                0x00000001                ASSERT (((__boot2_end__ - __boot2_start__) == 0x100), ERROR: Pico second stage bootloader must be 256 bytes in size)

.text           0x10000100     0x6860
                0x10000100                __logical_binary_start = .
 *(.vectors)
 .vectors       0x10000100       0xd4 Tablero/CMakeFiles/lavadora.dir/C_/Program_Files/Raspberry_Pi/Pico_SDK_v1.5.1/pico-sdk/src/rp2_common/pico_standard_link/crt0.S.obj
                0x10000100                __VECTOR_TABLE
                0x10000100                __vectors
                0x100001c0                isr_invalid
                0x100001c0                __default_isrs_start
                0x100001c2                isr_nmi
                0x100001c4                isr_hardfault
                0x100001c6                isr_svcall
                0x100001c8                isr_pendsv
                0x100001ca                isr_systick
                0x100001cc                isr_irq23
                0x100001cc                isr_irq18
                0x100001cc                isr_irq11
                0x100001cc                isr_irq28
                0x100001cc                isr_irq19
                0x100001cc                isr_irq0
                0x100001cc                isr_irq6
                0x100001cc                isr_irq5
                0x100001cc                isr_irq12
                0x100001cc                isr_irq22
                0x100001cc                isr_irq31
                0x100001cc                isr_irq17
                0x100001cc                isr_irq27
                0x100001cc                isr_irq30
                0x100001cc                isr_irq2
                0x100001cc                isr_irq10
                0x100001cc                isr_irq8
                0x100001cc                isr_irq24
                0x100001cc                isr_irq1
                0x100001cc                isr_irq7
                0x100001cc                isr_irq21
                0x100001cc                isr_irq20
                0x100001cc                isr_irq15
                0x100001cc                isr_irq25
                0x100001cc                isr_irq13
                0x100001cc                __unhandled_user_irq
                0x100001cc                isr_irq4
                0x100001cc                isr_irq16
                0x100001cc                isr_irq29
                0x100001cc                isr_irq26
                0x100001cc                __default_isrs_end
                0x100001cc                isr_irq3
                0x100001cc                isr_irq14
                0x100001cc                isr_irq9
                0x100001d2                unhandled_user_irq_num_in_r0
 *(.binary_info_header)
 .binary_info_header
                0x100001d4       0x14 Tablero/CMakeFiles/lavadora.dir/C_/Program_Files/Raspberry_Pi/Pico_SDK_v1.5.1/pico-sdk/src/rp2_common/pico_standard_link/crt0.S.obj
                0x100001e8                __binary_info_header_end = .
 *(.reset)
 .reset         0x100001e8       0xa0 Tablero/CMakeFiles/lavadora.dir/C_/Program_Files/Raspberry_Pi/Pico_SDK_v1.5.1/pico-sdk/src/rp2_common/pico_standard_link/crt0.S.obj
                0x100001e8                _entry_point
 .reset         0x10000288       0x30 Tablero/CMakeFiles/lavadora.dir/C_/Program_Files/Raspberry_Pi/Pico_SDK_v1.5.1/pico-sdk/src/rp2_common/pico_standard_link/binary_info.c.obj
 *(.init)
 .init          0x100002b8        0x4 c:/progra~1/raspbe~1/picosd~1.1/gcc-ar~1/bin/../lib/gcc/arm-none-eabi/10.3.1/thumb/v6-m/nofp/crti.o
                0x100002b8                _init
 *(EXCLUDE_FILE(*libm.a: *libc.a:*lib_a-mem*.o *libgcc.a:) .text*)
 .text          0x100002bc       0x48 c:/progra~1/raspbe~1/picosd~1.1/gcc-ar~1/bin/../lib/gcc/arm-none-eabi/10.3.1/thumb/v6-m/nofp/crtbegin.o
 .text.main     0x10000304       0xf4 Tablero/CMakeFiles/lavadora.dir/Tablero.c.obj
                0x10000304                main
 .text.keypad_init
                0x100003f8       0x58 Tablero/CMakeFiles/lavadora.dir/__/Teclado/Teclado.c.obj
                0x100003f8                keypad_init
 .text.read_keypad
                0x10000450       0x60 Tablero/CMakeFiles/lavadora.dir/__/Teclado/Teclado.c.obj
                0x10000450                read_keypad
 .text.gpio_set_function
                0x100004b0       0x30 Tablero/CMakeFiles/lavadora.dir/C_/Program_Files/Raspberry_Pi/Pico_SDK_v1.5.1/pico-sdk/src/rp2_common/hardware_gpio/gpio.c.obj
                0x100004b0                gpio_set_function
 .text.gpio_set_pulls
                0x100004e0       0x34 Tablero/CMakeFiles/lavadora.dir/C_/Program_Files/Raspberry_Pi/Pico_SDK_v1.5.1/pico-sdk/src/rp2_common/hardware_gpio/gpio.c.obj
                0x100004e0                gpio_set_pulls
 .text.gpio_init
                0x10000514       0x16 Tablero/CMakeFiles/lavadora.dir/C_/Program_Files/Raspberry_Pi/Pico_SDK_v1.5.1/pico-sdk/src/rp2_common/hardware_gpio/gpio.c.obj
                0x10000514                gpio_init
 *fill*         0x1000052a        0x2 
 .text.running_on_fpga
                0x1000052c       0x14 Tablero/CMakeFiles/lavadora.dir/C_/Program_Files/Raspberry_Pi/Pico_SDK_v1.5.1/pico-sdk/src/rp2_common/pico_platform/platform.c.obj
                0x1000052c                running_on_fpga
 .text.hw_claim_lock
                0x10000540       0x18 Tablero/CMakeFiles/lavadora.dir/C_/Program_Files/Raspberry_Pi/Pico_SDK_v1.5.1/pico-sdk/src/rp2_common/hardware_claim/claim.c.obj
                0x10000540                hw_claim_lock
 .text.hw_claim_unlock
                0x10000558       0x14 Tablero/CMakeFiles/lavadora.dir/C_/Program_Files/Raspberry_Pi/Pico_SDK_v1.5.1/pico-sdk/src/rp2_common/hardware_claim/claim.c.obj
                0x10000558                hw_claim_unlock
 .text.hw_claim_or_assert
                0x1000056c       0x32 Tablero/CMakeFiles/lavadora.dir/C_/Program_Files/Raspberry_Pi/Pico_SDK_v1.5.1/pico-sdk/src/rp2_common/hardware_claim/claim.c.obj
                0x1000056c                hw_claim_or_assert
 .text.hw_claim_unused_from_range
                0x1000059e       0x50 Tablero/CMakeFiles/lavadora.dir/C_/Program_Files/Raspberry_Pi/Pico_SDK_v1.5.1/pico-sdk/src/rp2_common/hardware_claim/claim.c.obj
                0x1000059e                hw_claim_unused_from_range
 *fill*         0x100005ee        0x2 
 .text.spin_locks_reset
                0x100005f0       0x20 Tablero/CMakeFiles/lavadora.dir/C_/Program_Files/Raspberry_Pi/Pico_SDK_v1.5.1/pico-sdk/src/rp2_common/hardware_sync/sync.c.obj
                0x100005f0                spin_locks_reset
 .text.next_striped_spin_lock_num
                0x10000610       0x1c Tablero/CMakeFiles/lavadora.dir/C_/Program_Files/Raspberry_Pi/Pico_SDK_v1.5.1/pico-sdk/src/rp2_common/hardware_sync/sync.c.obj
                0x10000610                next_striped_spin_lock_num
 .text.spin_lock_claim_unused
                0x1000062c       0x20 Tablero/CMakeFiles/lavadora.dir/C_/Program_Files/Raspberry_Pi/Pico_SDK_v1.5.1/pico-sdk/src/rp2_common/hardware_sync/sync.c.obj
                0x1000062c                spin_lock_claim_unused
 .text.set_raw_irq_handler_and_unlock
                0x1000064c       0x28 Tablero/CMakeFiles/lavadora.dir/C_/Program_Files/Raspberry_Pi/Pico_SDK_v1.5.1/pico-sdk/src/rp2_common/hardware_irq/irq.c.obj
 .text.make_branch
                0x10000674       0x48 Tablero/CMakeFiles/lavadora.dir/C_/Program_Files/Raspberry_Pi/Pico_SDK_v1.5.1/pico-sdk/src/rp2_common/hardware_irq/irq.c.obj
 .text.insert_branch_and_link
                0x100006bc       0x40 Tablero/CMakeFiles/lavadora.dir/C_/Program_Files/Raspberry_Pi/Pico_SDK_v1.5.1/pico-sdk/src/rp2_common/hardware_irq/irq.c.obj
 .text.irq_is_enabled
                0x100006fc       0x18 Tablero/CMakeFiles/lavadora.dir/C_/Program_Files/Raspberry_Pi/Pico_SDK_v1.5.1/pico-sdk/src/rp2_common/hardware_irq/irq.c.obj
                0x100006fc                irq_is_enabled
 .text.irq_set_mask_enabled
                0x10000714       0x20 Tablero/CMakeFiles/lavadora.dir/C_/Program_Files/Raspberry_Pi/Pico_SDK_v1.5.1/pico-sdk/src/rp2_common/hardware_irq/irq.c.obj
                0x10000714                irq_set_mask_enabled
 .text.irq_set_enabled
                0x10000734        0xe Tablero/CMakeFiles/lavadora.dir/C_/Program_Files/Raspberry_Pi/Pico_SDK_v1.5.1/pico-sdk/src/rp2_common/hardware_irq/irq.c.obj
                0x10000734                irq_set_enabled
 *fill*         0x10000742        0x2 
 .text.irq_set_pending
                0x10000744       0x10 Tablero/CMakeFiles/lavadora.dir/C_/Program_Files/Raspberry_Pi/Pico_SDK_v1.5.1/pico-sdk/src/rp2_common/hardware_irq/irq.c.obj
                0x10000744                irq_set_pending
 .text.irq_get_vtable_handler
                0x10000754       0x10 Tablero/CMakeFiles/lavadora.dir/C_/Program_Files/Raspberry_Pi/Pico_SDK_v1.5.1/pico-sdk/src/rp2_common/hardware_irq/irq.c.obj
                0x10000754                irq_get_vtable_handler
 .text.irq_has_shared_handler
                0x10000764       0x24 Tablero/CMakeFiles/lavadora.dir/C_/Program_Files/Raspberry_Pi/Pico_SDK_v1.5.1/pico-sdk/src/rp2_common/hardware_irq/irq.c.obj
                0x10000764                irq_has_shared_handler
 .text.irq_set_exclusive_handler
                0x10000788       0x54 Tablero/CMakeFiles/lavadora.dir/C_/Program_Files/Raspberry_Pi/Pico_SDK_v1.5.1/pico-sdk/src/rp2_common/hardware_irq/irq.c.obj
                0x10000788                irq_set_exclusive_handler
 .text.irq_add_shared_handler
                0x100007dc      0x234 Tablero/CMakeFiles/lavadora.dir/C_/Program_Files/Raspberry_Pi/Pico_SDK_v1.5.1/pico-sdk/src/rp2_common/hardware_irq/irq.c.obj
                0x100007dc                irq_add_shared_handler
 .text.irq_remove_handler
                0x10000a10      0x1ac Tablero/CMakeFiles/lavadora.dir/C_/Program_Files/Raspberry_Pi/Pico_SDK_v1.5.1/pico-sdk/src/rp2_common/hardware_irq/irq.c.obj
                0x10000a10                irq_remove_handler
 .text.irq_add_tail_to_free_list
                0x10000bbc       0xf0 Tablero/CMakeFiles/lavadora.dir/C_/Program_Files/Raspberry_Pi/Pico_SDK_v1.5.1/pico-sdk/src/rp2_common/hardware_irq/irq.c.obj
                0x10000bbc                irq_add_tail_to_free_list
 .text.irq_init_priorities
                0x10000cac       0x1c Tablero/CMakeFiles/lavadora.dir/C_/Program_Files/Raspberry_Pi/Pico_SDK_v1.5.1/pico-sdk/src/rp2_common/hardware_irq/irq.c.obj
                0x10000cac                irq_init_priorities
 .text.user_irq_claim_unused
                0x10000cc8       0x28 Tablero/CMakeFiles/lavadora.dir/C_/Program_Files/Raspberry_Pi/Pico_SDK_v1.5.1/pico-sdk/src/rp2_common/hardware_irq/irq.c.obj
                0x10000cc8                user_irq_claim_unused
 .text.lock_init
                0x10000cf0       0x10 Tablero/CMakeFiles/lavadora.dir/C_/Program_Files/Raspberry_Pi/Pico_SDK_v1.5.1/pico-sdk/src/common/pico_sync/lock_core.c.obj
                0x10000cf0                lock_init
 .text.mutex_init
                0x10000d00       0x1a Tablero/CMakeFiles/lavadora.dir/C_/Program_Files/Raspberry_Pi/Pico_SDK_v1.5.1/pico-sdk/src/common/pico_sync/mutex.c.obj
                0x10000d00                mutex_init
 .text.recursive_mutex_init
                0x10000d1a       0x1e Tablero/CMakeFiles/lavadora.dir/C_/Program_Files/Raspberry_Pi/Pico_SDK_v1.5.1/pico-sdk/src/common/pico_sync/mutex.c.obj
                0x10000d1a                recursive_mutex_init
 .text.critical_section_init_with_lock_num
                0x10000d38       0x14 Tablero/CMakeFiles/lavadora.dir/C_/Program_Files/Raspberry_Pi/Pico_SDK_v1.5.1/pico-sdk/src/common/pico_sync/critical_section.c.obj
                0x10000d38                critical_section_init_with_lock_num
 .text.critical_section_init
                0x10000d4c       0x14 Tablero/CMakeFiles/lavadora.dir/C_/Program_Files/Raspberry_Pi/Pico_SDK_v1.5.1/pico-sdk/src/common/pico_sync/critical_section.c.obj
                0x10000d4c                critical_section_init
 .text.alarm_pool_post_alloc_init
                0x10000d60       0x40 Tablero/CMakeFiles/lavadora.dir/C_/Program_Files/Raspberry_Pi/Pico_SDK_v1.5.1/pico-sdk/src/common/pico_time/time.c.obj
 .text.sleep_until_callback
                0x10000da0       0x30 Tablero/CMakeFiles/lavadora.dir/C_/Program_Files/Raspberry_Pi/Pico_SDK_v1.5.1/pico-sdk/src/common/pico_time/time.c.obj
 .text.timer_pool_entry_comparator
                0x10000dd0       0x7c Tablero/CMakeFiles/lavadora.dir/C_/Program_Files/Raspberry_Pi/Pico_SDK_v1.5.1/pico-sdk/src/common/pico_time/time.c.obj
                0x10000dd0                timer_pool_entry_comparator
 .text.ph_add_child_node
                0x10000e4c       0xa4 Tablero/CMakeFiles/lavadora.dir/C_/Program_Files/Raspberry_Pi/Pico_SDK_v1.5.1/pico-sdk/src/common/pico_time/time.c.obj
 .text.ph_merge_nodes
                0x10000ef0       0x3e Tablero/CMakeFiles/lavadora.dir/C_/Program_Files/Raspberry_Pi/Pico_SDK_v1.5.1/pico-sdk/src/common/pico_time/time.c.obj
 *fill*         0x10000f2e        0x2 
 .text.add_alarm_under_lock
                0x10000f30      0x174 Tablero/CMakeFiles/lavadora.dir/C_/Program_Files/Raspberry_Pi/Pico_SDK_v1.5.1/pico-sdk/src/common/pico_time/time.c.obj
 .text.alarm_pool_alarm_callback
                0x100010a4      0x33c Tablero/CMakeFiles/lavadora.dir/C_/Program_Files/Raspberry_Pi/Pico_SDK_v1.5.1/pico-sdk/src/common/pico_time/time.c.obj
 .text.alarm_pool_init_default
                0x100013e0       0x40 Tablero/CMakeFiles/lavadora.dir/C_/Program_Files/Raspberry_Pi/Pico_SDK_v1.5.1/pico-sdk/src/common/pico_time/time.c.obj
                0x100013e0                alarm_pool_init_default
 .text.alarm_pool_get_default
                0x10001420       0x2c Tablero/CMakeFiles/lavadora.dir/C_/Program_Files/Raspberry_Pi/Pico_SDK_v1.5.1/pico-sdk/src/common/pico_time/time.c.obj
                0x10001420                alarm_pool_get_default
 .text.alarm_pool_add_alarm_at
                0x1000144c      0x168 Tablero/CMakeFiles/lavadora.dir/C_/Program_Files/Raspberry_Pi/Pico_SDK_v1.5.1/pico-sdk/src/common/pico_time/time.c.obj
                0x1000144c                alarm_pool_add_alarm_at
 .text.alarm_pool_cancel_alarm
                0x100015b4       0xf8 Tablero/CMakeFiles/lavadora.dir/C_/Program_Files/Raspberry_Pi/Pico_SDK_v1.5.1/pico-sdk/src/common/pico_time/time.c.obj
                0x100015b4                alarm_pool_cancel_alarm
 .text.alarm_pool_core_num
                0x100016ac        0x4 Tablero/CMakeFiles/lavadora.dir/C_/Program_Files/Raspberry_Pi/Pico_SDK_v1.5.1/pico-sdk/src/common/pico_time/time.c.obj
                0x100016ac                alarm_pool_core_num
 .text.sleep_until
                0x100016b0       0xfc Tablero/CMakeFiles/lavadora.dir/C_/Program_Files/Raspberry_Pi/Pico_SDK_v1.5.1/pico-sdk/src/common/pico_time/time.c.obj
                0x100016b0                sleep_until
 .text.sleep_us
                0x100017ac       0x58 Tablero/CMakeFiles/lavadora.dir/C_/Program_Files/Raspberry_Pi/Pico_SDK_v1.5.1/pico-sdk/src/common/pico_time/time.c.obj
                0x100017ac                sleep_us
 .text.sleep_ms
                0x10001804       0x14 Tablero/CMakeFiles/lavadora.dir/C_/Program_Files/Raspberry_Pi/Pico_SDK_v1.5.1/pico-sdk/src/common/pico_time/time.c.obj
                0x10001804                sleep_ms
 .text.best_effort_wfe_or_timeout
                0x10001818       0xac Tablero/CMakeFiles/lavadora.dir/C_/Program_Files/Raspberry_Pi/Pico_SDK_v1.5.1/pico-sdk/src/common/pico_time/time.c.obj
                0x10001818                best_effort_wfe_or_timeout
 .text.hardware_alarm_irq_handler
                0x100018c4       0x90 Tablero/CMakeFiles/lavadora.dir/C_/Program_Files/Raspberry_Pi/Pico_SDK_v1.5.1/pico-sdk/src/rp2_common/hardware_timer/timer.c.obj
 .text.hardware_alarm_claim
                0x10001954       0x18 Tablero/CMakeFiles/lavadora.dir/C_/Program_Files/Raspberry_Pi/Pico_SDK_v1.5.1/pico-sdk/src/rp2_common/hardware_timer/timer.c.obj
                0x10001954                hardware_alarm_claim
 .text.time_us_64
                0x1000196c       0x18 Tablero/CMakeFiles/lavadora.dir/C_/Program_Files/Raspberry_Pi/Pico_SDK_v1.5.1/pico-sdk/src/rp2_common/hardware_timer/timer.c.obj
                0x1000196c                time_us_64
 .text.busy_wait_until
                0x10001984       0x28 Tablero/CMakeFiles/lavadora.dir/C_/Program_Files/Raspberry_Pi/Pico_SDK_v1.5.1/pico-sdk/src/rp2_common/hardware_timer/timer.c.obj
                0x10001984                busy_wait_until
 .text.hardware_alarm_set_callback
                0x100019ac       0x90 Tablero/CMakeFiles/lavadora.dir/C_/Program_Files/Raspberry_Pi/Pico_SDK_v1.5.1/pico-sdk/src/rp2_common/hardware_timer/timer.c.obj
                0x100019ac                hardware_alarm_set_callback
 .text.hardware_alarm_set_target
                0x10001a3c       0xe8 Tablero/CMakeFiles/lavadora.dir/C_/Program_Files/Raspberry_Pi/Pico_SDK_v1.5.1/pico-sdk/src/rp2_common/hardware_timer/timer.c.obj
                0x10001a3c                hardware_alarm_set_target
 .text.hardware_alarm_cancel
                0x10001b24       0x40 Tablero/CMakeFiles/lavadora.dir/C_/Program_Files/Raspberry_Pi/Pico_SDK_v1.5.1/pico-sdk/src/rp2_common/hardware_timer/timer.c.obj
                0x10001b24                hardware_alarm_cancel
 .text.ph_add_child_node
                0x10001b64       0xa4 Tablero/CMakeFiles/lavadora.dir/C_/Program_Files/Raspberry_Pi/Pico_SDK_v1.5.1/pico-sdk/src/common/pico_util/pheap.c.obj
 .text.ph_merge_nodes
                0x10001c08       0x3e Tablero/CMakeFiles/lavadora.dir/C_/Program_Files/Raspberry_Pi/Pico_SDK_v1.5.1/pico-sdk/src/common/pico_util/pheap.c.obj
 *fill*         0x10001c46        0x2 
 .text.ph_clear
                0x10001c48       0x70 Tablero/CMakeFiles/lavadora.dir/C_/Program_Files/Raspberry_Pi/Pico_SDK_v1.5.1/pico-sdk/src/common/pico_util/pheap.c.obj
                0x10001c48                ph_clear
 .text.ph_post_alloc_init
                0x10001cb8        0xe Tablero/CMakeFiles/lavadora.dir/C_/Program_Files/Raspberry_Pi/Pico_SDK_v1.5.1/pico-sdk/src/common/pico_util/pheap.c.obj
                0x10001cb8                ph_post_alloc_init
 *fill*         0x10001cc6        0x2 
 .text.ph_merge_two_pass
                0x10001cc8       0xa8 Tablero/CMakeFiles/lavadora.dir/C_/Program_Files/Raspberry_Pi/Pico_SDK_v1.5.1/pico-sdk/src/common/pico_util/pheap.c.obj
                0x10001cc8                ph_merge_two_pass
 .text.ph_remove_any_head
                0x10001d70      0x128 Tablero/CMakeFiles/lavadora.dir/C_/Program_Files/Raspberry_Pi/Pico_SDK_v1.5.1/pico-sdk/src/common/pico_util/pheap.c.obj
 .text.ph_remove_head
                0x10001e98       0x14 Tablero/CMakeFiles/lavadora.dir/C_/Program_Files/Raspberry_Pi/Pico_SDK_v1.5.1/pico-sdk/src/common/pico_util/pheap.c.obj
                0x10001e98                ph_remove_head
 .text.ph_remove_and_free_node
                0x10001eac       0xf8 Tablero/CMakeFiles/lavadora.dir/C_/Program_Files/Raspberry_Pi/Pico_SDK_v1.5.1/pico-sdk/src/common/pico_util/pheap.c.obj
                0x10001eac                ph_remove_and_free_node
 .text.clock_configure
                0x10001fa4      0x108 Tablero/CMakeFiles/lavadora.dir/C_/Program_Files/Raspberry_Pi/Pico_SDK_v1.5.1/pico-sdk/src/rp2_common/hardware_clocks/clocks.c.obj
                0x10001fa4                clock_configure
 .text.clocks_init
                0x100020ac      0x100 Tablero/CMakeFiles/lavadora.dir/C_/Program_Files/Raspberry_Pi/Pico_SDK_v1.5.1/pico-sdk/src/rp2_common/hardware_clocks/clocks.c.obj
                0x100020ac                clocks_init
 .text.pll_init
                0x100021ac      0x120 Tablero/CMakeFiles/lavadora.dir/C_/Program_Files/Raspberry_Pi/Pico_SDK_v1.5.1/pico-sdk/src/rp2_common/hardware_pll/pll.c.obj
                0x100021ac                pll_init
 .text.watchdog_start_tick
                0x100022cc       0x10 Tablero/CMakeFiles/lavadora.dir/C_/Program_Files/Raspberry_Pi/Pico_SDK_v1.5.1/pico-sdk/src/rp2_common/hardware_watchdog/watchdog.c.obj
                0x100022cc                watchdog_start_tick
 .text.watchdog_update
                0x100022dc       0x14 Tablero/CMakeFiles/lavadora.dir/C_/Program_Files/Raspberry_Pi/Pico_SDK_v1.5.1/pico-sdk/src/rp2_common/hardware_watchdog/watchdog.c.obj
                0x100022dc                watchdog_update
 .text._watchdog_enable
                0x100022f0       0x78 Tablero/CMakeFiles/lavadora.dir/C_/Program_Files/Raspberry_Pi/Pico_SDK_v1.5.1/pico-sdk/src/rp2_common/hardware_watchdog/watchdog.c.obj
                0x100022f0                _watchdog_enable
 .text.watchdog_reboot
                0x10002368       0x48 Tablero/CMakeFiles/lavadora.dir/C_/Program_Files/Raspberry_Pi/Pico_SDK_v1.5.1/pico-sdk/src/rp2_common/hardware_watchdog/watchdog.c.obj
                0x10002368                watchdog_reboot
 .text.xosc_init
                0x100023b0       0x28 Tablero/CMakeFiles/lavadora.dir/C_/Program_Files/Raspberry_Pi/Pico_SDK_v1.5.1/pico-sdk/src/rp2_common/hardware_xosc/xosc.c.obj
                0x100023b0                xosc_init
 .text._exit    0x100023d8        0x4 Tablero/CMakeFiles/lavadora.dir/C_/Program_Files/Raspberry_Pi/Pico_SDK_v1.5.1/pico-sdk/src/rp2_common/pico_runtime/runtime.c.obj
                0x100023d8                _exit
 .text.exit     0x100023dc        0x6 Tablero/CMakeFiles/lavadora.dir/C_/Program_Files/Raspberry_Pi/Pico_SDK_v1.5.1/pico-sdk/src/rp2_common/pico_runtime/runtime.c.obj
                0x100023dc                exit
 *fill*         0x100023e2        0x2 
 .text.__assert_func
                0x100023e4       0x3c Tablero/CMakeFiles/lavadora.dir/C_/Program_Files/Raspberry_Pi/Pico_SDK_v1.5.1/pico-sdk/src/rp2_common/pico_runtime/runtime.c.obj
                0x100023e4                __assert_func
 .text.runtime_init
                0x10002420       0xf8 Tablero/CMakeFiles/lavadora.dir/C_/Program_Files/Raspberry_Pi/Pico_SDK_v1.5.1/pico-sdk/src/rp2_common/pico_runtime/runtime.c.obj
                0x10002420                runtime_init
 .text.panic    0x10002518       0x30 Tablero/CMakeFiles/lavadora.dir/C_/Program_Files/Raspberry_Pi/Pico_SDK_v1.5.1/pico-sdk/src/rp2_common/pico_runtime/runtime.c.obj
                0x10002518                panic
 .text._out_null
                0x10002548        0x2 Tablero/CMakeFiles/lavadora.dir/C_/Program_Files/Raspberry_Pi/Pico_SDK_v1.5.1/pico-sdk/src/rp2_common/pico_printf/printf.c.obj
 .text._out_fct
                0x1000254a        0xe Tablero/CMakeFiles/lavadora.dir/C_/Program_Files/Raspberry_Pi/Pico_SDK_v1.5.1/pico-sdk/src/rp2_common/pico_printf/printf.c.obj
 .text._atoi    0x10002558       0x24 Tablero/CMakeFiles/lavadora.dir/C_/Program_Files/Raspberry_Pi/Pico_SDK_v1.5.1/pico-sdk/src/rp2_common/pico_printf/printf.c.obj
 .text._out_rev
                0x1000257c       0xae Tablero/CMakeFiles/lavadora.dir/C_/Program_Files/Raspberry_Pi/Pico_SDK_v1.5.1/pico-sdk/src/rp2_common/pico_printf/printf.c.obj
 .text._ntoa_format
                0x1000262a      0x112 Tablero/CMakeFiles/lavadora.dir/C_/Program_Files/Raspberry_Pi/Pico_SDK_v1.5.1/pico-sdk/src/rp2_common/pico_printf/printf.c.obj
 .text._ntoa_long
                0x1000273c       0xbc Tablero/CMakeFiles/lavadora.dir/C_/Program_Files/Raspberry_Pi/Pico_SDK_v1.5.1/pico-sdk/src/rp2_common/pico_printf/printf.c.obj
 .text._ntoa_long_long
                0x100027f8       0xe2 Tablero/CMakeFiles/lavadora.dir/C_/Program_Files/Raspberry_Pi/Pico_SDK_v1.5.1/pico-sdk/src/rp2_common/pico_printf/printf.c.obj
 *fill*         0x100028da        0x2 
 .text._etoa    0x100028dc      0x414 Tablero/CMakeFiles/lavadora.dir/C_/Program_Files/Raspberry_Pi/Pico_SDK_v1.5.1/pico-sdk/src/rp2_common/pico_printf/printf.c.obj
 .text._ftoa    0x10002cf0      0x354 Tablero/CMakeFiles/lavadora.dir/C_/Program_Files/Raspberry_Pi/Pico_SDK_v1.5.1/pico-sdk/src/rp2_common/pico_printf/printf.c.obj
 .text._vsnprintf
                0x10003044      0x624 Tablero/CMakeFiles/lavadora.dir/C_/Program_Files/Raspberry_Pi/Pico_SDK_v1.5.1/pico-sdk/src/rp2_common/pico_printf/printf.c.obj
 .text.vfctprintf
                0x10003668       0x20 Tablero/CMakeFiles/lavadora.dir/C_/Program_Files/Raspberry_Pi/Pico_SDK_v1.5.1/pico-sdk/src/rp2_common/pico_printf/printf.c.obj
                0x10003668                vfctprintf
 .text          0x10003688       0x10 Tablero/CMakeFiles/lavadora.dir/C_/Program_Files/Raspberry_Pi/Pico_SDK_v1.5.1/pico-sdk/src/rp2_common/pico_bit_ops/bit_ops_aeabi.S.obj
 .text.rom_func_lookup
                0x10003698       0x10 Tablero/CMakeFiles/lavadora.dir/C_/Program_Files/Raspberry_Pi/Pico_SDK_v1.5.1/pico-sdk/src/rp2_common/pico_bootrom/bootrom.c.obj
                0x10003698                rom_func_lookup
 .text.rom_data_lookup
                0x100036a8       0x10 Tablero/CMakeFiles/lavadora.dir/C_/Program_Files/Raspberry_Pi/Pico_SDK_v1.5.1/pico-sdk/src/rp2_common/pico_bootrom/bootrom.c.obj
                0x100036a8                rom_data_lookup
 .text.rom_funcs_lookup
                0x100036b8       0x36 Tablero/CMakeFiles/lavadora.dir/C_/Program_Files/Raspberry_Pi/Pico_SDK_v1.5.1/pico-sdk/src/rp2_common/pico_bootrom/bootrom.c.obj
                0x100036b8                rom_funcs_lookup
 *fill*         0x100036ee        0x2 
 .text.__wrap___aeabi_idiv
                0x100036f0       0x50 Tablero/CMakeFiles/lavadora.dir/C_/Program_Files/Raspberry_Pi/Pico_SDK_v1.5.1/pico-sdk/src/rp2_common/pico_divider/divider.S.obj
                0x100036f0                __wrap___aeabi_idivmod
                0x100036f0                divmod_s32s32
                0x100036f0                div_s32s32
                0x100036f0                __wrap___aeabi_idiv
                0x100036f8                divmod_s32s32_unsafe
                0x10003724                divmod_s32s32_savestate
 .text.__wrap___aeabi_uidiv
                0x10003740       0x4c Tablero/CMakeFiles/lavadora.dir/C_/Program_Files/Raspberry_Pi/Pico_SDK_v1.5.1/pico-sdk/src/rp2_common/pico_divider/divider.S.obj
                0x10003740                __wrap___aeabi_uidiv
                0x10003740                __wrap___aeabi_uidivmod
                0x10003740                div_u32u32
                0x10003740                divmod_u32u32
                0x10003748                divmod_u32u32_unsafe
                0x10003770                divmod_u32u32_savestate
 .text.__wrap___aeabi_ldiv
                0x1000378c      0x424 Tablero/CMakeFiles/lavadora.dir/C_/Program_Files/Raspberry_Pi/Pico_SDK_v1.5.1/pico-sdk/src/rp2_common/pico_divider/divider.S.obj
                0x1000378c                div_s64s64
                0x1000378c                divmod_s64s64
                0x1000378c                __wrap___aeabi_ldivmod
                0x100037bc                divmod_u64u64
                0x100037bc                div_u64u64
                0x100037bc                __wrap___aeabi_uldivmod
                0x100037cc                divmod_u64u64_savestate
                0x100037ec                divmod_s64s64_unsafe
                0x10003874                divmod_u64u64_unsafe
 .text.__wrap___aeabi_darithmetic
                0x10003bb0       0x60 Tablero/CMakeFiles/lavadora.dir/C_/Program_Files/Raspberry_Pi/Pico_SDK_v1.5.1/pico-sdk/src/rp2_common/pico_double/double_aeabi.S.obj
                0x10003bb0                __wrap___aeabi_drsub
                0x10003bb6                __wrap___aeabi_dsub
                0x10003bc0                __wrap___aeabi_dadd
                0x10003bca                __wrap___aeabi_ddiv
                0x10003bfe                __wrap___aeabi_dmul
 .text.__wrap___aeabi_cdcmple
                0x10003c10       0x6c Tablero/CMakeFiles/lavadora.dir/C_/Program_Files/Raspberry_Pi/Pico_SDK_v1.5.1/pico-sdk/src/rp2_common/pico_double/double_aeabi.S.obj
                0x10003c10                __wrap___aeabi_cdrcmple
                0x10003c20                __wrap___aeabi_cdcmpeq
                0x10003c20                __wrap___aeabi_cdcmple
 .text.__wrap___aeabi_dcmplt
                0x10003c7c        0xc Tablero/CMakeFiles/lavadora.dir/C_/Program_Files/Raspberry_Pi/Pico_SDK_v1.5.1/pico-sdk/src/rp2_common/pico_double/double_aeabi.S.obj
                0x10003c7c                __wrap___aeabi_dcmplt
 .text.__wrap___aeabi_dcmple
                0x10003c88       0x10 Tablero/CMakeFiles/lavadora.dir/C_/Program_Files/Raspberry_Pi/Pico_SDK_v1.5.1/pico-sdk/src/rp2_common/pico_double/double_aeabi.S.obj
                0x10003c88                __wrap___aeabi_dcmple
 .text.__wrap___aeabi_dcmpge
                0x10003c98       0x10 Tablero/CMakeFiles/lavadora.dir/C_/Program_Files/Raspberry_Pi/Pico_SDK_v1.5.1/pico-sdk/src/rp2_common/pico_double/double_aeabi.S.obj
                0x10003c98                __wrap___aeabi_dcmpge
 .text.__wrap___aeabi_dcmpgt
                0x10003ca8        0xa Tablero/CMakeFiles/lavadora.dir/C_/Program_Files/Raspberry_Pi/Pico_SDK_v1.5.1/pico-sdk/src/rp2_common/pico_double/double_aeabi.S.obj
                0x10003ca8                __wrap___aeabi_dcmpgt
 .text.__wrap___aeabi_dcmpun
                0x10003cb2       0x1c Tablero/CMakeFiles/lavadora.dir/C_/Program_Files/Raspberry_Pi/Pico_SDK_v1.5.1/pico-sdk/src/rp2_common/pico_double/double_aeabi.S.obj
                0x10003cb2                __wrap___aeabi_dcmpun
 *fill*         0x10003cce        0x2 
 .text.__wrap___aeabi_i2d
                0x10003cd0       0x38 Tablero/CMakeFiles/lavadora.dir/C_/Program_Files/Raspberry_Pi/Pico_SDK_v1.5.1/pico-sdk/src/rp2_common/pico_double/double_aeabi.S.obj
                0x10003cd0                __wrap___aeabi_ui2d
                0x10003cd8                __wrap___aeabi_i2d
 .text.__wrap___aeabi_d2iz
                0x10003d08       0x48 Tablero/CMakeFiles/lavadora.dir/C_/Program_Files/Raspberry_Pi/Pico_SDK_v1.5.1/pico-sdk/src/rp2_common/pico_double/double_aeabi.S.obj
                0x10003d08                double2int_z
                0x10003d08                __wrap___aeabi_d2iz
 .text.__wrap___aeabi_d2uiz
                0x10003d50       0x10 Tablero/CMakeFiles/lavadora.dir/C_/Program_Files/Raspberry_Pi/Pico_SDK_v1.5.1/pico-sdk/src/rp2_common/pico_double/double_aeabi.S.obj
                0x10003d50                __wrap___aeabi_d2uiz
                0x10003d50                double2uint
 .text.missing_double_func_shim
                0x10003d60        0xc Tablero/CMakeFiles/lavadora.dir/C_/Program_Files/Raspberry_Pi/Pico_SDK_v1.5.1/pico-sdk/src/rp2_common/pico_double/double_init_rom.c.obj
 .text.__aeabi_double_init
                0x10003d6c       0xcc Tablero/CMakeFiles/lavadora.dir/C_/Program_Files/Raspberry_Pi/Pico_SDK_v1.5.1/pico-sdk/src/rp2_common/pico_double/double_init_rom.c.obj
                0x10003d6c                __aeabi_double_init
 .text.double_table_shim_on_use_helper
                0x10003e38       0x34 Tablero/CMakeFiles/lavadora.dir/C_/Program_Files/Raspberry_Pi/Pico_SDK_v1.5.1/pico-sdk/src/rp2_common/pico_double/double_v1_rom_shim.S.obj
                0x10003e38                double_table_shim_on_use_helper
 .text.__aeabi_lmul
                0x10003e6c       0x32 Tablero/CMakeFiles/lavadora.dir/C_/Program_Files/Raspberry_Pi/Pico_SDK_v1.5.1/pico-sdk/src/rp2_common/pico_int64_ops/pico_int64_ops_aeabi.S.obj
                0x10003e6c                __wrap___aeabi_lmul
 *fill*         0x10003e9e        0x2 
 .text.missing_float_func_shim
                0x10003ea0        0xc Tablero/CMakeFiles/lavadora.dir/C_/Program_Files/Raspberry_Pi/Pico_SDK_v1.5.1/pico-sdk/src/rp2_common/pico_float/float_init_rom.c.obj
 .text.__aeabi_float_init
                0x10003eac       0x88 Tablero/CMakeFiles/lavadora.dir/C_/Program_Files/Raspberry_Pi/Pico_SDK_v1.5.1/pico-sdk/src/rp2_common/pico_float/float_init_rom.c.obj
                0x10003eac                __aeabi_float_init
 .text          0x10003f34       0x10 Tablero/CMakeFiles/lavadora.dir/C_/Program_Files/Raspberry_Pi/Pico_SDK_v1.5.1/pico-sdk/src/rp2_common/pico_mem_ops/mem_ops_aeabi.S.obj
                0x10003f34                __aeabi_mem_init
 .text.memset   0x10003f44        0xc Tablero/CMakeFiles/lavadora.dir/C_/Program_Files/Raspberry_Pi/Pico_SDK_v1.5.1/pico-sdk/src/rp2_common/pico_mem_ops/mem_ops_aeabi.S.obj
                0x10003f44                __wrap_memset
 .text.memcpy   0x10003f50        0xc Tablero/CMakeFiles/lavadora.dir/C_/Program_Files/Raspberry_Pi/Pico_SDK_v1.5.1/pico-sdk/src/rp2_common/pico_mem_ops/mem_ops_aeabi.S.obj
                0x10003f50                __wrap_memcpy
                0x10003f50                __wrap___aeabi_memcpy
 .text.stdio_out_chars_no_crlf
                0x10003f5c        0xe Tablero/CMakeFiles/lavadora.dir/C_/Program_Files/Raspberry_Pi/Pico_SDK_v1.5.1/pico-sdk/src/rp2_common/pico_stdio/stdio.c.obj
 *fill*         0x10003f6a        0x2 
 .text.stdio_out_chars_crlf
                0x10003f6c       0x80 Tablero/CMakeFiles/lavadora.dir/C_/Program_Files/Raspberry_Pi/Pico_SDK_v1.5.1/pico-sdk/src/rp2_common/pico_stdio/stdio.c.obj
 .text.stdio_stack_buffer_flush
                0x10003fec       0x44 Tablero/CMakeFiles/lavadora.dir/C_/Program_Files/Raspberry_Pi/Pico_SDK_v1.5.1/pico-sdk/src/rp2_common/pico_stdio/stdio.c.obj
 .text.stdio_buffered_printer
                0x10004030       0x20 Tablero/CMakeFiles/lavadora.dir/C_/Program_Files/Raspberry_Pi/Pico_SDK_v1.5.1/pico-sdk/src/rp2_common/pico_stdio/stdio.c.obj
 .text.stdout_serialize_begin
                0x10004050       0x5c Tablero/CMakeFiles/lavadora.dir/C_/Program_Files/Raspberry_Pi/Pico_SDK_v1.5.1/pico-sdk/src/rp2_common/pico_stdio/stdio.c.obj
                0x10004050                stdout_serialize_begin
 .text.stdout_serialize_end
                0x100040ac       0x10 Tablero/CMakeFiles/lavadora.dir/C_/Program_Files/Raspberry_Pi/Pico_SDK_v1.5.1/pico-sdk/src/rp2_common/pico_stdio/stdio.c.obj
                0x100040ac                stdout_serialize_end
 .text.stdio_put_string
                0x100040bc       0x98 Tablero/CMakeFiles/lavadora.dir/C_/Program_Files/Raspberry_Pi/Pico_SDK_v1.5.1/pico-sdk/src/rp2_common/pico_stdio/stdio.c.obj
 .text.stdio_set_driver_enabled
                0x10004154       0x2c Tablero/CMakeFiles/lavadora.dir/C_/Program_Files/Raspberry_Pi/Pico_SDK_v1.5.1/pico-sdk/src/rp2_common/pico_stdio/stdio.c.obj
                0x10004154                stdio_set_driver_enabled
 .text.stdio_flush
                0x10004180       0x20 Tablero/CMakeFiles/lavadora.dir/C_/Program_Files/Raspberry_Pi/Pico_SDK_v1.5.1/pico-sdk/src/rp2_common/pico_stdio/stdio.c.obj
                0x10004180                stdio_flush
 .text.__wrap_puts
                0x100041a0       0x1e Tablero/CMakeFiles/lavadora.dir/C_/Program_Files/Raspberry_Pi/Pico_SDK_v1.5.1/pico-sdk/src/rp2_common/pico_stdio/stdio.c.obj
                0x100041a0                __wrap_puts
 *fill*         0x100041be        0x2 
 .text.__wrap_vprintf
                0x100041c0       0x40 Tablero/CMakeFiles/lavadora.dir/C_/Program_Files/Raspberry_Pi/Pico_SDK_v1.5.1/pico-sdk/src/rp2_common/pico_stdio/stdio.c.obj
                0x100041c0                __wrap_vprintf
 .text.__wrap_printf
                0x10004200       0x18 Tablero/CMakeFiles/lavadora.dir/C_/Program_Files/Raspberry_Pi/Pico_SDK_v1.5.1/pico-sdk/src/rp2_common/pico_stdio/stdio.c.obj
                0x10004200                __wrap_printf
 .text.stdio_init_all
                0x10004218        0x8 Tablero/CMakeFiles/lavadora.dir/C_/Program_Files/Raspberry_Pi/Pico_SDK_v1.5.1/pico-sdk/src/rp2_common/pico_stdio/stdio.c.obj
                0x10004218                stdio_init_all
 .text.resetd_init
                0x10004220        0x2 Tablero/CMakeFiles/lavadora.dir/C_/Program_Files/Raspberry_Pi/Pico_SDK_v1.5.1/pico-sdk/src/rp2_common/pico_stdio_usb/reset_interface.c.obj
 *fill*         0x10004222        0x2 
 .text.resetd_reset
                0x10004224        0xc Tablero/CMakeFiles/lavadora.dir/C_/Program_Files/Raspberry_Pi/Pico_SDK_v1.5.1/pico-sdk/src/rp2_common/pico_stdio_usb/reset_interface.c.obj
 .text.resetd_open
                0x10004230       0x34 Tablero/CMakeFiles/lavadora.dir/C_/Program_Files/Raspberry_Pi/Pico_SDK_v1.5.1/pico-sdk/src/rp2_common/pico_stdio_usb/reset_interface.c.obj
 .text.resetd_xfer_cb
                0x10004264        0x4 Tablero/CMakeFiles/lavadora.dir/C_/Program_Files/Raspberry_Pi/Pico_SDK_v1.5.1/pico-sdk/src/rp2_common/pico_stdio_usb/reset_interface.c.obj
 .text.reset_usb_boot
                0x10004268       0x18 Tablero/CMakeFiles/lavadora.dir/C_/Program_Files/Raspberry_Pi/Pico_SDK_v1.5.1/pico-sdk/src/rp2_common/pico_stdio_usb/reset_interface.c.obj
 .text.resetd_control_xfer_cb
                0x10004280       0x5c Tablero/CMakeFiles/lavadora.dir/C_/Program_Files/Raspberry_Pi/Pico_SDK_v1.5.1/pico-sdk/src/rp2_common/pico_stdio_usb/reset_interface.c.obj
 .text.usbd_app_driver_get_cb
                0x100042dc        0xc Tablero/CMakeFiles/lavadora.dir/C_/Program_Files/Raspberry_Pi/Pico_SDK_v1.5.1/pico-sdk/src/rp2_common/pico_stdio_usb/reset_interface.c.obj
                0x100042dc                usbd_app_driver_get_cb
 .text.tud_cdc_line_coding_cb
                0x100042e8       0x28 Tablero/CMakeFiles/lavadora.dir/C_/Program_Files/Raspberry_Pi/Pico_SDK_v1.5.1/pico-sdk/src/rp2_common/pico_stdio_usb/reset_interface.c.obj
                0x100042e8                tud_cdc_line_coding_cb
 .text.stdio_usb_set_chars_available_callback
                0x10004310       0x14 Tablero/CMakeFiles/lavadora.dir/C_/Program_Files/Raspberry_Pi/Pico_SDK_v1.5.1/pico-sdk/src/rp2_common/pico_stdio_usb/stdio_usb.c.obj
                0x10004310                stdio_usb_set_chars_available_callback
 .text.usb_irq  0x10004324       0x10 Tablero/CMakeFiles/lavadora.dir/C_/Program_Files/Raspberry_Pi/Pico_SDK_v1.5.1/pico-sdk/src/rp2_common/pico_stdio_usb/stdio_usb.c.obj
 .text.timer_task
                0x10004334       0x5c Tablero/CMakeFiles/lavadora.dir/C_/Program_Files/Raspberry_Pi/Pico_SDK_v1.5.1/pico-sdk/src/rp2_common/pico_stdio_usb/stdio_usb.c.obj
 .text.low_priority_worker_irq
                0x10004390       0xdc Tablero/CMakeFiles/lavadora.dir/C_/Program_Files/Raspberry_Pi/Pico_SDK_v1.5.1/pico-sdk/src/rp2_common/pico_stdio_usb/stdio_usb.c.obj
 .text.tud_cdc_rx_cb
                0x1000446c       0x20 Tablero/CMakeFiles/lavadora.dir/C_/Program_Files/Raspberry_Pi/Pico_SDK_v1.5.1/pico-sdk/src/rp2_common/pico_stdio_usb/stdio_usb.c.obj
                0x1000446c                tud_cdc_rx_cb
 .text.stdio_usb_init
                0x1000448c      0x11c Tablero/CMakeFiles/lavadora.dir/C_/Program_Files/Raspberry_Pi/Pico_SDK_v1.5.1/pico-sdk/src/rp2_common/pico_stdio_usb/stdio_usb.c.obj
                0x1000448c                stdio_usb_init
 .text.stdio_usb_connected
                0x100045a8        0xa Tablero/CMakeFiles/lavadora.dir/C_/Program_Files/Raspberry_Pi/Pico_SDK_v1.5.1/pico-sdk/src/rp2_common/pico_stdio_usb/stdio_usb.c.obj
                0x100045a8                stdio_usb_connected
 *fill*         0x100045b2        0x2 
 .text.stdio_usb_in_chars
                0x100045b4       0xc4 Tablero/CMakeFiles/lavadora.dir/C_/Program_Files/Raspberry_Pi/Pico_SDK_v1.5.1/pico-sdk/src/rp2_common/pico_stdio_usb/stdio_usb.c.obj
                0x100045b4                stdio_usb_in_chars
 .text.stdio_usb_out_chars
                0x10004678      0x114 Tablero/CMakeFiles/lavadora.dir/C_/Program_Files/Raspberry_Pi/Pico_SDK_v1.5.1/pico-sdk/src/rp2_common/pico_stdio_usb/stdio_usb.c.obj
 .text.tud_descriptor_device_cb
                0x1000478c        0x8 Tablero/CMakeFiles/lavadora.dir/C_/Program_Files/Raspberry_Pi/Pico_SDK_v1.5.1/pico-sdk/src/rp2_common/pico_stdio_usb/stdio_usb_descriptors.c.obj
                0x1000478c                tud_descriptor_device_cb
 .text.tud_descriptor_configuration_cb
                0x10004794        0x8 Tablero/CMakeFiles/lavadora.dir/C_/Program_Files/Raspberry_Pi/Pico_SDK_v1.5.1/pico-sdk/src/rp2_common/pico_stdio_usb/stdio_usb_descriptors.c.obj
                0x10004794                tud_descriptor_configuration_cb
 .text.tud_descriptor_string_cb
                0x1000479c       0x6c Tablero/CMakeFiles/lavadora.dir/C_/Program_Files/Raspberry_Pi/Pico_SDK_v1.5.1/pico-sdk/src/rp2_common/pico_stdio_usb/stdio_usb_descriptors.c.obj
                0x1000479c                tud_descriptor_string_cb
 .text._retrieve_unique_id_on_boot
                0x10004808       0x10 Tablero/CMakeFiles/lavadora.dir/C_/Program_Files/Raspberry_Pi/Pico_SDK_v1.5.1/pico-sdk/src/rp2_common/pico_unique_id/unique_id.c.obj
 .text.pico_get_unique_board_id_string
                0x10004818       0x60 Tablero/CMakeFiles/lavadora.dir/C_/Program_Files/Raspberry_Pi/Pico_SDK_v1.5.1/pico-sdk/src/rp2_common/pico_unique_id/unique_id.c.obj
                0x10004818                pico_get_unique_board_id_string
 .text.flash_get_unique_id
                0x10004878       0x46 Tablero/CMakeFiles/lavadora.dir/C_/Program_Files/Raspberry_Pi/Pico_SDK_v1.5.1/pico-sdk/src/rp2_common/hardware_flash/flash.c.obj
                0x10004878                flash_get_unique_id
 *fill*         0x100048be        0x2 
 .text.hw_endpoint_get_by_addr
                0x100048c0       0x18 Tablero/CMakeFiles/lavadora.dir/C_/Program_Files/Raspberry_Pi/Pico_SDK_v1.5.1/pico-sdk/lib/tinyusb/src/portable/raspberrypi/rp2040/dcd_rp2040.c.obj
 .text._hw_endpoint_alloc
                0x100048d8       0x70 Tablero/CMakeFiles/lavadora.dir/C_/Program_Files/Raspberry_Pi/Pico_SDK_v1.5.1/pico-sdk/lib/tinyusb/src/portable/raspberrypi/rp2040/dcd_rp2040.c.obj
 .text.hw_endpoint_init
                0x10004948       0x88 Tablero/CMakeFiles/lavadora.dir/C_/Program_Files/Raspberry_Pi/Pico_SDK_v1.5.1/pico-sdk/lib/tinyusb/src/portable/raspberrypi/rp2040/dcd_rp2040.c.obj
 .text.hw_endpoint_xfer
                0x100049d0       0x14 Tablero/CMakeFiles/lavadora.dir/C_/Program_Files/Raspberry_Pi/Pico_SDK_v1.5.1/pico-sdk/lib/tinyusb/src/portable/raspberrypi/rp2040/dcd_rp2040.c.obj
 .text.dcd_int_enable
                0x100049e4       0x2c Tablero/CMakeFiles/lavadora.dir/C_/Program_Files/Raspberry_Pi/Pico_SDK_v1.5.1/pico-sdk/lib/tinyusb/src/portable/raspberrypi/rp2040/dcd_rp2040.c.obj
                0x100049e4                dcd_int_enable
 .text.dcd_set_address
                0x10004a10       0x2c Tablero/CMakeFiles/lavadora.dir/C_/Program_Files/Raspberry_Pi/Pico_SDK_v1.5.1/pico-sdk/lib/tinyusb/src/portable/raspberrypi/rp2040/dcd_rp2040.c.obj
                0x10004a10                dcd_set_address
 .text.dcd_connect
                0x10004a3c       0x10 Tablero/CMakeFiles/lavadora.dir/C_/Program_Files/Raspberry_Pi/Pico_SDK_v1.5.1/pico-sdk/lib/tinyusb/src/portable/raspberrypi/rp2040/dcd_rp2040.c.obj
                0x10004a3c                dcd_connect
 .text.dcd_init
                0x10004a4c       0x80 Tablero/CMakeFiles/lavadora.dir/C_/Program_Files/Raspberry_Pi/Pico_SDK_v1.5.1/pico-sdk/lib/tinyusb/src/portable/raspberrypi/rp2040/dcd_rp2040.c.obj
                0x10004a4c                dcd_init
 .text.dcd_edpt0_status_complete
                0x10004acc       0x1c Tablero/CMakeFiles/lavadora.dir/C_/Program_Files/Raspberry_Pi/Pico_SDK_v1.5.1/pico-sdk/lib/tinyusb/src/portable/raspberrypi/rp2040/dcd_rp2040.c.obj
                0x10004acc                dcd_edpt0_status_complete
 .text.dcd_edpt_open
                0x10004ae8       0x40 Tablero/CMakeFiles/lavadora.dir/C_/Program_Files/Raspberry_Pi/Pico_SDK_v1.5.1/pico-sdk/lib/tinyusb/src/portable/raspberrypi/rp2040/dcd_rp2040.c.obj
                0x10004ae8                dcd_edpt_open
 .text.dcd_edpt_close_all
                0x10004b28        0x8 Tablero/CMakeFiles/lavadora.dir/C_/Program_Files/Raspberry_Pi/Pico_SDK_v1.5.1/pico-sdk/lib/tinyusb/src/portable/raspberrypi/rp2040/dcd_rp2040.c.obj
                0x10004b28                dcd_edpt_close_all
 .text.dcd_edpt_xfer
                0x10004b30       0x34 Tablero/CMakeFiles/lavadora.dir/C_/Program_Files/Raspberry_Pi/Pico_SDK_v1.5.1/pico-sdk/lib/tinyusb/src/portable/raspberrypi/rp2040/dcd_rp2040.c.obj
                0x10004b30                dcd_edpt_xfer
 .text.dcd_edpt_stall
                0x10004b64       0x2c Tablero/CMakeFiles/lavadora.dir/C_/Program_Files/Raspberry_Pi/Pico_SDK_v1.5.1/pico-sdk/lib/tinyusb/src/portable/raspberrypi/rp2040/dcd_rp2040.c.obj
                0x10004b64                dcd_edpt_stall
 .text.dcd_edpt_clear_stall
                0x10004b90       0x20 Tablero/CMakeFiles/lavadora.dir/C_/Program_Files/Raspberry_Pi/Pico_SDK_v1.5.1/pico-sdk/lib/tinyusb/src/portable/raspberrypi/rp2040/dcd_rp2040.c.obj
                0x10004b90                dcd_edpt_clear_stall
 .text.rp2040_usb_init
                0x10004bb0       0x4c Tablero/CMakeFiles/lavadora.dir/C_/Program_Files/Raspberry_Pi/Pico_SDK_v1.5.1/pico-sdk/lib/tinyusb/src/portable/raspberrypi/rp2040/rp2040_usb.c.obj
                0x10004bb0                rp2040_usb_init
 .text.hw_endpoint_xfer_start
                0x10004bfc       0x50 Tablero/CMakeFiles/lavadora.dir/C_/Program_Files/Raspberry_Pi/Pico_SDK_v1.5.1/pico-sdk/lib/tinyusb/src/portable/raspberrypi/rp2040/rp2040_usb.c.obj
                0x10004bfc                hw_endpoint_xfer_start
 .text.configuration_reset
                0x10004c4c       0x84 Tablero/CMakeFiles/lavadora.dir/C_/Program_Files/Raspberry_Pi/Pico_SDK_v1.5.1/pico-sdk/lib/tinyusb/src/device/usbd.c.obj
 .text.usbd_reset
                0x10004cd0        0xc Tablero/CMakeFiles/lavadora.dir/C_/Program_Files/Raspberry_Pi/Pico_SDK_v1.5.1/pico-sdk/lib/tinyusb/src/device/usbd.c.obj
 .text.invoke_class_control
                0x10004cdc       0x1a Tablero/CMakeFiles/lavadora.dir/C_/Program_Files/Raspberry_Pi/Pico_SDK_v1.5.1/pico-sdk/lib/tinyusb/src/device/usbd.c.obj
 *fill*         0x10004cf6        0x2 
 .text.process_set_config
                0x10004cf8      0x178 Tablero/CMakeFiles/lavadora.dir/C_/Program_Files/Raspberry_Pi/Pico_SDK_v1.5.1/pico-sdk/lib/tinyusb/src/device/usbd.c.obj
 .text.process_get_descriptor
                0x10004e70       0xdc Tablero/CMakeFiles/lavadora.dir/C_/Program_Files/Raspberry_Pi/Pico_SDK_v1.5.1/pico-sdk/lib/tinyusb/src/device/usbd.c.obj
 .text.tud_mounted
                0x10004f4c       0x10 Tablero/CMakeFiles/lavadora.dir/C_/Program_Files/Raspberry_Pi/Pico_SDK_v1.5.1/pico-sdk/lib/tinyusb/src/device/usbd.c.obj
                0x10004f4c                tud_mounted
 .text.tud_suspended
                0x10004f5c       0x10 Tablero/CMakeFiles/lavadora.dir/C_/Program_Files/Raspberry_Pi/Pico_SDK_v1.5.1/pico-sdk/lib/tinyusb/src/device/usbd.c.obj
                0x10004f5c                tud_suspended
 .text.tud_inited
                0x10004f6c       0x14 Tablero/CMakeFiles/lavadora.dir/C_/Program_Files/Raspberry_Pi/Pico_SDK_v1.5.1/pico-sdk/lib/tinyusb/src/device/usbd.c.obj
                0x10004f6c                tud_inited
 .text.tud_init
                0x10004f80       0xcc Tablero/CMakeFiles/lavadora.dir/C_/Program_Files/Raspberry_Pi/Pico_SDK_v1.5.1/pico-sdk/lib/tinyusb/src/device/usbd.c.obj
                0x10004f80                tud_init
 .text.usbd_defer_func
                0x1000504c       0x2a Tablero/CMakeFiles/lavadora.dir/C_/Program_Files/Raspberry_Pi/Pico_SDK_v1.5.1/pico-sdk/lib/tinyusb/src/device/usbd.c.obj
                0x1000504c                usbd_defer_func
 *fill*         0x10005076        0x2 
 .text.usbd_edpt_open
                0x10005078       0x34 Tablero/CMakeFiles/lavadora.dir/C_/Program_Files/Raspberry_Pi/Pico_SDK_v1.5.1/pico-sdk/lib/tinyusb/src/device/usbd.c.obj
                0x10005078                usbd_edpt_open
 .text.usbd_open_edpt_pair
                0x100050ac       0x62 Tablero/CMakeFiles/lavadora.dir/C_/Program_Files/Raspberry_Pi/Pico_SDK_v1.5.1/pico-sdk/lib/tinyusb/src/device/usbd.c.obj
                0x100050ac                usbd_open_edpt_pair
 *fill*         0x1000510e        0x2 
 .text.usbd_edpt_claim
                0x10005110       0x28 Tablero/CMakeFiles/lavadora.dir/C_/Program_Files/Raspberry_Pi/Pico_SDK_v1.5.1/pico-sdk/lib/tinyusb/src/device/usbd.c.obj
                0x10005110                usbd_edpt_claim
 .text.usbd_edpt_release
                0x10005138       0x28 Tablero/CMakeFiles/lavadora.dir/C_/Program_Files/Raspberry_Pi/Pico_SDK_v1.5.1/pico-sdk/lib/tinyusb/src/device/usbd.c.obj
                0x10005138                usbd_edpt_release
 .text.usbd_edpt_xfer
                0x10005160       0x78 Tablero/CMakeFiles/lavadora.dir/C_/Program_Files/Raspberry_Pi/Pico_SDK_v1.5.1/pico-sdk/lib/tinyusb/src/device/usbd.c.obj
                0x10005160                usbd_edpt_xfer
 .text.usbd_edpt_stall
                0x100051d8       0x48 Tablero/CMakeFiles/lavadora.dir/C_/Program_Files/Raspberry_Pi/Pico_SDK_v1.5.1/pico-sdk/lib/tinyusb/src/device/usbd.c.obj
                0x100051d8                usbd_edpt_stall
 .text.usbd_edpt_clear_stall
                0x10005220       0x48 Tablero/CMakeFiles/lavadora.dir/C_/Program_Files/Raspberry_Pi/Pico_SDK_v1.5.1/pico-sdk/lib/tinyusb/src/device/usbd.c.obj
                0x10005220                usbd_edpt_clear_stall
 .text.usbd_edpt_stalled
                0x10005268       0x1c Tablero/CMakeFiles/lavadora.dir/C_/Program_Files/Raspberry_Pi/Pico_SDK_v1.5.1/pico-sdk/lib/tinyusb/src/device/usbd.c.obj
                0x10005268                usbd_edpt_stalled
 .text.process_control_request
                0x10005284      0x37c Tablero/CMakeFiles/lavadora.dir/C_/Program_Files/Raspberry_Pi/Pico_SDK_v1.5.1/pico-sdk/lib/tinyusb/src/device/usbd.c.obj
 .text.tud_task_ext
                0x10005600      0x1b8 Tablero/CMakeFiles/lavadora.dir/C_/Program_Files/Raspberry_Pi/Pico_SDK_v1.5.1/pico-sdk/lib/tinyusb/src/device/usbd.c.obj
                0x10005600                tud_task_ext
 .text._data_stage_xact
                0x100057b8       0x58 Tablero/CMakeFiles/lavadora.dir/C_/Program_Files/Raspberry_Pi/Pico_SDK_v1.5.1/pico-sdk/lib/tinyusb/src/device/usbd_control.c.obj
 .text.tud_control_status
                0x10005810       0x38 Tablero/CMakeFiles/lavadora.dir/C_/Program_Files/Raspberry_Pi/Pico_SDK_v1.5.1/pico-sdk/lib/tinyusb/src/device/usbd_control.c.obj
                0x10005810                tud_control_status
 .text.tud_control_xfer
                0x10005848       0x74 Tablero/CMakeFiles/lavadora.dir/C_/Program_Files/Raspberry_Pi/Pico_SDK_v1.5.1/pico-sdk/lib/tinyusb/src/device/usbd_control.c.obj
                0x10005848                tud_control_xfer
 .text.usbd_control_reset
                0x100058bc       0x14 Tablero/CMakeFiles/lavadora.dir/C_/Program_Files/Raspberry_Pi/Pico_SDK_v1.5.1/pico-sdk/lib/tinyusb/src/device/usbd_control.c.obj
                0x100058bc                usbd_control_reset
 .text.usbd_control_set_complete_callback
                0x100058d0        0xc Tablero/CMakeFiles/lavadora.dir/C_/Program_Files/Raspberry_Pi/Pico_SDK_v1.5.1/pico-sdk/lib/tinyusb/src/device/usbd_control.c.obj
                0x100058d0                usbd_control_set_complete_callback
 .text.usbd_control_set_request
                0x100058dc       0x1c Tablero/CMakeFiles/lavadora.dir/C_/Program_Files/Raspberry_Pi/Pico_SDK_v1.5.1/pico-sdk/lib/tinyusb/src/device/usbd_control.c.obj
                0x100058dc                usbd_control_set_request
 .text.usbd_control_xfer_cb
                0x100058f8       0xcc Tablero/CMakeFiles/lavadora.dir/C_/Program_Files/Raspberry_Pi/Pico_SDK_v1.5.1/pico-sdk/lib/tinyusb/src/device/usbd_control.c.obj
                0x100058f8                usbd_control_xfer_cb
 .text._prep_out_transaction
                0x100059c4       0x4a Tablero/CMakeFiles/lavadora.dir/C_/Program_Files/Raspberry_Pi/Pico_SDK_v1.5.1/pico-sdk/lib/tinyusb/src/class/cdc/cdc_device.c.obj
 *fill*         0x10005a0e        0x2 
 .text.tud_cdc_n_connected
                0x10005a10       0x44 Tablero/CMakeFiles/lavadora.dir/C_/Program_Files/Raspberry_Pi/Pico_SDK_v1.5.1/pico-sdk/lib/tinyusb/src/class/cdc/cdc_device.c.obj
                0x10005a10                tud_cdc_n_connected
 .text.tud_cdc_n_available
                0x10005a54       0x18 Tablero/CMakeFiles/lavadora.dir/C_/Program_Files/Raspberry_Pi/Pico_SDK_v1.5.1/pico-sdk/lib/tinyusb/src/class/cdc/cdc_device.c.obj
                0x10005a54                tud_cdc_n_available
 .text.tud_cdc_n_read
                0x10005a6c       0x28 Tablero/CMakeFiles/lavadora.dir/C_/Program_Files/Raspberry_Pi/Pico_SDK_v1.5.1/pico-sdk/lib/tinyusb/src/class/cdc/cdc_device.c.obj
                0x10005a6c                tud_cdc_n_read
 .text.tud_cdc_n_write_flush
                0x10005a94       0xb8 Tablero/CMakeFiles/lavadora.dir/C_/Program_Files/Raspberry_Pi/Pico_SDK_v1.5.1/pico-sdk/lib/tinyusb/src/class/cdc/cdc_device.c.obj
                0x10005a94                tud_cdc_n_write_flush
 .text.tud_cdc_n_write
                0x10005b4c       0x38 Tablero/CMakeFiles/lavadora.dir/C_/Program_Files/Raspberry_Pi/Pico_SDK_v1.5.1/pico-sdk/lib/tinyusb/src/class/cdc/cdc_device.c.obj
                0x10005b4c                tud_cdc_n_write
 .text.tud_cdc_n_write_available
                0x10005b84       0x1c Tablero/CMakeFiles/lavadora.dir/C_/Program_Files/Raspberry_Pi/Pico_SDK_v1.5.1/pico-sdk/lib/tinyusb/src/class/cdc/cdc_device.c.obj
                0x10005b84                tud_cdc_n_write_available
 .text.cdcd_init
                0x10005ba0       0xbc Tablero/CMakeFiles/lavadora.dir/C_/Program_Files/Raspberry_Pi/Pico_SDK_v1.5.1/pico-sdk/lib/tinyusb/src/class/cdc/cdc_device.c.obj
                0x10005ba0                cdcd_init
 .text.cdcd_reset
                0x10005c5c       0x44 Tablero/CMakeFiles/lavadora.dir/C_/Program_Files/Raspberry_Pi/Pico_SDK_v1.5.1/pico-sdk/lib/tinyusb/src/class/cdc/cdc_device.c.obj
                0x10005c5c                cdcd_reset
 .text.cdcd_open
                0x10005ca0       0xcc Tablero/CMakeFiles/lavadora.dir/C_/Program_Files/Raspberry_Pi/Pico_SDK_v1.5.1/pico-sdk/lib/tinyusb/src/class/cdc/cdc_device.c.obj
                0x10005ca0                cdcd_open
 .text.cdcd_control_xfer_cb
                0x10005d6c      0x134 Tablero/CMakeFiles/lavadora.dir/C_/Program_Files/Raspberry_Pi/Pico_SDK_v1.5.1/pico-sdk/lib/tinyusb/src/class/cdc/cdc_device.c.obj
                0x10005d6c                cdcd_control_xfer_cb
 .text.cdcd_xfer_cb
                0x10005ea0      0x130 Tablero/CMakeFiles/lavadora.dir/C_/Program_Files/Raspberry_Pi/Pico_SDK_v1.5.1/pico-sdk/lib/tinyusb/src/class/cdc/cdc_device.c.obj
                0x10005ea0                cdcd_xfer_cb
 .text.tusb_init
                0x10005fd0        0xa Tablero/CMakeFiles/lavadora.dir/C_/Program_Files/Raspberry_Pi/Pico_SDK_v1.5.1/pico-sdk/lib/tinyusb/src/tusb.c.obj
                0x10005fd0                tusb_init
 .text.tusb_inited
                0x10005fda        0xe Tablero/CMakeFiles/lavadora.dir/C_/Program_Files/Raspberry_Pi/Pico_SDK_v1.5.1/pico-sdk/lib/tinyusb/src/tusb.c.obj
                0x10005fda                tusb_inited
 .text.tu_edpt_claim
                0x10005fe8       0x50 Tablero/CMakeFiles/lavadora.dir/C_/Program_Files/Raspberry_Pi/Pico_SDK_v1.5.1/pico-sdk/lib/tinyusb/src/tusb.c.obj
                0x10005fe8                tu_edpt_claim
 .text.tu_edpt_release
                0x10006038       0x3c Tablero/CMakeFiles/lavadora.dir/C_/Program_Files/Raspberry_Pi/Pico_SDK_v1.5.1/pico-sdk/lib/tinyusb/src/tusb.c.obj
                0x10006038                tu_edpt_release
 .text.tu_edpt_validate
                0x10006074       0x78 Tablero/CMakeFiles/lavadora.dir/C_/Program_Files/Raspberry_Pi/Pico_SDK_v1.5.1/pico-sdk/lib/tinyusb/src/tusb.c.obj
                0x10006074                tu_edpt_validate
 .text.tu_edpt_bind_driver
                0x100060ec       0x26 Tablero/CMakeFiles/lavadora.dir/C_/Program_Files/Raspberry_Pi/Pico_SDK_v1.5.1/pico-sdk/lib/tinyusb/src/tusb.c.obj
                0x100060ec                tu_edpt_bind_driver
 .text.advance_index
                0x10006112       0x1a Tablero/CMakeFiles/lavadora.dir/C_/Program_Files/Raspberry_Pi/Pico_SDK_v1.5.1/pico-sdk/lib/tinyusb/src/common/tusb_fifo.c.obj
 .text._tu_fifo_peek
                0x1000612c       0x56 Tablero/CMakeFiles/lavadora.dir/C_/Program_Files/Raspberry_Pi/Pico_SDK_v1.5.1/pico-sdk/lib/tinyusb/src/common/tusb_fifo.c.obj
 .text._ff_pull_const_addr
                0x10006182       0x4c Tablero/CMakeFiles/lavadora.dir/C_/Program_Files/Raspberry_Pi/Pico_SDK_v1.5.1/pico-sdk/lib/tinyusb/src/common/tusb_fifo.c.obj
 .text._ff_pull_n
                0x100061ce      0x110 Tablero/CMakeFiles/lavadora.dir/C_/Program_Files/Raspberry_Pi/Pico_SDK_v1.5.1/pico-sdk/lib/tinyusb/src/common/tusb_fifo.c.obj
 .text._tu_fifo_peek_n
                0x100062de       0x6a Tablero/CMakeFiles/lavadora.dir/C_/Program_Files/Raspberry_Pi/Pico_SDK_v1.5.1/pico-sdk/lib/tinyusb/src/common/tusb_fifo.c.obj
 .text._tu_fifo_read_n
                0x10006348       0x4e Tablero/CMakeFiles/lavadora.dir/C_/Program_Files/Raspberry_Pi/Pico_SDK_v1.5.1/pico-sdk/lib/tinyusb/src/common/tusb_fifo.c.obj
 .text._ff_push_const_addr
                0x10006396       0x40 Tablero/CMakeFiles/lavadora.dir/C_/Program_Files/Raspberry_Pi/Pico_SDK_v1.5.1/pico-sdk/lib/tinyusb/src/common/tusb_fifo.c.obj
 .text._ff_push_n
                0x100063d6      0x10c Tablero/CMakeFiles/lavadora.dir/C_/Program_Files/Raspberry_Pi/Pico_SDK_v1.5.1/pico-sdk/lib/tinyusb/src/common/tusb_fifo.c.obj
 .text._tu_fifo_write_n
                0x100064e2       0xf0 Tablero/CMakeFiles/lavadora.dir/C_/Program_Files/Raspberry_Pi/Pico_SDK_v1.5.1/pico-sdk/lib/tinyusb/src/common/tusb_fifo.c.obj
 .text.tu_fifo_config
                0x100065d2       0x7c Tablero/CMakeFiles/lavadora.dir/C_/Program_Files/Raspberry_Pi/Pico_SDK_v1.5.1/pico-sdk/lib/tinyusb/src/common/tusb_fifo.c.obj
                0x100065d2                tu_fifo_config
 .text.tu_fifo_count
                0x1000664e       0x2a Tablero/CMakeFiles/lavadora.dir/C_/Program_Files/Raspberry_Pi/Pico_SDK_v1.5.1/pico-sdk/lib/tinyusb/src/common/tusb_fifo.c.obj
                0x1000664e                tu_fifo_count
 .text.tu_fifo_empty
                0x10006678       0x10 Tablero/CMakeFiles/lavadora.dir/C_/Program_Files/Raspberry_Pi/Pico_SDK_v1.5.1/pico-sdk/lib/tinyusb/src/common/tusb_fifo.c.obj
                0x10006678                tu_fifo_empty
 .text.tu_fifo_full
                0x10006688       0x28 Tablero/CMakeFiles/lavadora.dir/C_/Program_Files/Raspberry_Pi/Pico_SDK_v1.5.1/pico-sdk/lib/tinyusb/src/common/tusb_fifo.c.obj
                0x10006688                tu_fifo_full
 .text.tu_fifo_remaining
                0x100066b0       0x2c Tablero/CMakeFiles/lavadora.dir/C_/Program_Files/Raspberry_Pi/Pico_SDK_v1.5.1/pico-sdk/lib/tinyusb/src/common/tusb_fifo.c.obj
                0x100066b0                tu_fifo_remaining
 .text.tu_fifo_read
                0x100066dc       0x42 Tablero/CMakeFiles/lavadora.dir/C_/Program_Files/Raspberry_Pi/Pico_SDK_v1.5.1/pico-sdk/lib/tinyusb/src/common/tusb_fifo.c.obj
                0x100066dc                tu_fifo_read
 .text.tu_fifo_read_n
                0x1000671e        0xa Tablero/CMakeFiles/lavadora.dir/C_/Program_Files/Raspberry_Pi/Pico_SDK_v1.5.1/pico-sdk/lib/tinyusb/src/common/tusb_fifo.c.obj
                0x1000671e                tu_fifo_read_n
 .text.tu_fifo_write
                0x10006728       0x64 Tablero/CMakeFiles/lavadora.dir/C_/Program_Files/Raspberry_Pi/Pico_SDK_v1.5.1/pico-sdk/lib/tinyusb/src/common/tusb_fifo.c.obj
                0x10006728                tu_fifo_write
 .text.tu_fifo_write_n
                0x1000678c        0xa Tablero/CMakeFiles/lavadora.dir/C_/Program_Files/Raspberry_Pi/Pico_SDK_v1.5.1/pico-sdk/lib/tinyusb/src/common/tusb_fifo.c.obj
                0x1000678c                tu_fifo_write_n
 .text.tu_fifo_clear
                0x10006796       0x3e Tablero/CMakeFiles/lavadora.dir/C_/Program_Files/Raspberry_Pi/Pico_SDK_v1.5.1/pico-sdk/lib/tinyusb/src/common/tusb_fifo.c.obj
                0x10006796                tu_fifo_clear
 .text.tu_fifo_set_overwritable
                0x100067d4       0x46 Tablero/CMakeFiles/lavadora.dir/C_/Program_Files/Raspberry_Pi/Pico_SDK_v1.5.1/pico-sdk/lib/tinyusb/src/common/tusb_fifo.c.obj
                0x100067d4                tu_fifo_set_overwritable
 *fill*         0x1000681a        0x2 
 .text.strlen   0x1000681c       0x5c c:/progra~1/raspbe~1/picosd~1.1/gcc-ar~1/bin/../lib/gcc/arm-none-eabi/10.3.1/../../../../arm-none-eabi/lib/thumb/v6-m/nofp\libg.a(lib_a-strlen-stub.o)
                0x1000681c                strlen
 *(.fini)
 .fini          0x10006878        0x4 c:/progra~1/raspbe~1/picosd~1.1/gcc-ar~1/bin/../lib/gcc/arm-none-eabi/10.3.1/thumb/v6-m/nofp/crti.o
                0x10006878                _fini
 *fill*         0x1000687c        0x4 
 .fini.__stub   0x10006880       0xe0 linker stubs
 *crtbegin.o(.ctors)
 *crtbegin?.o(.ctors)
 *(EXCLUDE_FILE(*crtend.o *crtend?.o) .ctors)
 *(SORT_BY_NAME(.ctors.*))
 *(.ctors)
 *crtbegin.o(.dtors)
 *crtbegin?.o(.dtors)
 *(EXCLUDE_FILE(*crtend.o *crtend?.o) .dtors)
 *(SORT_BY_NAME(.dtors.*))
 *(.dtors)
 *(.eh_frame*)
 .eh_frame      0x10006960        0x0 c:/progra~1/raspbe~1/picosd~1.1/gcc-ar~1/bin/../lib/gcc/arm-none-eabi/10.3.1/thumb/v6-m/nofp/crtbegin.o
                0x10006960                . = ALIGN (0x4)

.glue_7         0x10006960        0x0
 .glue_7        0x10006960        0x0 linker stubs

.glue_7t        0x10006960        0x0
 .glue_7t       0x10006960        0x0 linker stubs

.vfp11_veneer   0x10006960        0x0
 .vfp11_veneer  0x10006960        0x0 linker stubs

.v4_bx          0x10006960        0x0
 .v4_bx         0x10006960        0x0 linker stubs

.iplt           0x10006960        0x0
 .iplt          0x10006960        0x0 c:/progra~1/raspbe~1/picosd~1.1/gcc-ar~1/bin/../lib/gcc/arm-none-eabi/10.3.1/thumb/v6-m/nofp/crtbegin.o

.rodata         0x10006960     0x18b0
 *(EXCLUDE_FILE(*libm.a: *libc.a:*lib_a-mem*.o *libgcc.a:) .rodata*)
 .rodata.main.str1.4
                0x10006960       0xcc Tablero/CMakeFiles/lavadora.dir/Tablero.c.obj
 .rodata.main   0x10006a2c       0x6c Tablero/CMakeFiles/lavadora.dir/Tablero.c.obj
 .rodata.COL_PINS
                0x10006a98       0x10 Tablero/CMakeFiles/lavadora.dir/__/Teclado/Teclado.c.obj
                0x10006a98                COL_PINS
 .rodata.KEYS   0x10006aa8       0x10 Tablero/CMakeFiles/lavadora.dir/__/Teclado/Teclado.c.obj
                0x10006aa8                KEYS
 .rodata.ROW_PINS
                0x10006ab8       0x10 Tablero/CMakeFiles/lavadora.dir/__/Teclado/Teclado.c.obj
                0x10006ab8                ROW_PINS
 .rodata.spin_lock_claim_unused.str1.4
                0x10006ac8       0x1b Tablero/CMakeFiles/lavadora.dir/C_/Program_Files/Raspberry_Pi/Pico_SDK_v1.5.1/pico-sdk/src/rp2_common/hardware_sync/sync.c.obj
 *fill*         0x10006ae3        0x1 
 .rodata.make_branch.str1.4
                0x10006ae4       0x89 Tablero/CMakeFiles/lavadora.dir/C_/Program_Files/Raspberry_Pi/Pico_SDK_v1.5.1/pico-sdk/src/rp2_common/hardware_irq/irq.c.obj
 *fill*         0x10006b6d        0x3 
 .rodata.insert_branch_and_link.str1.4
                0x10006b70       0x10 Tablero/CMakeFiles/lavadora.dir/C_/Program_Files/Raspberry_Pi/Pico_SDK_v1.5.1/pico-sdk/src/rp2_common/hardware_irq/irq.c.obj
 .rodata.irq_set_exclusive_handler.str1.4
                0x10006b80       0x36 Tablero/CMakeFiles/lavadora.dir/C_/Program_Files/Raspberry_Pi/Pico_SDK_v1.5.1/pico-sdk/src/rp2_common/hardware_irq/irq.c.obj
 *fill*         0x10006bb6        0x2 
 .rodata.irq_add_shared_handler.str1.4
                0x10006bb8       0xd9 Tablero/CMakeFiles/lavadora.dir/C_/Program_Files/Raspberry_Pi/Pico_SDK_v1.5.1/pico-sdk/src/rp2_common/hardware_irq/irq.c.obj
 *fill*         0x10006c91        0x3 
 .rodata.irq_remove_handler.str1.4
                0x10006c94       0x3a Tablero/CMakeFiles/lavadora.dir/C_/Program_Files/Raspberry_Pi/Pico_SDK_v1.5.1/pico-sdk/src/rp2_common/hardware_irq/irq.c.obj
 *fill*         0x10006cce        0x2 
 .rodata.irq_add_tail_to_free_list.str1.4
                0x10006cd0       0x3a Tablero/CMakeFiles/lavadora.dir/C_/Program_Files/Raspberry_Pi/Pico_SDK_v1.5.1/pico-sdk/src/rp2_common/hardware_irq/irq.c.obj
 *fill*         0x10006d0a        0x2 
 .rodata.user_irq_claim_unused.str1.4
                0x10006d0c       0x1b Tablero/CMakeFiles/lavadora.dir/C_/Program_Files/Raspberry_Pi/Pico_SDK_v1.5.1/pico-sdk/src/rp2_common/hardware_irq/irq.c.obj
 *fill*         0x10006d27        0x1 
 .rodata.__func__.0
                0x10006d28       0x1a Tablero/CMakeFiles/lavadora.dir/C_/Program_Files/Raspberry_Pi/Pico_SDK_v1.5.1/pico-sdk/src/rp2_common/hardware_irq/irq.c.obj
 *fill*         0x10006d42        0x2 
 .rodata.__func__.1
                0x10006d44       0x17 Tablero/CMakeFiles/lavadora.dir/C_/Program_Files/Raspberry_Pi/Pico_SDK_v1.5.1/pico-sdk/src/rp2_common/hardware_irq/irq.c.obj
 *fill*         0x10006d5b        0x1 
 .rodata.__func__.2
                0x10006d5c       0x13 Tablero/CMakeFiles/lavadora.dir/C_/Program_Files/Raspberry_Pi/Pico_SDK_v1.5.1/pico-sdk/src/rp2_common/hardware_irq/irq.c.obj
 *fill*         0x10006d6f        0x1 
 .rodata.__func__.3
                0x10006d70        0xc Tablero/CMakeFiles/lavadora.dir/C_/Program_Files/Raspberry_Pi/Pico_SDK_v1.5.1/pico-sdk/src/rp2_common/hardware_irq/irq.c.obj
 .rodata.__func__.4
                0x10006d7c        0xf Tablero/CMakeFiles/lavadora.dir/C_/Program_Files/Raspberry_Pi/Pico_SDK_v1.5.1/pico-sdk/src/rp2_common/hardware_irq/irq.c.obj
 *fill*         0x10006d8b        0x1 
 .rodata.__func__.5
                0x10006d8c       0x17 Tablero/CMakeFiles/lavadora.dir/C_/Program_Files/Raspberry_Pi/Pico_SDK_v1.5.1/pico-sdk/src/rp2_common/hardware_irq/irq.c.obj
 *fill*         0x10006da3        0x1 
 .rodata.__func__.6
                0x10006da4       0x1a Tablero/CMakeFiles/lavadora.dir/C_/Program_Files/Raspberry_Pi/Pico_SDK_v1.5.1/pico-sdk/src/rp2_common/hardware_irq/irq.c.obj
 *fill*         0x10006dbe        0x2 
 .rodata.str1.4
                0x10006dc0      0x125 Tablero/CMakeFiles/lavadora.dir/C_/Program_Files/Raspberry_Pi/Pico_SDK_v1.5.1/pico-sdk/src/common/pico_sync/mutex.c.obj
 *fill*         0x10006ee5        0x3 
 .rodata.__func__.1
                0x10006ee8        0xb Tablero/CMakeFiles/lavadora.dir/C_/Program_Files/Raspberry_Pi/Pico_SDK_v1.5.1/pico-sdk/src/common/pico_sync/mutex.c.obj
 *fill*         0x10006ef3        0x1 
 .rodata.__func__.3
                0x10006ef4       0x18 Tablero/CMakeFiles/lavadora.dir/C_/Program_Files/Raspberry_Pi/Pico_SDK_v1.5.1/pico-sdk/src/common/pico_sync/mutex.c.obj
 .rodata.__func__.4
                0x10006f0c       0x15 Tablero/CMakeFiles/lavadora.dir/C_/Program_Files/Raspberry_Pi/Pico_SDK_v1.5.1/pico-sdk/src/common/pico_sync/mutex.c.obj
 *fill*         0x10006f21        0x3 
 .rodata.repeating_timer_callback.str1.4
                0x10006f24       0x67 Tablero/CMakeFiles/lavadora.dir/C_/Program_Files/Raspberry_Pi/Pico_SDK_v1.5.1/pico-sdk/src/common/pico_time/time.c.obj
 *fill*         0x10006f8b        0x1 
 .rodata.timer_pool_entry_comparator.str1.4
                0x10006f8c       0x22 Tablero/CMakeFiles/lavadora.dir/C_/Program_Files/Raspberry_Pi/Pico_SDK_v1.5.1/pico-sdk/src/common/pico_time/time.c.obj
 *fill*         0x10006fae        0x2 
 .rodata.ph_add_child_node.str1.4
                0x10006fb0       0xb2 Tablero/CMakeFiles/lavadora.dir/C_/Program_Files/Raspberry_Pi/Pico_SDK_v1.5.1/pico-sdk/src/common/pico_time/time.c.obj
 *fill*         0x10007062        0x2 
 .rodata.add_alarm_under_lock.str1.4
                0x10007064       0x28 Tablero/CMakeFiles/lavadora.dir/C_/Program_Files/Raspberry_Pi/Pico_SDK_v1.5.1/pico-sdk/src/common/pico_time/time.c.obj
                                 0x2b (size before relaxing)
 .rodata.alarm_pool_alarm_callback.str1.4
                0x1000708c       0x98 Tablero/CMakeFiles/lavadora.dir/C_/Program_Files/Raspberry_Pi/Pico_SDK_v1.5.1/pico-sdk/src/common/pico_time/time.c.obj
                                0x118 (size before relaxing)
 .rodata.alarm_pool_get_default.str1.4
                0x10007124       0x21 Tablero/CMakeFiles/lavadora.dir/C_/Program_Files/Raspberry_Pi/Pico_SDK_v1.5.1/pico-sdk/src/common/pico_time/time.c.obj
 *fill*         0x10007145        0x3 
 .rodata.alarm_pool_cancel_alarm.str1.4
                0x10007148       0x27 Tablero/CMakeFiles/lavadora.dir/C_/Program_Files/Raspberry_Pi/Pico_SDK_v1.5.1/pico-sdk/src/common/pico_time/time.c.obj
 *fill*         0x1000716f        0x1 
 .rodata.sleep_until.str1.4
                0x10007170       0x4d Tablero/CMakeFiles/lavadora.dir/C_/Program_Files/Raspberry_Pi/Pico_SDK_v1.5.1/pico-sdk/src/common/pico_time/time.c.obj
 *fill*         0x100071bd        0x3 
 .rodata.__func__.1
                0x100071c0       0x18 Tablero/CMakeFiles/lavadora.dir/C_/Program_Files/Raspberry_Pi/Pico_SDK_v1.5.1/pico-sdk/src/common/pico_time/time.c.obj
 .rodata.__func__.10
                0x100071d8       0x15 Tablero/CMakeFiles/lavadora.dir/C_/Program_Files/Raspberry_Pi/Pico_SDK_v1.5.1/pico-sdk/src/common/pico_time/time.c.obj
 *fill*         0x100071ed        0x3 
 .rodata.__func__.11
                0x100071f0       0x1a Tablero/CMakeFiles/lavadora.dir/C_/Program_Files/Raspberry_Pi/Pico_SDK_v1.5.1/pico-sdk/src/common/pico_time/time.c.obj
 *fill*         0x1000720a        0x2 
 .rodata.__func__.12
                0x1000720c        0xa Tablero/CMakeFiles/lavadora.dir/C_/Program_Files/Raspberry_Pi/Pico_SDK_v1.5.1/pico-sdk/src/common/pico_time/time.c.obj
 *fill*         0x10007216        0x2 
 .rodata.__func__.3
                0x10007218       0x17 Tablero/CMakeFiles/lavadora.dir/C_/Program_Files/Raspberry_Pi/Pico_SDK_v1.5.1/pico-sdk/src/common/pico_time/time.c.obj
 *fill*         0x1000722f        0x1 
 .rodata.__func__.4
                0x10007230       0x12 Tablero/CMakeFiles/lavadora.dir/C_/Program_Files/Raspberry_Pi/Pico_SDK_v1.5.1/pico-sdk/src/common/pico_time/time.c.obj
 *fill*         0x10007242        0x2 
 .rodata.__func__.5
                0x10007244        0xd Tablero/CMakeFiles/lavadora.dir/C_/Program_Files/Raspberry_Pi/Pico_SDK_v1.5.1/pico-sdk/src/common/pico_time/time.c.obj
 *fill*         0x10007251        0x3 
 .rodata.__func__.6
                0x10007254       0x12 Tablero/CMakeFiles/lavadora.dir/C_/Program_Files/Raspberry_Pi/Pico_SDK_v1.5.1/pico-sdk/src/common/pico_time/time.c.obj
 *fill*         0x10007266        0x2 
 .rodata.__func__.7
                0x10007268        0xf Tablero/CMakeFiles/lavadora.dir/C_/Program_Files/Raspberry_Pi/Pico_SDK_v1.5.1/pico-sdk/src/common/pico_time/time.c.obj
 *fill*         0x10007277        0x1 
 .rodata.__func__.8
                0x10007278        0xc Tablero/CMakeFiles/lavadora.dir/C_/Program_Files/Raspberry_Pi/Pico_SDK_v1.5.1/pico-sdk/src/common/pico_time/time.c.obj
 .rodata.__func__.9
                0x10007284       0x15 Tablero/CMakeFiles/lavadora.dir/C_/Program_Files/Raspberry_Pi/Pico_SDK_v1.5.1/pico-sdk/src/common/pico_time/time.c.obj
 *fill*         0x10007299        0x3 
 .rodata.hardware_alarm_claim.str1.4
                0x1000729c       0x22 Tablero/CMakeFiles/lavadora.dir/C_/Program_Files/Raspberry_Pi/Pico_SDK_v1.5.1/pico-sdk/src/rp2_common/hardware_timer/timer.c.obj
 *fill*         0x100072be        0x2 
 .rodata.hardware_alarm_set_target.str1.4
                0x100072c0       0x81 Tablero/CMakeFiles/lavadora.dir/C_/Program_Files/Raspberry_Pi/Pico_SDK_v1.5.1/pico-sdk/src/rp2_common/hardware_timer/timer.c.obj
 *fill*         0x10007341        0x3 
 .rodata.__func__.0
                0x10007344       0x1a Tablero/CMakeFiles/lavadora.dir/C_/Program_Files/Raspberry_Pi/Pico_SDK_v1.5.1/pico-sdk/src/rp2_common/hardware_timer/timer.c.obj
 .rodata.ph_add_child_node.str1.4
                0x1000735e       0xb2 Tablero/CMakeFiles/lavadora.dir/C_/Program_Files/Raspberry_Pi/Pico_SDK_v1.5.1/pico-sdk/src/common/pico_util/pheap.c.obj
 *fill*         0x1000735e        0x2 
 .rodata.ph_remove_any_head.str1.4
                0x10007360       0xa8 Tablero/CMakeFiles/lavadora.dir/C_/Program_Files/Raspberry_Pi/Pico_SDK_v1.5.1/pico-sdk/src/common/pico_util/pheap.c.obj
                                 0xbc (size before relaxing)
 .rodata.ph_remove_and_free_node.str1.4
                0x10007408       0x1e Tablero/CMakeFiles/lavadora.dir/C_/Program_Files/Raspberry_Pi/Pico_SDK_v1.5.1/pico-sdk/src/common/pico_util/pheap.c.obj
                                 0x26 (size before relaxing)
 *fill*         0x10007426        0x2 
 .rodata.__func__.0
                0x10007428       0x18 Tablero/CMakeFiles/lavadora.dir/C_/Program_Files/Raspberry_Pi/Pico_SDK_v1.5.1/pico-sdk/src/common/pico_util/pheap.c.obj
 .rodata.__func__.1
                0x10007440       0x13 Tablero/CMakeFiles/lavadora.dir/C_/Program_Files/Raspberry_Pi/Pico_SDK_v1.5.1/pico-sdk/src/common/pico_util/pheap.c.obj
 *fill*         0x10007453        0x1 
 .rodata.__func__.2
                0x10007454       0x12 Tablero/CMakeFiles/lavadora.dir/C_/Program_Files/Raspberry_Pi/Pico_SDK_v1.5.1/pico-sdk/src/common/pico_util/pheap.c.obj
 *fill*         0x10007466        0x2 
 .rodata.__func__.3
                0x10007468        0xc Tablero/CMakeFiles/lavadora.dir/C_/Program_Files/Raspberry_Pi/Pico_SDK_v1.5.1/pico-sdk/src/common/pico_util/pheap.c.obj
 .rodata.clock_configure.str1.4
                0x10007474       0x73 Tablero/CMakeFiles/lavadora.dir/C_/Program_Files/Raspberry_Pi/Pico_SDK_v1.5.1/pico-sdk/src/rp2_common/hardware_clocks/clocks.c.obj
 *fill*         0x100074e7        0x1 
 .rodata.__func__.1
                0x100074e8       0x10 Tablero/CMakeFiles/lavadora.dir/C_/Program_Files/Raspberry_Pi/Pico_SDK_v1.5.1/pico-sdk/src/rp2_common/hardware_clocks/clocks.c.obj
 .rodata.pll_init.str1.4
                0x100074f8      0x140 Tablero/CMakeFiles/lavadora.dir/C_/Program_Files/Raspberry_Pi/Pico_SDK_v1.5.1/pico-sdk/src/rp2_common/hardware_pll/pll.c.obj
 .rodata.__func__.0
                0x10007638        0x9 Tablero/CMakeFiles/lavadora.dir/C_/Program_Files/Raspberry_Pi/Pico_SDK_v1.5.1/pico-sdk/src/rp2_common/hardware_pll/pll.c.obj
 *fill*         0x10007641        0x3 
 .rodata.__assert_func.str1.4
                0x10007644       0x3f Tablero/CMakeFiles/lavadora.dir/C_/Program_Files/Raspberry_Pi/Pico_SDK_v1.5.1/pico-sdk/src/rp2_common/pico_runtime/runtime.c.obj
                                 0x43 (size before relaxing)
 *fill*         0x10007683        0x1 
 .rodata.runtime_init.str1.4
                0x10007684       0x7d Tablero/CMakeFiles/lavadora.dir/C_/Program_Files/Raspberry_Pi/Pico_SDK_v1.5.1/pico-sdk/src/rp2_common/pico_runtime/runtime.c.obj
 *fill*         0x10007701        0x3 
 .rodata.panic.str1.4
                0x10007704       0x12 Tablero/CMakeFiles/lavadora.dir/C_/Program_Files/Raspberry_Pi/Pico_SDK_v1.5.1/pico-sdk/src/rp2_common/pico_runtime/runtime.c.obj
 *fill*         0x10007716        0x2 
 .rodata.__func__.2
                0x10007718        0xd Tablero/CMakeFiles/lavadora.dir/C_/Program_Files/Raspberry_Pi/Pico_SDK_v1.5.1/pico-sdk/src/rp2_common/pico_runtime/runtime.c.obj
 *fill*         0x10007725        0x3 
 .rodata._ftoa.str1.4
                0x10007728       0x15 Tablero/CMakeFiles/lavadora.dir/C_/Program_Files/Raspberry_Pi/Pico_SDK_v1.5.1/pico-sdk/src/rp2_common/pico_printf/printf.c.obj
 *fill*         0x1000773d        0x3 
 .rodata._vsnprintf
                0x10007740      0x1e0 Tablero/CMakeFiles/lavadora.dir/C_/Program_Files/Raspberry_Pi/Pico_SDK_v1.5.1/pico-sdk/src/rp2_common/pico_printf/printf.c.obj
 .rodata.pow10.0
                0x10007920       0x50 Tablero/CMakeFiles/lavadora.dir/C_/Program_Files/Raspberry_Pi/Pico_SDK_v1.5.1/pico-sdk/src/rp2_common/pico_printf/printf.c.obj
 .rodata.missing_double_func_shim.str1.4
                0x10007970       0x18 Tablero/CMakeFiles/lavadora.dir/C_/Program_Files/Raspberry_Pi/Pico_SDK_v1.5.1/pico-sdk/src/rp2_common/pico_double/double_init_rom.c.obj
 .rodata.__aeabi_double_init.str1.4
                0x10007988       0xb8 Tablero/CMakeFiles/lavadora.dir/C_/Program_Files/Raspberry_Pi/Pico_SDK_v1.5.1/pico-sdk/src/rp2_common/pico_double/double_init_rom.c.obj
 .rodata.__func__.0
                0x10007a40       0x14 Tablero/CMakeFiles/lavadora.dir/C_/Program_Files/Raspberry_Pi/Pico_SDK_v1.5.1/pico-sdk/src/rp2_common/pico_double/double_init_rom.c.obj
 .rodata.missing_float_func_shim.str1.4
                0x10007a54        0x1 Tablero/CMakeFiles/lavadora.dir/C_/Program_Files/Raspberry_Pi/Pico_SDK_v1.5.1/pico-sdk/src/rp2_common/pico_float/float_init_rom.c.obj
 .rodata.__aeabi_float_init.str1.4
                0x10007a54       0x96 Tablero/CMakeFiles/lavadora.dir/C_/Program_Files/Raspberry_Pi/Pico_SDK_v1.5.1/pico-sdk/src/rp2_common/pico_float/float_init_rom.c.obj
 *fill*         0x10007aea        0x2 
 .rodata.__func__.0
                0x10007aec       0x13 Tablero/CMakeFiles/lavadora.dir/C_/Program_Files/Raspberry_Pi/Pico_SDK_v1.5.1/pico-sdk/src/rp2_common/pico_float/float_init_rom.c.obj
 *fill*         0x10007aff        0x1 
 .rodata.str1.4
                0x10007b00       0x40 Tablero/CMakeFiles/lavadora.dir/C_/Program_Files/Raspberry_Pi/Pico_SDK_v1.5.1/pico-sdk/src/rp2_common/pico_standard_link/binary_info.c.obj
 .rodata.__bi_44
                0x10007b40        0xc Tablero/CMakeFiles/lavadora.dir/C_/Program_Files/Raspberry_Pi/Pico_SDK_v1.5.1/pico-sdk/src/rp2_common/pico_standard_link/binary_info.c.obj
 .rodata.__bi_75
                0x10007b4c        0xc Tablero/CMakeFiles/lavadora.dir/C_/Program_Files/Raspberry_Pi/Pico_SDK_v1.5.1/pico-sdk/src/rp2_common/pico_standard_link/binary_info.c.obj
 .rodata.__bi_81
                0x10007b58        0xc Tablero/CMakeFiles/lavadora.dir/C_/Program_Files/Raspberry_Pi/Pico_SDK_v1.5.1/pico-sdk/src/rp2_common/pico_standard_link/binary_info.c.obj
 .rodata.stdout_serialize_begin.str1.4
                0x10007b64       0x7d Tablero/CMakeFiles/lavadora.dir/C_/Program_Files/Raspberry_Pi/Pico_SDK_v1.5.1/pico-sdk/src/rp2_common/pico_stdio/stdio.c.obj
 .rodata.__func__.3
                0x10007b64       0x15 Tablero/CMakeFiles/lavadora.dir/C_/Program_Files/Raspberry_Pi/Pico_SDK_v1.5.1/pico-sdk/src/rp2_common/pico_stdio/stdio.c.obj
 *fill*         0x10007b79        0x3 
 .rodata.crlf_str.2
                0x10007b7c        0x2 Tablero/CMakeFiles/lavadora.dir/C_/Program_Files/Raspberry_Pi/Pico_SDK_v1.5.1/pico-sdk/src/rp2_common/pico_stdio/stdio.c.obj
 *fill*         0x10007b7e        0x2 
 .rodata._resetd_driver
                0x10007b80       0x18 Tablero/CMakeFiles/lavadora.dir/C_/Program_Files/Raspberry_Pi/Pico_SDK_v1.5.1/pico-sdk/src/rp2_common/pico_stdio_usb/reset_interface.c.obj
 .rodata.low_priority_worker_irq.str1.4
                0x10007b98       0x7d Tablero/CMakeFiles/lavadora.dir/C_/Program_Files/Raspberry_Pi/Pico_SDK_v1.5.1/pico-sdk/src/rp2_common/pico_stdio_usb/stdio_usb.c.obj
 .rodata.stdio_usb_init.str1.4
                0x10007b98       0x61 Tablero/CMakeFiles/lavadora.dir/C_/Program_Files/Raspberry_Pi/Pico_SDK_v1.5.1/pico-sdk/src/rp2_common/pico_stdio_usb/stdio_usb.c.obj
                                 0x69 (size before relaxing)
 *fill*         0x10007bf9        0x3 
 .rodata.str1.4
                0x10007bfc       0x13 Tablero/CMakeFiles/lavadora.dir/C_/Program_Files/Raspberry_Pi/Pico_SDK_v1.5.1/pico-sdk/src/rp2_common/pico_stdio_usb/stdio_usb.c.obj
 *fill*         0x10007c0f        0x1 
 .rodata.__bi_182.0
                0x10007c10        0xc Tablero/CMakeFiles/lavadora.dir/C_/Program_Files/Raspberry_Pi/Pico_SDK_v1.5.1/pico-sdk/src/rp2_common/pico_stdio_usb/stdio_usb.c.obj
 .rodata.__func__.1
                0x10007c1c        0xf Tablero/CMakeFiles/lavadora.dir/C_/Program_Files/Raspberry_Pi/Pico_SDK_v1.5.1/pico-sdk/src/rp2_common/pico_stdio_usb/stdio_usb.c.obj
 *fill*         0x10007c2b        0x1 
 .rodata.__func__.3
                0x10007c2c       0x15 Tablero/CMakeFiles/lavadora.dir/C_/Program_Files/Raspberry_Pi/Pico_SDK_v1.5.1/pico-sdk/src/rp2_common/pico_stdio_usb/stdio_usb.c.obj
 *fill*         0x10007c41        0x3 
 .rodata.str1.4
                0x10007c44       0x2a Tablero/CMakeFiles/lavadora.dir/C_/Program_Files/Raspberry_Pi/Pico_SDK_v1.5.1/pico-sdk/src/rp2_common/pico_stdio_usb/stdio_usb_descriptors.c.obj
 *fill*         0x10007c6e        0x2 
 .rodata.usbd_desc_cfg
                0x10007c70       0x54 Tablero/CMakeFiles/lavadora.dir/C_/Program_Files/Raspberry_Pi/Pico_SDK_v1.5.1/pico-sdk/src/rp2_common/pico_stdio_usb/stdio_usb_descriptors.c.obj
 .rodata.usbd_desc_device
                0x10007cc4       0x12 Tablero/CMakeFiles/lavadora.dir/C_/Program_Files/Raspberry_Pi/Pico_SDK_v1.5.1/pico-sdk/src/rp2_common/pico_stdio_usb/stdio_usb_descriptors.c.obj
 *fill*         0x10007cd6        0x2 
 .rodata.usbd_desc_str
                0x10007cd8       0x18 Tablero/CMakeFiles/lavadora.dir/C_/Program_Files/Raspberry_Pi/Pico_SDK_v1.5.1/pico-sdk/src/rp2_common/pico_stdio_usb/stdio_usb_descriptors.c.obj
 .rodata.pico_get_unique_board_id_string.str1.4
                0x10007cf0       0x69 Tablero/CMakeFiles/lavadora.dir/C_/Program_Files/Raspberry_Pi/Pico_SDK_v1.5.1/pico-sdk/src/rp2_common/pico_unique_id/unique_id.c.obj
 *fill*         0x10007d59        0x3 
 .rodata.__func__.0
                0x10007d5c       0x20 Tablero/CMakeFiles/lavadora.dir/C_/Program_Files/Raspberry_Pi/Pico_SDK_v1.5.1/pico-sdk/src/rp2_common/pico_unique_id/unique_id.c.obj
 .rodata.str1.4
                0x10007d7c      0x176 Tablero/CMakeFiles/lavadora.dir/C_/Program_Files/Raspberry_Pi/Pico_SDK_v1.5.1/pico-sdk/src/rp2_common/hardware_flash/flash.c.obj
 *fill*         0x10007ef2        0x2 
 .rodata.__func__.0
                0x10007ef4        0xd Tablero/CMakeFiles/lavadora.dir/C_/Program_Files/Raspberry_Pi/Pico_SDK_v1.5.1/pico-sdk/src/rp2_common/hardware_flash/flash.c.obj
 *fill*         0x10007f01        0x3 
 .rodata._hw_endpoint_alloc.str1.4
                0x10007f04       0xd1 Tablero/CMakeFiles/lavadora.dir/C_/Program_Files/Raspberry_Pi/Pico_SDK_v1.5.1/pico-sdk/lib/tinyusb/src/portable/raspberrypi/rp2040/dcd_rp2040.c.obj
 *fill*         0x10007fd5        0x3 
 .rodata.str1.4
                0x10007fd8       0x14 Tablero/CMakeFiles/lavadora.dir/C_/Program_Files/Raspberry_Pi/Pico_SDK_v1.5.1/pico-sdk/lib/tinyusb/src/portable/raspberrypi/rp2040/dcd_rp2040.c.obj
 .rodata.dcd_int_enable.str1.4
                0x10007fec        0xc Tablero/CMakeFiles/lavadora.dir/C_/Program_Files/Raspberry_Pi/Pico_SDK_v1.5.1/pico-sdk/lib/tinyusb/src/portable/raspberrypi/rp2040/dcd_rp2040.c.obj
 .rodata.__func__.0
                0x10007ff8        0xe Tablero/CMakeFiles/lavadora.dir/C_/Program_Files/Raspberry_Pi/Pico_SDK_v1.5.1/pico-sdk/lib/tinyusb/src/portable/raspberrypi/rp2040/dcd_rp2040.c.obj
 *fill*         0x10008006        0x2 
 .rodata.__func__.1
                0x10008008        0xe Tablero/CMakeFiles/lavadora.dir/C_/Program_Files/Raspberry_Pi/Pico_SDK_v1.5.1/pico-sdk/lib/tinyusb/src/portable/raspberrypi/rp2040/dcd_rp2040.c.obj
 *fill*         0x10008016        0x2 
 .rodata.__func__.3
                0x10008018       0x10 Tablero/CMakeFiles/lavadora.dir/C_/Program_Files/Raspberry_Pi/Pico_SDK_v1.5.1/pico-sdk/lib/tinyusb/src/portable/raspberrypi/rp2040/dcd_rp2040.c.obj
 .rodata.__func__.5
                0x10008028        0xf Tablero/CMakeFiles/lavadora.dir/C_/Program_Files/Raspberry_Pi/Pico_SDK_v1.5.1/pico-sdk/lib/tinyusb/src/portable/raspberrypi/rp2040/dcd_rp2040.c.obj
 *fill*         0x10008037        0x1 
 .rodata.__func__.6
                0x10008038       0x13 Tablero/CMakeFiles/lavadora.dir/C_/Program_Files/Raspberry_Pi/Pico_SDK_v1.5.1/pico-sdk/lib/tinyusb/src/portable/raspberrypi/rp2040/dcd_rp2040.c.obj
 *fill*         0x1000804b        0x1 
 .rodata.__func__.7
                0x1000804c        0x9 Tablero/CMakeFiles/lavadora.dir/C_/Program_Files/Raspberry_Pi/Pico_SDK_v1.5.1/pico-sdk/lib/tinyusb/src/portable/raspberrypi/rp2040/dcd_rp2040.c.obj
 *fill*         0x10008055        0x3 
 .rodata.str1.4
                0x10008058      0x103 Tablero/CMakeFiles/lavadora.dir/C_/Program_Files/Raspberry_Pi/Pico_SDK_v1.5.1/pico-sdk/lib/tinyusb/src/portable/raspberrypi/rp2040/rp2040_usb.c.obj
 *fill*         0x1000815b        0x1 
 .rodata.__func__.0
                0x1000815c        0xf Tablero/CMakeFiles/lavadora.dir/C_/Program_Files/Raspberry_Pi/Pico_SDK_v1.5.1/pico-sdk/lib/tinyusb/src/portable/raspberrypi/rp2040/rp2040_usb.c.obj
 *fill*         0x1000816b        0x1 
 .rodata.process_get_descriptor
                0x1000816c       0x40 Tablero/CMakeFiles/lavadora.dir/C_/Program_Files/Raspberry_Pi/Pico_SDK_v1.5.1/pico-sdk/lib/tinyusb/src/device/usbd.c.obj
 .rodata.process_control_request
                0x100081ac       0x28 Tablero/CMakeFiles/lavadora.dir/C_/Program_Files/Raspberry_Pi/Pico_SDK_v1.5.1/pico-sdk/lib/tinyusb/src/device/usbd.c.obj
 .rodata.tud_task_ext
                0x100081d4       0x24 Tablero/CMakeFiles/lavadora.dir/C_/Program_Files/Raspberry_Pi/Pico_SDK_v1.5.1/pico-sdk/lib/tinyusb/src/device/usbd.c.obj
 .rodata._usbd_driver
                0x100081f8       0x18 Tablero/CMakeFiles/lavadora.dir/C_/Program_Files/Raspberry_Pi/Pico_SDK_v1.5.1/pico-sdk/lib/tinyusb/src/device/usbd.c.obj
                0x10008210                . = ALIGN (0x4)
 *(SORT_BY_ALIGNMENT(SORT_BY_NAME(.flashdata*)))
                0x10008210                . = ALIGN (0x4)

.ARM.extab
 *(.ARM.extab* .gnu.linkonce.armextab.*)
                0x10008210                __exidx_start = .

.ARM.exidx
 *(.ARM.exidx* .gnu.linkonce.armexidx.*)
                0x10008210                __exidx_end = .
                0x10008210                . = ALIGN (0x4)
                0x10008210                __binary_info_start = .

.binary_info    0x10008210       0x20
 *(.binary_info.keep.*)
 .binary_info.keep.__bi_ptr22
                0x10008210        0x4 Tablero/CMakeFiles/lavadora.dir/C_/Program_Files/Raspberry_Pi/Pico_SDK_v1.5.1/pico-sdk/src/rp2_common/pico_standard_link/binary_info.c.obj
 .binary_info.keep.__bi_ptr30
                0x10008214        0x4 Tablero/CMakeFiles/lavadora.dir/C_/Program_Files/Raspberry_Pi/Pico_SDK_v1.5.1/pico-sdk/src/rp2_common/pico_standard_link/binary_info.c.obj
 .binary_info.keep.__bi_ptr38
                0x10008218        0x4 Tablero/CMakeFiles/lavadora.dir/C_/Program_Files/Raspberry_Pi/Pico_SDK_v1.5.1/pico-sdk/src/rp2_common/pico_standard_link/binary_info.c.obj
 .binary_info.keep.__bi_ptr44
                0x1000821c        0x4 Tablero/CMakeFiles/lavadora.dir/C_/Program_Files/Raspberry_Pi/Pico_SDK_v1.5.1/pico-sdk/src/rp2_common/pico_standard_link/binary_info.c.obj
 .binary_info.keep.__bi_ptr50
                0x10008220        0x4 Tablero/CMakeFiles/lavadora.dir/C_/Program_Files/Raspberry_Pi/Pico_SDK_v1.5.1/pico-sdk/src/rp2_common/pico_standard_link/binary_info.c.obj
 .binary_info.keep.__bi_ptr75
                0x10008224        0x4 Tablero/CMakeFiles/lavadora.dir/C_/Program_Files/Raspberry_Pi/Pico_SDK_v1.5.1/pico-sdk/src/rp2_common/pico_standard_link/binary_info.c.obj
 .binary_info.keep.__bi_ptr81
                0x10008228        0x4 Tablero/CMakeFiles/lavadora.dir/C_/Program_Files/Raspberry_Pi/Pico_SDK_v1.5.1/pico-sdk/src/rp2_common/pico_standard_link/binary_info.c.obj
 *(.binary_info.*)
 .binary_info.__bi_ptr182
                0x1000822c        0x4 Tablero/CMakeFiles/lavadora.dir/C_/Program_Files/Raspberry_Pi/Pico_SDK_v1.5.1/pico-sdk/src/rp2_common/pico_stdio_usb/stdio_usb.c.obj
                0x10008230                __binary_info_end = .

.rel.dyn        0x10008230        0x0
 .rel.iplt      0x10008230        0x0 c:/progra~1/raspbe~1/picosd~1.1/gcc-ar~1/bin/../lib/gcc/arm-none-eabi/10.3.1/thumb/v6-m/nofp/crtbegin.o
                0x10008230                . = ALIGN (0x4)

.ram_vector_table
                0x20000000       0xc0
 *(.ram_vector_table)
 .ram_vector_table
                0x20000000       0xc0 Tablero/CMakeFiles/lavadora.dir/C_/Program_Files/Raspberry_Pi/Pico_SDK_v1.5.1/pico-sdk/src/rp2_common/pico_runtime/runtime.c.obj
                0x20000000                ram_vector_table

.data           0x200000c0      0xbf0 load address 0x10008230
                0x200000c0                __data_start__ = .
 *(vtable)
 *(.time_critical*)
 .time_critical.mutex_try_enter
                0x200000c0       0x46 Tablero/CMakeFiles/lavadora.dir/C_/Program_Files/Raspberry_Pi/Pico_SDK_v1.5.1/pico-sdk/src/common/pico_sync/mutex.c.obj
                0x200000c0                mutex_try_enter
 *fill*         0x20000106        0x2 
 .time_critical.mutex_enter_block_until
                0x20000108       0x8c Tablero/CMakeFiles/lavadora.dir/C_/Program_Files/Raspberry_Pi/Pico_SDK_v1.5.1/pico-sdk/src/common/pico_sync/mutex.c.obj
                0x20000108                mutex_enter_block_until
 .time_critical.mutex_try_enter_block_until
                0x20000194       0x34 Tablero/CMakeFiles/lavadora.dir/C_/Program_Files/Raspberry_Pi/Pico_SDK_v1.5.1/pico-sdk/src/common/pico_sync/mutex.c.obj
                0x20000194                mutex_try_enter_block_until
 .time_critical.mutex_enter_timeout_ms
                0x200001c8       0x68 Tablero/CMakeFiles/lavadora.dir/C_/Program_Files/Raspberry_Pi/Pico_SDK_v1.5.1/pico-sdk/src/common/pico_sync/mutex.c.obj
                0x200001c8                mutex_enter_timeout_ms
 .time_critical.mutex_exit
                0x20000230       0x4c Tablero/CMakeFiles/lavadora.dir/C_/Program_Files/Raspberry_Pi/Pico_SDK_v1.5.1/pico-sdk/src/common/pico_sync/mutex.c.obj
                0x20000230                mutex_exit
 .time_critical.flash_init_boot2_copyout
                0x2000027c       0x30 Tablero/CMakeFiles/lavadora.dir/C_/Program_Files/Raspberry_Pi/Pico_SDK_v1.5.1/pico-sdk/src/rp2_common/hardware_flash/flash.c.obj
 .time_critical.flash_enable_xip_via_boot2
                0x200002ac       0x10 Tablero/CMakeFiles/lavadora.dir/C_/Program_Files/Raspberry_Pi/Pico_SDK_v1.5.1/pico-sdk/src/rp2_common/hardware_flash/flash.c.obj
 .time_critical.flash_cs_force
                0x200002bc       0x28 Tablero/CMakeFiles/lavadora.dir/C_/Program_Files/Raspberry_Pi/Pico_SDK_v1.5.1/pico-sdk/src/rp2_common/hardware_flash/flash.c.obj
 .time_critical.flash_do_cmd
                0x200002e4       0xd8 Tablero/CMakeFiles/lavadora.dir/C_/Program_Files/Raspberry_Pi/Pico_SDK_v1.5.1/pico-sdk/src/rp2_common/hardware_flash/flash.c.obj
                0x200002e4                flash_do_cmd
 .time_critical.reset_non_control_endpoints
                0x200003bc       0x40 Tablero/CMakeFiles/lavadora.dir/C_/Program_Files/Raspberry_Pi/Pico_SDK_v1.5.1/pico-sdk/lib/tinyusb/src/portable/raspberrypi/rp2040/dcd_rp2040.c.obj
 .time_critical.hw_handle_buff_status
                0x200003fc       0xa4 Tablero/CMakeFiles/lavadora.dir/C_/Program_Files/Raspberry_Pi/Pico_SDK_v1.5.1/pico-sdk/lib/tinyusb/src/portable/raspberrypi/rp2040/dcd_rp2040.c.obj
 .time_critical.dcd_rp2040_irq
                0x200004a0      0x1cc Tablero/CMakeFiles/lavadora.dir/C_/Program_Files/Raspberry_Pi/Pico_SDK_v1.5.1/pico-sdk/lib/tinyusb/src/portable/raspberrypi/rp2040/dcd_rp2040.c.obj
 .time_critical.e15_is_bulkin_ep
                0x2000066c       0x2c Tablero/CMakeFiles/lavadora.dir/C_/Program_Files/Raspberry_Pi/Pico_SDK_v1.5.1/pico-sdk/lib/tinyusb/src/portable/raspberrypi/rp2040/rp2040_usb.c.obj
 .time_critical.e15_is_critical_frame_period
                0x20000698       0x30 Tablero/CMakeFiles/lavadora.dir/C_/Program_Files/Raspberry_Pi/Pico_SDK_v1.5.1/pico-sdk/lib/tinyusb/src/portable/raspberrypi/rp2040/rp2040_usb.c.obj
 .time_critical.prepare_ep_buffer
                0x200006c8       0x70 Tablero/CMakeFiles/lavadora.dir/C_/Program_Files/Raspberry_Pi/Pico_SDK_v1.5.1/pico-sdk/lib/tinyusb/src/portable/raspberrypi/rp2040/rp2040_usb.c.obj
 .time_critical.sync_ep_buffer
                0x20000738       0x80 Tablero/CMakeFiles/lavadora.dir/C_/Program_Files/Raspberry_Pi/Pico_SDK_v1.5.1/pico-sdk/lib/tinyusb/src/portable/raspberrypi/rp2040/rp2040_usb.c.obj
 .time_critical._hw_endpoint_xfer_sync
                0x200007b8       0x28 Tablero/CMakeFiles/lavadora.dir/C_/Program_Files/Raspberry_Pi/Pico_SDK_v1.5.1/pico-sdk/lib/tinyusb/src/portable/raspberrypi/rp2040/rp2040_usb.c.obj
 .time_critical.hw_endpoint_reset_transfer
                0x200007e0        0xc Tablero/CMakeFiles/lavadora.dir/C_/Program_Files/Raspberry_Pi/Pico_SDK_v1.5.1/pico-sdk/lib/tinyusb/src/portable/raspberrypi/rp2040/rp2040_usb.c.obj
                0x200007e0                hw_endpoint_reset_transfer
 .time_critical._hw_endpoint_buffer_control_update32
                0x200007ec       0x58 Tablero/CMakeFiles/lavadora.dir/C_/Program_Files/Raspberry_Pi/Pico_SDK_v1.5.1/pico-sdk/lib/tinyusb/src/portable/raspberrypi/rp2040/rp2040_usb.c.obj
                0x200007ec                _hw_endpoint_buffer_control_update32
 .time_critical.hw_endpoint_start_next_buffer
                0x20000844       0x88 Tablero/CMakeFiles/lavadora.dir/C_/Program_Files/Raspberry_Pi/Pico_SDK_v1.5.1/pico-sdk/lib/tinyusb/src/portable/raspberrypi/rp2040/rp2040_usb.c.obj
                0x20000844                hw_endpoint_start_next_buffer
 .time_critical.hw_endpoint_xfer_continue
                0x200008cc       0x50 Tablero/CMakeFiles/lavadora.dir/C_/Program_Files/Raspberry_Pi/Pico_SDK_v1.5.1/pico-sdk/lib/tinyusb/src/portable/raspberrypi/rp2040/rp2040_usb.c.obj
                0x200008cc                hw_endpoint_xfer_continue
 .time_critical.tinyusb
                0x2000091c      0x200 Tablero/CMakeFiles/lavadora.dir/C_/Program_Files/Raspberry_Pi/Pico_SDK_v1.5.1/pico-sdk/lib/tinyusb/src/device/usbd.c.obj
                0x2000091c                dcd_event_handler
 *(.text*)